###############################################################################
#
# IAR ELF Linker V9.32.1.338/W64 for ARM                  27/Jan/2023  15:12:04
# Copyright 2007-2022 IAR Systems AB.
#
#    Output file  =
#        D:\Work\Programming\LORA\LORA SX1276\EWARM\STM32L151
#        LORA\Exe\STM32L151 LORA.out
#    Map file     =
#        D:\Work\Programming\LORA\LORA SX1276\EWARM\STM32L151
#        LORA\List\STM32L151 LORA.map
#    Command line =
#        -f "D:\Work\Programming\LORA\LORA SX1276\EWARM\STM32L151
#        LORA\Exe\STM32L151 LORA.out.rsp" ("D:\Work\Programming\LORA\LORA
#        SX1276\EWARM\STM32L151 LORA\Obj\Application\User\Core\gpio.o"
#        "D:\Work\Programming\LORA\LORA SX1276\EWARM\STM32L151
#        LORA\Obj\Application\User\Core\LORA SX1276.o"
#        "D:\Work\Programming\LORA\LORA SX1276\EWARM\STM32L151
#        LORA\Obj\Application\User\Core\main.o" "D:\Work\Programming\LORA\LORA
#        SX1276\EWARM\STM32L151 LORA\Obj\Application\User\Core\SPI1.o"
#        "D:\Work\Programming\LORA\LORA SX1276\EWARM\STM32L151
#        LORA\Obj\Application\EWARM\startup_stm32l151xb.o"
#        "D:\Work\Programming\LORA\LORA SX1276\EWARM\STM32L151
#        LORA\Obj\Drivers\STM32L1xx_HAL_Driver\stm32l1xx_hal.o"
#        "D:\Work\Programming\LORA\LORA SX1276\EWARM\STM32L151
#        LORA\Obj\Drivers\STM32L1xx_HAL_Driver\stm32l1xx_hal_cortex.o"
#        "D:\Work\Programming\LORA\LORA SX1276\EWARM\STM32L151
#        LORA\Obj\Drivers\STM32L1xx_HAL_Driver\stm32l1xx_hal_dma.o"
#        "D:\Work\Programming\LORA\LORA SX1276\EWARM\STM32L151
#        LORA\Obj\Drivers\STM32L1xx_HAL_Driver\stm32l1xx_hal_exti.o"
#        "D:\Work\Programming\LORA\LORA SX1276\EWARM\STM32L151
#        LORA\Obj\Drivers\STM32L1xx_HAL_Driver\stm32l1xx_hal_flash.o"
#        "D:\Work\Programming\LORA\LORA SX1276\EWARM\STM32L151
#        LORA\Obj\Drivers\STM32L1xx_HAL_Driver\stm32l1xx_hal_flash_ex.o"
#        "D:\Work\Programming\LORA\LORA SX1276\EWARM\STM32L151
#        LORA\Obj\Drivers\STM32L1xx_HAL_Driver\stm32l1xx_hal_flash_ramfunc.o"
#        "D:\Work\Programming\LORA\LORA SX1276\EWARM\STM32L151
#        LORA\Obj\Drivers\STM32L1xx_HAL_Driver\stm32l1xx_hal_gpio.o"
#        "D:\Work\Programming\LORA\LORA SX1276\EWARM\STM32L151
#        LORA\Obj\Application\User\Core\stm32l1xx_hal_msp.o"
#        "D:\Work\Programming\LORA\LORA SX1276\EWARM\STM32L151
#        LORA\Obj\Drivers\STM32L1xx_HAL_Driver\stm32l1xx_hal_pwr.o"
#        "D:\Work\Programming\LORA\LORA SX1276\EWARM\STM32L151
#        LORA\Obj\Drivers\STM32L1xx_HAL_Driver\stm32l1xx_hal_pwr_ex.o"
#        "D:\Work\Programming\LORA\LORA SX1276\EWARM\STM32L151
#        LORA\Obj\Drivers\STM32L1xx_HAL_Driver\stm32l1xx_hal_rcc.o"
#        "D:\Work\Programming\LORA\LORA SX1276\EWARM\STM32L151
#        LORA\Obj\Drivers\STM32L1xx_HAL_Driver\stm32l1xx_hal_rcc_ex.o"
#        "D:\Work\Programming\LORA\LORA SX1276\EWARM\STM32L151
#        LORA\Obj\Drivers\STM32L1xx_HAL_Driver\stm32l1xx_hal_tim.o"
#        "D:\Work\Programming\LORA\LORA SX1276\EWARM\STM32L151
#        LORA\Obj\Drivers\STM32L1xx_HAL_Driver\stm32l1xx_hal_tim_ex.o"
#        "D:\Work\Programming\LORA\LORA SX1276\EWARM\STM32L151
#        LORA\Obj\Drivers\STM32L1xx_HAL_Driver\stm32l1xx_hal_uart.o"
#        "D:\Work\Programming\LORA\LORA SX1276\EWARM\STM32L151
#        LORA\Obj\Application\User\Core\stm32l1xx_it.o"
#        "D:\Work\Programming\LORA\LORA SX1276\EWARM\STM32L151
#        LORA\Obj\Drivers\CMSIS\system_stm32l1xx.o"
#        "D:\Work\Programming\LORA\LORA SX1276\EWARM\STM32L151
#        LORA\Obj\Application\User\Core\usart.o" --no_out_extension -o
#        "D:\Work\Programming\LORA\LORA SX1276\EWARM\STM32L151
#        LORA\Exe\STM32L151 LORA.out" --redirect _Printf=_PrintfFullNoMb
#        --redirect _Scanf=_ScanfFullNoMb --map "D:\Work\Programming\LORA\LORA
#        SX1276\EWARM\STM32L151 LORA\List\STM32L151 LORA.map" --config
#        "D:\Work\Programming\LORA\LORA SX1276\EWARM/stm32l151xb_flash.icf"
#        --semihosting --entry __iar_program_start --vfe --text_out locale
#        --cpu=Cortex-M3 --fpu=None)
#
###############################################################################

*******************************************************************************
*** RUNTIME MODEL ATTRIBUTES
***

CppFlavor       = *
__CPP_Runtime   = 1
__SystemLibrary = DLib
__dlib_version  = 6


*******************************************************************************
*** HEAP SELECTION
***

The basic heap was selected because --advanced_heap
was not specified and the application did not appear to
be primarily optimized for speed.


*******************************************************************************
*** PLACEMENT SUMMARY
***

"A0":  place at address 0x800'0000 { ro section .intvec };
"P1":  place in [from 0x800'0000 to 0x801'ffff] { ro };
define block CSTACK with size = 1K, alignment = 8 { };
define block HEAP with size = 512, alignment = 8 { };
"P2":  place in [from 0x2000'0000 to 0x2000'3fff] {
          rw, block CSTACK, block HEAP };
initialize by copy { rw };

  Section            Kind         Address    Size  Object
  -------            ----         -------    ----  ------
"A0":                                        0xf4
  .intvec            ro code   0x800'0000    0xf4  startup_stm32l151xb.o [1]
                             - 0x800'00f4    0xf4

"P1":                                      0x218e
  .text              ro code   0x800'00f4   0x858  stm32l1xx_hal_rcc.o [4]
  .text              ro code   0x800'094c     0xc  stm32l1xx_hal.o [4]
  .text              ro code   0x800'0958    0x60  stm32l1xx_hal.o [4]
  .text              ro code   0x800'09b8   0x230  I64DivMod.o [6]
  .text              ro code   0x800'0be8   0x158  stm32l1xx_hal_cortex.o [4]
  .text              ro code   0x800'0d40     0x2  I64DivZer.o [6]
  .text              ro code   0x800'0d42    0x3a  packbits_init_single.o [6]
  .text              ro code   0x800'0d7c   0x6f4  stm32l1xx_hal_uart.o [4]
  .text              ro code   0x800'1470   0x170  usart.o [2]
  .text              ro code   0x800'15e0    0xb2  stm32l1xx_hal_dma.o [4]
  .text              ro code   0x800'1692     0x2  stm32l1xx_hal_uart.o [4]
  .text              ro code   0x800'1694     0x2  stm32l1xx_hal_uart.o [4]
  .text              ro code   0x800'1696     0x2  stm32l1xx_hal_uart.o [4]
  .text              ro code   0x800'1698   0x138  main.o [2]
  .text              ro code   0x800'17d0    0x14  memset.o [6]
  .text              ro code   0x800'17e4   0x1d4  stm32l1xx_hal_gpio.o [4]
  .text              ro code   0x800'19b8    0x24  stm32l1xx_hal.o [4]
  .text              ro code   0x800'19dc   0x202  gpio.o [2]
  .text              ro code   0x800'1be0   0x1bc  SPI1.o [2]
  .text              ro code   0x800'1d9c   0x1ec  LORA SX1276.o [2]
  .text              ro code   0x800'1f88    0x28  stm32l1xx_hal.o [4]
  .text              ro code   0x800'1fb0    0x66  ABImemset.o [6]
  .text              ro code   0x800'2018    0x48  stm32l1xx_hal_msp.o [2]
  .text              ro code   0x800'2060    0x38  zero_init3.o [6]
  .text              ro code   0x800'2098    0x28  stm32l1xx_it.o [2]
  .text              ro code   0x800'20c0    0x18  stm32l1xx_hal.o [4]
  .text              ro code   0x800'20d8    0x28  data_init.o [6]
  .iar.init_table    const     0x800'2100    0x20  - Linker created -
  .text              ro code   0x800'2120    0x1e  cmain.o [6]
  .text              ro code   0x800'213e     0x4  low_level_init.o [5]
  .text              ro code   0x800'2142     0x4  exit.o [5]
  .text              ro code   0x800'2148     0xa  cexit.o [6]
  .text              ro code   0x800'2154    0x14  exit.o [7]
  .text              ro code   0x800'2168    0x1c  cstartup_M.o [6]
  .rodata            const     0x800'2184    0x10  system_stm32l1xx.o [3]
  .text              ro code   0x800'2194    0x10  startup_stm32l151xb.o [1]
  .text              ro code   0x800'21a4    0x10  system_stm32l1xx.o [3]
  .rodata            const     0x800'21b4     0xc  system_stm32l1xx.o [3]
  .rodata            const     0x800'21c0     0x8  system_stm32l1xx.o [3]
  .text              ro code   0x800'21c8     0x4  startup_stm32l151xb.o [1]
  .text              ro code   0x800'21cc     0x4  startup_stm32l151xb.o [1]
  .text              ro code   0x800'21d0     0x4  startup_stm32l151xb.o [1]
  .text              ro code   0x800'21d4     0x4  startup_stm32l151xb.o [1]
  .text              ro code   0x800'21d8     0x4  startup_stm32l151xb.o [1]
  .text              ro code   0x800'21dc     0x4  startup_stm32l151xb.o [1]
  .text              ro code   0x800'21e0     0x4  startup_stm32l151xb.o [1]
  .text              ro code   0x800'21e4     0x4  startup_stm32l151xb.o [1]
  .text              ro code   0x800'21e8     0x4  startup_stm32l151xb.o [1]
  .text              ro code   0x800'21ec     0x4  startup_stm32l151xb.o [1]
  .text              ro code   0x800'21f0     0x4  startup_stm32l151xb.o [1]
  .text              ro code   0x800'21f4     0x4  startup_stm32l151xb.o [1]
  .text              ro code   0x800'21f8     0x4  startup_stm32l151xb.o [1]
  .text              ro code   0x800'21fc     0x4  startup_stm32l151xb.o [1]
  .text              ro code   0x800'2200     0x4  startup_stm32l151xb.o [1]
  .text              ro code   0x800'2204     0x4  startup_stm32l151xb.o [1]
  .text              ro code   0x800'2208     0x4  startup_stm32l151xb.o [1]
  .text              ro code   0x800'220c     0x4  startup_stm32l151xb.o [1]
  .text              ro code   0x800'2210     0x4  startup_stm32l151xb.o [1]
  .text              ro code   0x800'2214     0x4  startup_stm32l151xb.o [1]
  .text              ro code   0x800'2218     0x4  startup_stm32l151xb.o [1]
  .text              ro code   0x800'221c     0x4  startup_stm32l151xb.o [1]
  .text              ro code   0x800'2220     0x4  startup_stm32l151xb.o [1]
  .text              ro code   0x800'2224     0x4  startup_stm32l151xb.o [1]
  .text              ro code   0x800'2228     0x4  startup_stm32l151xb.o [1]
  .text              ro code   0x800'222c     0x4  startup_stm32l151xb.o [1]
  .text              ro code   0x800'2230     0x4  startup_stm32l151xb.o [1]
  .text              ro code   0x800'2234     0x4  startup_stm32l151xb.o [1]
  .text              ro code   0x800'2238     0x4  startup_stm32l151xb.o [1]
  .text              ro code   0x800'223c     0x4  startup_stm32l151xb.o [1]
  .text              ro code   0x800'2240     0x4  startup_stm32l151xb.o [1]
  .text              ro code   0x800'2244     0x4  startup_stm32l151xb.o [1]
  .text              ro code   0x800'2248     0x4  startup_stm32l151xb.o [1]
  .text              ro code   0x800'224c     0x4  startup_stm32l151xb.o [1]
  .text              ro code   0x800'2250     0x4  startup_stm32l151xb.o [1]
  .text              ro code   0x800'2254     0x4  startup_stm32l151xb.o [1]
  .text              ro code   0x800'2258     0x4  startup_stm32l151xb.o [1]
  .text              ro code   0x800'225c     0x4  startup_stm32l151xb.o [1]
  .text              ro code   0x800'2260     0x4  startup_stm32l151xb.o [1]
  .text              ro code   0x800'2264     0x4  startup_stm32l151xb.o [1]
  .text              ro code   0x800'2268     0x4  startup_stm32l151xb.o [1]
  .rodata            const     0x800'226c     0x0  zero_init3.o [6]
  .rodata            const     0x800'226c     0x0  packbits_init_single.o [6]
  Initializer bytes  const     0x800'226c    0x16  <for P2-1>
                             - 0x800'2282  0x218e

"P2", part 1 of 3:                           0x74
  P2-1                        0x2000'0000    0x74  <Init block>
    .data            inited   0x2000'0000    0x64  main.o [2]
    .data            inited   0x2000'0064     0x4  main.o [2]
    .data            inited   0x2000'0068     0x4  stm32l1xx_hal.o [4]
    .data            inited   0x2000'006c     0x4  stm32l1xx_hal.o [4]
    .data            inited   0x2000'0070     0x4  system_stm32l1xx.o [3]
                            - 0x2000'0074    0x74

"P2", part 2 of 3:                           0x4c
  .bss               zero     0x2000'0074    0x44  usart.o [2]
  .bss               zero     0x2000'00b8     0x4  stm32l1xx_hal.o [4]
  .bss               zero     0x2000'00bc     0x1  main.o [2]
  .bss               zero     0x2000'00bd     0x1  main.o [2]
  .bss               zero     0x2000'00be     0x1  main.o [2]
                            - 0x2000'00bf    0x4b

"P2", part 3 of 3:                          0x400
  CSTACK                      0x2000'00c0   0x400  <Block>
    CSTACK           uninit   0x2000'00c0   0x400  <Block tail>
                            - 0x2000'04c0   0x400

Unused ranges:

         From           To      Size
         ----           --      ----
   0x800'2282   0x801'ffff  0x1'dd7e
  0x2000'04c0  0x2000'3fff    0x3b40


*******************************************************************************
*** INIT TABLE
***

          Address      Size
          -------      ----
Zero (__iar_zero_init3)
    1 destination range, total size 0x4b:
          0x2000'0074  0x4b

Copy/packbits (__iar_packbits_init_single3)
    1 source range, total size 0x16 (18% of destination):
           0x800'226c  0x16
    1 destination range, total size 0x74:
          0x2000'0000  0x74



*******************************************************************************
*** MODULE SUMMARY
***

    Module                  ro code  ro data  rw data
    ------                  -------  -------  -------
command line/config:
    -------------------------------------------------
    Total:

D:\Work\Programming\LORA\LORA SX1276\EWARM\STM32L151 LORA\Obj\Application\EWARM: [1]
    startup_stm32l151xb.o       424
    -------------------------------------------------
    Total:                      424

D:\Work\Programming\LORA\LORA SX1276\EWARM\STM32L151 LORA\Obj\Application\User\Core: [2]
    LORA SX1276.o               492
    SPI1.o                      444
    gpio.o                      514
    main.o                      312       19      107
    stm32l1xx_hal_msp.o          72
    stm32l1xx_it.o               40
    usart.o                     368                68
    -------------------------------------------------
    Total:                    2'242       19      175

D:\Work\Programming\LORA\LORA SX1276\EWARM\STM32L151 LORA\Obj\Drivers\CMSIS: [3]
    system_stm32l1xx.o           16       37        4
    -------------------------------------------------
    Total:                       16       37        4

D:\Work\Programming\LORA\LORA SX1276\EWARM\STM32L151 LORA\Obj\Drivers\STM32L1xx_HAL_Driver: [4]
    stm32l1xx_hal.o             208        2       12
    stm32l1xx_hal_cortex.o      344
    stm32l1xx_hal_dma.o         178
    stm32l1xx_hal_gpio.o        468
    stm32l1xx_hal_rcc.o       2'136
    stm32l1xx_hal_uart.o      1'786
    -------------------------------------------------
    Total:                    5'120        2       12

dl7M_tln.a: [5]
    exit.o                        4
    low_level_init.o              4
    -------------------------------------------------
    Total:                        8

rt7M_tl.a: [6]
    ABImemset.o                 102
    I64DivMod.o                 560
    I64DivZer.o                   2
    cexit.o                      10
    cmain.o                      30
    cstartup_M.o                 28
    data_init.o                  40
    memset.o                     20
    packbits_init_single.o       58
    zero_init3.o                 56
    -------------------------------------------------
    Total:                      906

shb_l.a: [7]
    exit.o                       20
    -------------------------------------------------
    Total:                       20

    Gaps                          8
    Linker created                        32    1'024
-----------------------------------------------------
    Grand Total:              8'744       90    1'215


*******************************************************************************
*** ENTRY LIST
***

Entry                       Address   Size  Type      Object
-----                       -------   ----  ----      ------
.iar.init_table$$Base    0x800'2100          --   Gb  - Linker created -
.iar.init_table$$Limit   0x800'2120          --   Gb  - Linker created -
?main                    0x800'2121         Code  Gb  cmain.o [6]
ADC1_IRQHandler          0x800'220d         Code  Wk  startup_stm32l151xb.o [1]
AHBPrescTable            0x800'2184   0x10  Data  Gb  system_stm32l1xx.o [3]
APBPrescTable            0x800'21c0    0x8  Data  Gb  system_stm32l1xx.o [3]
BusFault_Handler         0x800'209f    0x2  Code  Gb  stm32l1xx_it.o [2]
COMP_IRQHandler          0x800'221d         Code  Wk  startup_stm32l151xb.o [1]
CSTACK$$Base            0x2000'00c0          --   Gb  - Linker created -
CSTACK$$Limit           0x2000'04c0          --   Gb  - Linker created -
DAC_IRQHandler           0x800'2219         Code  Wk  startup_stm32l151xb.o [1]
DMA1_Channel1_IRQHandler
                         0x800'21f1         Code  Wk  startup_stm32l151xb.o [1]
DMA1_Channel2_IRQHandler
                         0x800'21f5         Code  Wk  startup_stm32l151xb.o [1]
DMA1_Channel3_IRQHandler
                         0x800'21f9         Code  Wk  startup_stm32l151xb.o [1]
DMA1_Channel4_IRQHandler
                         0x800'21fd         Code  Wk  startup_stm32l151xb.o [1]
DMA1_Channel5_IRQHandler
                         0x800'2201         Code  Wk  startup_stm32l151xb.o [1]
DMA1_Channel6_IRQHandler
                         0x800'2205         Code  Wk  startup_stm32l151xb.o [1]
DMA1_Channel7_IRQHandler
                         0x800'2209         Code  Wk  startup_stm32l151xb.o [1]
DebugMon_Handler         0x800'20a5    0x2  Code  Gb  stm32l1xx_it.o [2]
Delay_a                  0x800'1bc5   0x1a  Code  Gb  gpio.o [2]
EXTI0_IRQHandler         0x800'177d   0x18  Code  Gb  main.o [2]
EXTI15_10_IRQHandler     0x800'1795   0x1a  Code  Gb  main.o [2]
EXTI1_IRQHandler         0x800'21e1         Code  Wk  startup_stm32l151xb.o [1]
EXTI2_IRQHandler         0x800'21e5         Code  Wk  startup_stm32l151xb.o [1]
EXTI3_IRQHandler         0x800'21e9         Code  Wk  startup_stm32l151xb.o [1]
EXTI4_IRQHandler         0x800'21ed         Code  Wk  startup_stm32l151xb.o [1]
EXTI9_5_IRQHandler       0x800'2221         Code  Wk  startup_stm32l151xb.o [1]
Error_Handler            0x800'17cd    0x4  Code  Gb  main.o [2]
FLASH_IRQHandler         0x800'21d9         Code  Wk  startup_stm32l151xb.o [1]
HAL_DMA_Abort            0x800'15e1   0x54  Code  Gb  stm32l1xx_hal_dma.o [4]
HAL_DMA_Abort_IT         0x800'1635   0x5e  Code  Gb  stm32l1xx_hal_dma.o [4]
HAL_Delay                0x800'1f89   0x28  Code  Wk  stm32l1xx_hal.o [4]
HAL_GPIO_Init            0x800'17e5  0x1a6  Code  Gb  stm32l1xx_hal_gpio.o [4]
HAL_GetTick              0x800'094d    0xc  Code  Wk  stm32l1xx_hal.o [4]
HAL_IncTick              0x800'20c1   0x18  Code  Wk  stm32l1xx_hal.o [4]
HAL_Init                 0x800'19b9   0x24  Code  Gb  stm32l1xx_hal.o [4]
HAL_InitTick             0x800'0959   0x60  Code  Wk  stm32l1xx_hal.o [4]
HAL_MspInit              0x800'2019   0x48  Code  Gb  stm32l1xx_hal_msp.o [2]
HAL_NVIC_EnableIRQ       0x800'0d05    0xe  Code  Gb  stm32l1xx_hal_cortex.o [4]
HAL_NVIC_SetPriority     0x800'0cdb   0x2a  Code  Gb  stm32l1xx_hal_cortex.o [4]
HAL_NVIC_SetPriorityGrouping
                         0x800'0ccf    0xc  Code  Gb  stm32l1xx_hal_cortex.o [4]
HAL_RCC_ClockConfig      0x800'060b  0x1c6  Code  Gb  stm32l1xx_hal_rcc.o [4]
HAL_RCC_GetHCLKFreq      0x800'084b    0x6  Code  Gb  stm32l1xx_hal_rcc.o [4]
HAL_RCC_GetPCLK1Freq     0x800'0851   0x16  Code  Gb  stm32l1xx_hal_rcc.o [4]
HAL_RCC_GetPCLK2Freq     0x800'0867   0x16  Code  Gb  stm32l1xx_hal_rcc.o [4]
HAL_RCC_GetSysClockFreq
                         0x800'07d1   0x7a  Code  Gb  stm32l1xx_hal_rcc.o [4]
HAL_RCC_OscConfig        0x800'00f5  0x516  Code  Gb  stm32l1xx_hal_rcc.o [4]
HAL_SYSTICK_Config       0x800'0d13    0xc  Code  Gb  stm32l1xx_hal_cortex.o [4]
HAL_UARTEx_RxEventCallback
                         0x800'1697    0x2  Code  Wk  stm32l1xx_hal_uart.o [4]
HAL_UART_AbortReceiveCpltCallback
                         0x800'1693    0x2  Code  Wk  stm32l1xx_hal_uart.o [4]
HAL_UART_AbortReceive_IT
                         0x800'0e3b   0x92  Code  Gb  stm32l1xx_hal_uart.o [4]
HAL_UART_ErrorCallback   0x800'1695    0x2  Code  Wk  stm32l1xx_hal_uart.o [4]
HAL_UART_IDLE_Callback   0x800'1515   0x56  Code  Gb  usart.o [2]
HAL_UART_IRQHandler      0x800'0ecd  0x232  Code  Gb  stm32l1xx_hal_uart.o [4]
HAL_UART_Init            0x800'0d7d   0x76  Code  Gb  stm32l1xx_hal_uart.o [4]
HAL_UART_MspInit         0x800'14a5   0x70  Code  Gb  usart.o [2]
HAL_UART_Receive_IT      0x800'0df3   0x48  Code  Gb  stm32l1xx_hal_uart.o [4]
HAL_UART_RxCpltCallback
                         0x800'156b   0x52  Code  Gb  usart.o [2]
HardFault_Handler        0x800'209b    0x2  Code  Gb  stm32l1xx_it.o [2]
I2C1_ER_IRQHandler       0x800'2241         Code  Wk  startup_stm32l151xb.o [1]
I2C1_EV_IRQHandler       0x800'223d         Code  Wk  startup_stm32l151xb.o [1]
I2C2_ER_IRQHandler       0x800'2249         Code  Wk  startup_stm32l151xb.o [1]
I2C2_EV_IRQHandler       0x800'2245         Code  Wk  startup_stm32l151xb.o [1]
LED_config               0x800'1a41   0x80  Code  Gb  gpio.o [2]
Lora_init                0x800'1d9d   0xfa  Code  Gb  LORA SX1276.o [2]
Lora_reset               0x800'1f49   0x34  Code  Gb  LORA SX1276.o [2]
Lora_transmit            0x800'1e97   0xb2  Code  Gb  LORA SX1276.o [2]
MCO_config               0x800'1b2b   0x58  Code  Gb  gpio.o [2]
MX_GPIO_Init             0x800'1a27   0x1a  Code  Gb  gpio.o [2]
MX_USART2_UART_Init      0x800'1471   0x34  Code  Gb  usart.o [2]
MemManage_Handler        0x800'209d    0x2  Code  Gb  stm32l1xx_it.o [2]
NMI_Handler              0x800'2099    0x2  Code  Gb  stm32l1xx_it.o [2]
NVIC_EncodePriority      0x800'0c5f   0x40  Code  Lc  stm32l1xx_hal_cortex.o [4]
PLLMulTable              0x800'21b4    0xc  Data  Gb  system_stm32l1xx.o [3]
PVD_IRQHandler           0x800'21cd         Code  Wk  startup_stm32l151xb.o [1]
PendSV_Handler           0x800'20a7    0x2  Code  Gb  stm32l1xx_it.o [2]
RCC_IRQHandler           0x800'21dd         Code  Wk  startup_stm32l151xb.o [1]
RCC_SetFlashLatencyFromMSIRange
                         0x800'087d   0x86  Code  Lc  stm32l1xx_hal_rcc.o [4]
RTC_Alarm_IRQHandler     0x800'225d         Code  Wk  startup_stm32l151xb.o [1]
RTC_WKUP_IRQHandler      0x800'21d5         Code  Wk  startup_stm32l151xb.o [1]
Region$$Table$$Base      0x800'2100          --   Gb  - Linker created -
Region$$Table$$Limit     0x800'2120          --   Gb  - Linker created -
Reset_Handler            0x800'2195         Code  Wk  startup_stm32l151xb.o [1]
SPI1_IRQHandler          0x800'224d         Code  Wk  startup_stm32l151xb.o [1]
SPI1_Read                0x800'1cbb   0x58  Code  Gb  SPI1.o [2]
SPI1_Write               0x800'1d13   0x52  Code  Gb  SPI1.o [2]
SPI2_IRQHandler          0x800'2251         Code  Wk  startup_stm32l151xb.o [1]
SPI_GPIO_config          0x800'1c2b   0x64  Code  Gb  SPI1.o [2]
SPI_config               0x800'1c8f   0x2c  Code  Gb  SPI1.o [2]
SVC_Handler              0x800'20a3    0x2  Code  Gb  stm32l1xx_it.o [2]
SysTick_Config           0x800'0c9f   0x30  Code  Lc  stm32l1xx_hal_cortex.o [4]
SysTick_Handler          0x800'20a9    0x8  Code  Gb  stm32l1xx_it.o [2]
SystemClock_Config       0x800'1701   0x7a  Code  Gb  main.o [2]
SystemCoreClock         0x2000'0070    0x4  Data  Gb  system_stm32l1xx.o [3]
SystemInit               0x800'21a5    0xa  Code  Gb  system_stm32l1xx.o [3]
TAMPER_STAMP_IRQHandler
                         0x800'21d1         Code  Wk  startup_stm32l151xb.o [1]
TIM10_IRQHandler         0x800'2229         Code  Wk  startup_stm32l151xb.o [1]
TIM11_IRQHandler         0x800'222d         Code  Wk  startup_stm32l151xb.o [1]
TIM2_IRQHandler          0x800'2231         Code  Wk  startup_stm32l151xb.o [1]
TIM3_IRQHandler          0x800'2235         Code  Wk  startup_stm32l151xb.o [1]
TIM4_IRQHandler          0x800'2239         Code  Wk  startup_stm32l151xb.o [1]
TIM6_IRQHandler          0x800'2265         Code  Wk  startup_stm32l151xb.o [1]
TIM7_IRQHandler          0x800'2269         Code  Wk  startup_stm32l151xb.o [1]
TIM9_IRQHandler          0x800'2225         Code  Wk  startup_stm32l151xb.o [1]
UART_DMAAbortOnError     0x800'117d   0x16  Code  Lc  stm32l1xx_hal_uart.o [4]
UART_DMARxOnlyAbortCallback
                         0x800'1195   0x1c  Code  Lc  stm32l1xx_hal_uart.o [4]
UART_EndRxTransfer       0x800'1143   0x36  Code  Lc  stm32l1xx_hal_uart.o [4]
UART_Receive_IT          0x800'1217   0xe2  Code  Lc  stm32l1xx_hal_uart.o [4]
UART_SetConfig           0x800'12f9  0x170  Code  Lc  stm32l1xx_hal_uart.o [4]
UART_Start_Receive_IT    0x800'10ff   0x44  Code  Gb  stm32l1xx_hal_uart.o [4]
UART_Transmit_IT         0x800'11b1   0x66  Code  Lc  stm32l1xx_hal_uart.o [4]
USART1_IRQHandler        0x800'2255         Code  Wk  startup_stm32l151xb.o [1]
USART2_IRQHandler        0x800'20b1    0xa  Code  Gb  stm32l1xx_it.o [2]
USART3_IRQHandler        0x800'2259         Code  Wk  startup_stm32l151xb.o [1]
USB_FS_WKUP_IRQHandler   0x800'2261         Code  Wk  startup_stm32l151xb.o [1]
USB_HP_IRQHandler        0x800'2211         Code  Wk  startup_stm32l151xb.o [1]
USB_LP_IRQHandler        0x800'2215         Code  Wk  startup_stm32l151xb.o [1]
UsageFault_Handler       0x800'20a1    0x2  Code  Gb  stm32l1xx_it.o [2]
WWDG_IRQHandler          0x800'21c9         Code  Wk  startup_stm32l151xb.o [1]
__NVIC_EnableIRQ         0x800'19dd   0x1e  Code  Lc  gpio.o [2]
__NVIC_EnableIRQ         0x800'1be1   0x1e  Code  Lc  SPI1.o [2]
__NVIC_EnableIRQ         0x800'0c15   0x1e  Code  Lc  stm32l1xx_hal_cortex.o [4]
__NVIC_GetPriorityGrouping
                         0x800'0c0b    0xa  Code  Lc  stm32l1xx_hal_cortex.o [4]
__NVIC_SetPriority       0x800'19fb   0x2c  Code  Lc  gpio.o [2]
__NVIC_SetPriority       0x800'1bff   0x2c  Code  Lc  SPI1.o [2]
__NVIC_SetPriority       0x800'0c33   0x2c  Code  Lc  stm32l1xx_hal_cortex.o [4]
__NVIC_SetPriorityGrouping
                         0x800'0be9   0x22  Code  Lc  stm32l1xx_hal_cortex.o [4]
__aeabi_ldiv0            0x800'0d41         Code  Gb  I64DivZer.o [6]
__aeabi_memset           0x800'1fb1         Code  Gb  ABImemset.o [6]
__aeabi_uldivmod         0x800'09b9         Code  Gb  I64DivMod.o [6]
__cmain                  0x800'2121         Code  Gb  cmain.o [6]
__exit                   0x800'2155   0x14  Code  Gb  exit.o [7]
__iar_Memset             0x800'1fb1         Code  Gb  ABImemset.o [6]
__iar_Memset_word        0x800'1fb9         Code  Gb  ABImemset.o [6]
__iar_data_init3         0x800'20d9   0x28  Code  Gb  data_init.o [6]
__iar_packbits_init_single3
                         0x800'0d43   0x3a  Code  Gb  packbits_init_single.o [6]
__iar_program_start      0x800'2169         Code  Gb  cstartup_M.o [6]
__iar_zero_init3         0x800'2061   0x38  Code  Gb  zero_init3.o [6]
__low_level_init         0x800'213f    0x4  Code  Gb  low_level_init.o [5]
__vector_table           0x800'0000         Data  Gb  startup_stm32l151xb.o [1]
_call_main               0x800'212d         Code  Gb  cmain.o [6]
_exit                    0x800'2149         Code  Gb  cexit.o [6]
answer                  0x2000'00be    0x1  Data  Gb  main.o [2]
exit                     0x800'2143    0x4  Code  Gb  exit.o [5]
exti_config              0x800'1ac1   0x6a  Code  Gb  gpio.o [2]
flag                    0x2000'00bd    0x1  Data  Gb  main.o [2]
huart2                  0x2000'0074   0x44  Data  Gb  usart.o [2]
main                     0x800'1699   0x68  Code  Gb  main.o [2]
memset                   0x800'17d1   0x14  Code  Gb  memset.o [6]
rx_buffer_len           0x2000'00bc    0x1  Data  Gb  main.o [2]
str_test                0x2000'0064    0x4  Data  Gb  main.o [2]
str_uart                0x2000'0000   0x64  Data  Gb  main.o [2]
uwTick                  0x2000'00b8    0x4  Data  Gb  stm32l1xx_hal.o [4]
uwTickFreq              0x2000'006c    0x4  Data  Gb  stm32l1xx_hal.o [4]
uwTickPrio              0x2000'0068    0x4  Data  Gb  stm32l1xx_hal.o [4]


[1] = D:\Work\Programming\LORA\LORA SX1276\EWARM\STM32L151 LORA\Obj\Application\EWARM
[2] = D:\Work\Programming\LORA\LORA SX1276\EWARM\STM32L151 LORA\Obj\Application\User\Core
[3] = D:\Work\Programming\LORA\LORA SX1276\EWARM\STM32L151 LORA\Obj\Drivers\CMSIS
[4] = D:\Work\Programming\LORA\LORA SX1276\EWARM\STM32L151 LORA\Obj\Drivers\STM32L1xx_HAL_Driver
[5] = dl7M_tln.a
[6] = rt7M_tl.a
[7] = shb_l.a

  8'744 bytes of readonly  code memory
     90 bytes of readonly  data memory
  1'215 bytes of readwrite data memory

Errors: none
Warnings: none
