###############################################################################
#
# IAR ELF Linker V9.20.2.320/W64 for ARM                  10/Jan/2023  12:55:23
# Copyright 2007-2021 IAR Systems AB.
#
#    Output file  =
#        D:\Work\Programming\LORA\LORA SX1276\EWARM\STM32L151
#        LORA\Exe\STM32L151 LORA.out
#    Map file     =
#        D:\Work\Programming\LORA\LORA SX1276\EWARM\STM32L151
#        LORA\List\STM32L151 LORA.map
#    Command line =
#        -f "D:\Work\Programming\LORA\LORA SX1276\EWARM\STM32L151
#        LORA\Exe\STM32L151 LORA.out.rsp" ("D:\Work\Programming\LORA\LORA
#        SX1276\EWARM\STM32L151 LORA\Obj\Application\User\Core\LORA SX1276.o"
#        "D:\Work\Programming\LORA\LORA SX1276\EWARM\STM32L151
#        LORA\Obj\Application\User\Core\main.o" "D:\Work\Programming\LORA\LORA
#        SX1276\EWARM\STM32L151 LORA\Obj\Application\User\Core\SPI1.o"
#        "D:\Work\Programming\LORA\LORA SX1276\EWARM\STM32L151
#        LORA\Obj\Application\EWARM\startup_stm32l151xb.o"
#        "D:\Work\Programming\LORA\LORA SX1276\EWARM\STM32L151
#        LORA\Obj\Drivers\STM32L1xx_HAL_Driver\stm32l1xx_hal.o"
#        "D:\Work\Programming\LORA\LORA SX1276\EWARM\STM32L151
#        LORA\Obj\Drivers\STM32L1xx_HAL_Driver\stm32l1xx_hal_cortex.o"
#        "D:\Work\Programming\LORA\LORA SX1276\EWARM\STM32L151
#        LORA\Obj\Drivers\STM32L1xx_HAL_Driver\stm32l1xx_hal_dma.o"
#        "D:\Work\Programming\LORA\LORA SX1276\EWARM\STM32L151
#        LORA\Obj\Drivers\STM32L1xx_HAL_Driver\stm32l1xx_hal_exti.o"
#        "D:\Work\Programming\LORA\LORA SX1276\EWARM\STM32L151
#        LORA\Obj\Drivers\STM32L1xx_HAL_Driver\stm32l1xx_hal_flash.o"
#        "D:\Work\Programming\LORA\LORA SX1276\EWARM\STM32L151
#        LORA\Obj\Drivers\STM32L1xx_HAL_Driver\stm32l1xx_hal_flash_ex.o"
#        "D:\Work\Programming\LORA\LORA SX1276\EWARM\STM32L151
#        LORA\Obj\Drivers\STM32L1xx_HAL_Driver\stm32l1xx_hal_flash_ramfunc.o"
#        "D:\Work\Programming\LORA\LORA SX1276\EWARM\STM32L151
#        LORA\Obj\Drivers\STM32L1xx_HAL_Driver\stm32l1xx_hal_gpio.o"
#        "D:\Work\Programming\LORA\LORA SX1276\EWARM\STM32L151
#        LORA\Obj\Application\User\Core\stm32l1xx_hal_msp.o"
#        "D:\Work\Programming\LORA\LORA SX1276\EWARM\STM32L151
#        LORA\Obj\Drivers\STM32L1xx_HAL_Driver\stm32l1xx_hal_pwr.o"
#        "D:\Work\Programming\LORA\LORA SX1276\EWARM\STM32L151
#        LORA\Obj\Drivers\STM32L1xx_HAL_Driver\stm32l1xx_hal_pwr_ex.o"
#        "D:\Work\Programming\LORA\LORA SX1276\EWARM\STM32L151
#        LORA\Obj\Drivers\STM32L1xx_HAL_Driver\stm32l1xx_hal_rcc.o"
#        "D:\Work\Programming\LORA\LORA SX1276\EWARM\STM32L151
#        LORA\Obj\Drivers\STM32L1xx_HAL_Driver\stm32l1xx_hal_rcc_ex.o"
#        "D:\Work\Programming\LORA\LORA SX1276\EWARM\STM32L151
#        LORA\Obj\Drivers\STM32L1xx_HAL_Driver\stm32l1xx_hal_tim.o"
#        "D:\Work\Programming\LORA\LORA SX1276\EWARM\STM32L151
#        LORA\Obj\Drivers\STM32L1xx_HAL_Driver\stm32l1xx_hal_tim_ex.o"
#        "D:\Work\Programming\LORA\LORA SX1276\EWARM\STM32L151
#        LORA\Obj\Application\User\Core\stm32l1xx_it.o"
#        "D:\Work\Programming\LORA\LORA SX1276\EWARM\STM32L151
#        LORA\Obj\Drivers\CMSIS\system_stm32l1xx.o" --no_out_extension -o
#        "D:\Work\Programming\LORA\LORA SX1276\EWARM\STM32L151
#        LORA\Exe\STM32L151 LORA.out" --redirect _Printf=_PrintfFullNoMb
#        --redirect _Scanf=_ScanfFullNoMb --map "D:\Work\Programming\LORA\LORA
#        SX1276\EWARM\STM32L151 LORA\List\STM32L151 LORA.map" --config
#        "D:\Work\Programming\LORA\LORA SX1276\EWARM/stm32l151xb_flash.icf"
#        --semihosting --entry __iar_program_start --vfe --text_out locale)
#
###############################################################################

*******************************************************************************
*** RUNTIME MODEL ATTRIBUTES
***

CppFlavor       = *
__CPP_Runtime   = 1
__SystemLibrary = DLib
__dlib_version  = 6


*******************************************************************************
*** HEAP SELECTION
***

The basic heap was selected because some modules are built with
size limitations (and not runtime checking), and --advanced_heap
was not specified.


*******************************************************************************
*** PLACEMENT SUMMARY
***

"A0":  place at address 0x800'0000 { ro section .intvec };
"P1":  place in [from 0x800'0000 to 0x801'ffff] { ro };
define block CSTACK with size = 1K, alignment = 8 { };
define block HEAP with size = 512, alignment = 8 { };
"P2":  place in [from 0x2000'0000 to 0x2000'3fff] {
          rw, block CSTACK, block HEAP };
initialize by copy { rw };

  Section            Kind         Address    Size  Object
  -------            ----         -------    ----  ------
"A0":                                        0xf4
  .intvec            ro code   0x800'0000    0xf4  startup_stm32l151xb.o [1]
                             - 0x800'00f4    0xf4

"P1":                                      0x10db
  .text              ro code   0x800'00f4   0x60c  stm32l1xx_hal_rcc.o [4]
  .text              ro code   0x800'0700     0xc  stm32l1xx_hal.o [4]
  .text              ro code   0x800'070c    0x44  stm32l1xx_hal.o [4]
  .text              ro code   0x800'0750   0x106  I64DivMod_small.o [6]
  .text              ro code   0x800'0856    0x3a  packbits_init_single.o [6]
  .text              ro code   0x800'0890    0xac  stm32l1xx_hal_cortex.o [4]
  .text              ro code   0x800'093c     0x2  I64DivZer.o [6]
  .text              ro code   0x800'0940   0x27c  LORA SX1276.o [2]
  .text              ro code   0x800'0bbc   0x268  SPI1.o [2]
  .text              ro code   0x800'0e24    0x28  stm32l1xx_hal.o [4]
  .text              ro code   0x800'0e4c    0xe4  main.o [2]
  .text              ro code   0x800'0f30    0x1e  stm32l1xx_hal.o [4]
  .text              ro code   0x800'0f4e    0x14  memset.o [6]
  .text              ro code   0x800'0f64    0x44  stm32l1xx_hal_msp.o [2]
  .text              ro code   0x800'0fa8    0x66  ABImemset.o [6]
  .text              ro code   0x800'1010    0x2c  system_stm32l1xx.o [3]
  .text              ro code   0x800'103c    0x28  data_init.o [6]
  .iar.init_table    const     0x800'1064    0x10  - Linker created -
  .text              ro code   0x800'1074    0x1e  cmain.o [6]
  .text              ro code   0x800'1092     0x4  low_level_init.o [5]
  .text              ro code   0x800'1096     0x4  exit.o [5]
  .text              ro code   0x800'109c     0xa  cexit.o [6]
  .text              ro code   0x800'10a8    0x14  exit.o [7]
  .text              ro code   0x800'10bc    0x1c  cstartup_M.o [6]
  .text              ro code   0x800'10d8    0x14  stm32l1xx_it.o [2]
  .text              ro code   0x800'10ec    0x10  stm32l1xx_hal.o [4]
  .text              ro code   0x800'10fc    0x10  startup_stm32l151xb.o [1]
  .text              ro code   0x800'110c     0x4  startup_stm32l151xb.o [1]
  .text              ro code   0x800'1110     0x4  startup_stm32l151xb.o [1]
  .text              ro code   0x800'1114     0x4  startup_stm32l151xb.o [1]
  .text              ro code   0x800'1118     0x4  startup_stm32l151xb.o [1]
  .text              ro code   0x800'111c     0x4  startup_stm32l151xb.o [1]
  .text              ro code   0x800'1120     0x4  startup_stm32l151xb.o [1]
  .text              ro code   0x800'1124     0x4  startup_stm32l151xb.o [1]
  .text              ro code   0x800'1128     0x4  startup_stm32l151xb.o [1]
  .text              ro code   0x800'112c     0x4  startup_stm32l151xb.o [1]
  .text              ro code   0x800'1130     0x4  startup_stm32l151xb.o [1]
  .text              ro code   0x800'1134     0x4  startup_stm32l151xb.o [1]
  .text              ro code   0x800'1138     0x4  startup_stm32l151xb.o [1]
  .text              ro code   0x800'113c     0x4  startup_stm32l151xb.o [1]
  .text              ro code   0x800'1140     0x4  startup_stm32l151xb.o [1]
  .text              ro code   0x800'1144     0x4  startup_stm32l151xb.o [1]
  .text              ro code   0x800'1148     0x4  startup_stm32l151xb.o [1]
  .text              ro code   0x800'114c     0x4  startup_stm32l151xb.o [1]
  .text              ro code   0x800'1150     0x4  startup_stm32l151xb.o [1]
  .text              ro code   0x800'1154     0x4  startup_stm32l151xb.o [1]
  .text              ro code   0x800'1158     0x4  startup_stm32l151xb.o [1]
  .text              ro code   0x800'115c     0x4  startup_stm32l151xb.o [1]
  .text              ro code   0x800'1160     0x4  startup_stm32l151xb.o [1]
  .text              ro code   0x800'1164     0x4  startup_stm32l151xb.o [1]
  .text              ro code   0x800'1168     0x4  startup_stm32l151xb.o [1]
  .text              ro code   0x800'116c     0x4  startup_stm32l151xb.o [1]
  .text              ro code   0x800'1170     0x4  startup_stm32l151xb.o [1]
  .text              ro code   0x800'1174     0x4  startup_stm32l151xb.o [1]
  .text              ro code   0x800'1178     0x4  startup_stm32l151xb.o [1]
  .text              ro code   0x800'117c     0x4  startup_stm32l151xb.o [1]
  .text              ro code   0x800'1180     0x4  startup_stm32l151xb.o [1]
  .text              ro code   0x800'1184     0x4  startup_stm32l151xb.o [1]
  .text              ro code   0x800'1188     0x4  startup_stm32l151xb.o [1]
  .text              ro code   0x800'118c     0x4  startup_stm32l151xb.o [1]
  .text              ro code   0x800'1190     0x4  startup_stm32l151xb.o [1]
  .text              ro code   0x800'1194     0x4  startup_stm32l151xb.o [1]
  .text              ro code   0x800'1198     0x4  startup_stm32l151xb.o [1]
  .text              ro code   0x800'119c     0x4  startup_stm32l151xb.o [1]
  .text              ro code   0x800'11a0     0x4  startup_stm32l151xb.o [1]
  .text              ro code   0x800'11a4     0x4  startup_stm32l151xb.o [1]
  .text              ro code   0x800'11a8     0x4  startup_stm32l151xb.o [1]
  .text              ro code   0x800'11ac     0x4  startup_stm32l151xb.o [1]
  .text              ro code   0x800'11b0     0x4  startup_stm32l151xb.o [1]
  .text              ro code   0x800'11b4     0x4  startup_stm32l151xb.o [1]
  .rodata            const     0x800'11b8     0x0  packbits_init_single.o [6]
  Initializer bytes  const     0x800'11b8    0x17  <for P2-1>
                             - 0x800'11cf  0x10db

"P2", part 1 of 2:                           0x2a
  P2-1                        0x2000'0000    0x2a  <Init block>
    .data            inited   0x2000'0000     0x8  LORA SX1276.o [2]
    .data            inited   0x2000'0008     0xc  stm32l1xx_hal.o [4]
    .data            inited   0x2000'0014     0x4  system_stm32l1xx.o [3]
    .bss             inited   0x2000'0018    0x10  LORA SX1276.o [2]
    .bss             inited   0x2000'0028     0x2  main.o [2]
                            - 0x2000'002a    0x2a

"P2", part 2 of 2:                          0x400
  CSTACK                      0x2000'0030   0x400  <Block>
    CSTACK           uninit   0x2000'0030   0x400  <Block tail>
                            - 0x2000'0430   0x400

Unused ranges:

         From           To      Size
         ----           --      ----
   0x800'11cf   0x801'ffff  0x1'ee31
  0x2000'002a  0x2000'002f       0x6
  0x2000'0430  0x2000'3fff    0x3bd0


*******************************************************************************
*** INIT TABLE
***

          Address      Size
          -------      ----
Copy/packbits (__iar_packbits_init_single3)
    1 source range, total size 0x17 (54% of destination):
           0x800'11b8  0x17
    1 destination range, total size 0x2a:
          0x2000'0000  0x2a



*******************************************************************************
*** MODULE SUMMARY
***

    Module                  ro code  ro data  rw data
    ------                  -------  -------  -------
command line/config:
    -------------------------------------------------
    Total:

D:\Work\Programming\LORA\LORA SX1276\EWARM\STM32L151 LORA\Obj\Application\EWARM: [1]
    startup_stm32l151xb.o       432
    -------------------------------------------------
    Total:                      432

D:\Work\Programming\LORA\LORA SX1276\EWARM\STM32L151 LORA\Obj\Application\User\Core: [2]
    LORA SX1276.o               636       12       24
    SPI1.o                      616
    main.o                      228        2        2
    stm32l1xx_hal_msp.o          68
    stm32l1xx_it.o               20
    -------------------------------------------------
    Total:                    1'568       14       26

D:\Work\Programming\LORA\LORA SX1276\EWARM\STM32L151 LORA\Obj\Drivers\CMSIS: [3]
    system_stm32l1xx.o           44        3        4
    -------------------------------------------------
    Total:                       44        3        4

D:\Work\Programming\LORA\LORA SX1276\EWARM\STM32L151 LORA\Obj\Drivers\STM32L1xx_HAL_Driver: [4]
    stm32l1xx_hal.o             166        6       12
    stm32l1xx_hal_cortex.o      172
    stm32l1xx_hal_rcc.o       1'548
    -------------------------------------------------
    Total:                    1'886        6       12

dl7M_tln.a: [5]
    exit.o                        4
    low_level_init.o              4
    -------------------------------------------------
    Total:                        8

rt7M_tl.a: [6]
    ABImemset.o                 102
    I64DivMod_small.o           262
    I64DivZer.o                   2
    cexit.o                      10
    cmain.o                      30
    cstartup_M.o                 28
    data_init.o                  40
    memset.o                     20
    packbits_init_single.o       58
    -------------------------------------------------
    Total:                      552

shb_l.a: [7]
    exit.o                       20
    -------------------------------------------------
    Total:                       20

    Gaps                         10
    Linker created                        16    1'024
-----------------------------------------------------
    Grand Total:              4'520       39    1'066


*******************************************************************************
*** ENTRY LIST
***

Entry                       Address   Size  Type      Object
-----                       -------   ----  ----      ------
.iar.init_table$$Base    0x800'1064          --   Gb  - Linker created -
.iar.init_table$$Limit   0x800'1074          --   Gb  - Linker created -
?main                    0x800'1075         Code  Gb  cmain.o [6]
AHBPrescTable            0x800'102c   0x10  Data  Gb  system_stm32l1xx.o [3]
BusFault_Handler         0x800'10df    0x2  Code  Gb  stm32l1xx_it.o [2]
CSTACK$$Base            0x2000'0030          --   Gb  - Linker created -
CSTACK$$Limit           0x2000'0430          --   Gb  - Linker created -
DebugMon_Handler         0x800'10e5    0x2  Code  Gb  stm32l1xx_it.o [2]
Delay_a                  0x800'0e0d   0x18  Code  Gb  SPI1.o [2]
EXTI0_IRQHandler         0x800'0efd   0x1e  Code  Gb  main.o [2]
HAL_Delay                0x800'0e25   0x28  Code  Wk  stm32l1xx_hal.o [4]
HAL_GetTick              0x800'0701    0xc  Code  Wk  stm32l1xx_hal.o [4]
HAL_IncTick              0x800'10ed   0x10  Code  Wk  stm32l1xx_hal.o [4]
HAL_Init                 0x800'0f31   0x1e  Code  Gb  stm32l1xx_hal.o [4]
HAL_InitTick             0x800'070d   0x44  Code  Wk  stm32l1xx_hal.o [4]
HAL_MspInit              0x800'0f65   0x44  Code  Gb  stm32l1xx_hal_msp.o [2]
HAL_NVIC_SetPriority     0x800'08c5   0x3a  Code  Gb  stm32l1xx_hal_cortex.o [4]
HAL_NVIC_SetPriorityGrouping
                         0x800'08ab   0x1a  Code  Gb  stm32l1xx_hal_cortex.o [4]
HAL_RCC_ClockConfig      0x800'04a3  0x138  Code  Gb  stm32l1xx_hal_rcc.o [4]
HAL_RCC_GetSysClockFreq
                         0x800'05fd   0x5e  Code  Gb  stm32l1xx_hal_rcc.o [4]
HAL_RCC_OscConfig        0x800'00f5  0x398  Code  Gb  stm32l1xx_hal_rcc.o [4]
HAL_SYSTICK_Config       0x800'08ff   0x28  Code  Gb  stm32l1xx_hal_cortex.o [4]
HardFault_Handler        0x800'10db    0x2  Code  Gb  stm32l1xx_it.o [2]
LED_config               0x800'0d53   0x7e  Code  Gb  SPI1.o [2]
Lora_init                0x800'0941   0xda  Code  Gb  LORA SX1276.o [2]
Lora_recieve             0x800'0ac3   0xb0  Code  Gb  LORA SX1276.o [2]
Lora_reset               0x800'0b73   0x34  Code  Gb  LORA SX1276.o [2]
Lora_transmit            0x800'0a2b   0x80  Code  Gb  LORA SX1276.o [2]
MemManage_Handler        0x800'10dd    0x2  Code  Gb  stm32l1xx_it.o [2]
NMI_Handler              0x800'10d9    0x2  Code  Gb  stm32l1xx_it.o [2]
PLLMulTable              0x800'1020    0xc  Data  Gb  system_stm32l1xx.o [3]
PendSV_Handler           0x800'10e7    0x2  Code  Gb  stm32l1xx_it.o [2]
RCC_SetFlashLatencyFromMSIRange
                         0x800'065b   0x72  Code  Lc  stm32l1xx_hal_rcc.o [4]
Region$$Table$$Base      0x800'1064          --   Gb  - Linker created -
Region$$Table$$Limit     0x800'1074          --   Gb  - Linker created -
SPI_GPIO_config          0x800'0bed   0x98  Code  Gb  SPI1.o [2]
SPI_Read_b               0x800'0cb1   0x32  Code  Gb  SPI1.o [2]
SPI_Write_a              0x800'0d0d   0x30  Code  Gb  SPI1.o [2]
SPI_config               0x800'0c85   0x2c  Code  Gb  SPI1.o [2]
SVC_Handler              0x800'10e3    0x2  Code  Gb  stm32l1xx_it.o [2]
SysTick_Handler          0x800'10e9    0x4  Code  Gb  stm32l1xx_it.o [2]
SystemClock_Config       0x800'0e8f   0x6e  Code  Gb  main.o [2]
SystemCoreClock         0x2000'0014    0x4  Data  Gb  system_stm32l1xx.o [3]
SystemInit               0x800'1011    0xa  Code  Gb  system_stm32l1xx.o [3]
UsageFault_Handler       0x800'10e1    0x2  Code  Gb  stm32l1xx_it.o [2]
__NVIC_EnableIRQ         0x800'0bbd   0x16  Code  Lc  SPI1.o [2]
__NVIC_SetPriority       0x800'0bd3   0x1a  Code  Lc  SPI1.o [2]
__NVIC_SetPriority       0x800'0891   0x1a  Code  Lc  stm32l1xx_hal_cortex.o [4]
__aeabi_ldiv0            0x800'093d         Code  Gb  I64DivZer.o [6]
__aeabi_memset           0x800'0fa9         Code  Gb  ABImemset.o [6]
__cmain                  0x800'1075         Code  Gb  cmain.o [6]
__exit                   0x800'10a9   0x14  Code  Gb  exit.o [7]
__iar_Memset             0x800'0fa9         Code  Gb  ABImemset.o [6]
__iar_Memset_word        0x800'0fb1         Code  Gb  ABImemset.o [6]
__iar_data_init3         0x800'103d   0x28  Code  Gb  data_init.o [6]
__iar_packbits_init_single3
                         0x800'0857   0x3a  Code  Gb  packbits_init_single.o [6]
__iar_program_start      0x800'10bd         Code  Gb  cstartup_M.o [6]
__iar_small_uldivmod     0x800'0751         Code  Gb  I64DivMod_small.o [6]
__low_level_init         0x800'1093    0x4  Code  Gb  low_level_init.o [5]
__vector_table           0x800'0000         Data  Gb  startup_stm32l151xb.o [1]
_call_main               0x800'1081         Code  Gb  cmain.o [6]
_exit                    0x800'109d         Code  Gb  cexit.o [6]
answer                  0x2000'0029    0x1  Data  Gb  main.o [2]
exit                     0x800'1097    0x4  Code  Gb  exit.o [5]
flag                    0x2000'0028    0x1  Data  Gb  main.o [2]
main                     0x800'0e4d   0x42  Code  Gb  main.o [2]
memset                   0x800'0f4f   0x14  Code  Gb  memset.o [6]
str                     0x2000'0000    0x8  Data  Gb  LORA SX1276.o [2]
str_r                   0x2000'0018   0x10  Data  Gb  LORA SX1276.o [2]
uwTick                  0x2000'0008    0x4  Data  Gb  stm32l1xx_hal.o [4]
uwTickFreq              0x2000'0010    0x4  Data  Gb  stm32l1xx_hal.o [4]
uwTickPrio              0x2000'000c    0x4  Data  Gb  stm32l1xx_hal.o [4]


[1] = D:\Work\Programming\LORA\LORA SX1276\EWARM\STM32L151 LORA\Obj\Application\EWARM
[2] = D:\Work\Programming\LORA\LORA SX1276\EWARM\STM32L151 LORA\Obj\Application\User\Core
[3] = D:\Work\Programming\LORA\LORA SX1276\EWARM\STM32L151 LORA\Obj\Drivers\CMSIS
[4] = D:\Work\Programming\LORA\LORA SX1276\EWARM\STM32L151 LORA\Obj\Drivers\STM32L1xx_HAL_Driver
[5] = dl7M_tln.a
[6] = rt7M_tl.a
[7] = shb_l.a

  4'520 bytes of readonly  code memory
     39 bytes of readonly  data memory
  1'066 bytes of readwrite data memory

Errors: none
Warnings: none
