###############################################################################
#
# IAR ELF Linker V9.32.1.338/W64 for ARM                  01/Feb/2023  12:23:58
# Copyright 2007-2022 IAR Systems AB.
#
#    Output file  =
#        D:\Work\Programming\LORA\LORA SX1276\EWARM\STM32L151
#        LORA\Exe\STM32L151 LORA.out
#    Map file     =
#        D:\Work\Programming\LORA\LORA SX1276\EWARM\STM32L151
#        LORA\List\STM32L151 LORA.map
#    Command line =
#        -f "D:\Work\Programming\LORA\LORA SX1276\EWARM\STM32L151
#        LORA\Exe\STM32L151 LORA.out.rsp" ("D:\Work\Programming\LORA\LORA
#        SX1276\EWARM\STM32L151 LORA\Obj\Application\User\Core\Commands.o"
#        "D:\Work\Programming\LORA\LORA SX1276\EWARM\STM32L151
#        LORA\Obj\Application\User\Core\gpio.o" "D:\Work\Programming\LORA\LORA
#        SX1276\EWARM\STM32L151 LORA\Obj\Application\User\Core\LORA SX1276.o"
#        "D:\Work\Programming\LORA\LORA SX1276\EWARM\STM32L151
#        LORA\Obj\Application\User\Core\main.o" "D:\Work\Programming\LORA\LORA
#        SX1276\EWARM\STM32L151 LORA\Obj\Application\User\Core\SPI1.o"
#        "D:\Work\Programming\LORA\LORA SX1276\EWARM\STM32L151
#        LORA\Obj\Application\EWARM\startup_stm32l151xb.o"
#        "D:\Work\Programming\LORA\LORA SX1276\EWARM\STM32L151
#        LORA\Obj\Drivers\STM32L1xx_HAL_Driver\stm32l1xx_hal.o"
#        "D:\Work\Programming\LORA\LORA SX1276\EWARM\STM32L151
#        LORA\Obj\Drivers\STM32L1xx_HAL_Driver\stm32l1xx_hal_cortex.o"
#        "D:\Work\Programming\LORA\LORA SX1276\EWARM\STM32L151
#        LORA\Obj\Drivers\STM32L1xx_HAL_Driver\stm32l1xx_hal_dma.o"
#        "D:\Work\Programming\LORA\LORA SX1276\EWARM\STM32L151
#        LORA\Obj\Drivers\STM32L1xx_HAL_Driver\stm32l1xx_hal_exti.o"
#        "D:\Work\Programming\LORA\LORA SX1276\EWARM\STM32L151
#        LORA\Obj\Drivers\STM32L1xx_HAL_Driver\stm32l1xx_hal_flash.o"
#        "D:\Work\Programming\LORA\LORA SX1276\EWARM\STM32L151
#        LORA\Obj\Drivers\STM32L1xx_HAL_Driver\stm32l1xx_hal_flash_ex.o"
#        "D:\Work\Programming\LORA\LORA SX1276\EWARM\STM32L151
#        LORA\Obj\Drivers\STM32L1xx_HAL_Driver\stm32l1xx_hal_flash_ramfunc.o"
#        "D:\Work\Programming\LORA\LORA SX1276\EWARM\STM32L151
#        LORA\Obj\Drivers\STM32L1xx_HAL_Driver\stm32l1xx_hal_gpio.o"
#        "D:\Work\Programming\LORA\LORA SX1276\EWARM\STM32L151
#        LORA\Obj\Application\User\Core\stm32l1xx_hal_msp.o"
#        "D:\Work\Programming\LORA\LORA SX1276\EWARM\STM32L151
#        LORA\Obj\Drivers\STM32L1xx_HAL_Driver\stm32l1xx_hal_pwr.o"
#        "D:\Work\Programming\LORA\LORA SX1276\EWARM\STM32L151
#        LORA\Obj\Drivers\STM32L1xx_HAL_Driver\stm32l1xx_hal_pwr_ex.o"
#        "D:\Work\Programming\LORA\LORA SX1276\EWARM\STM32L151
#        LORA\Obj\Drivers\STM32L1xx_HAL_Driver\stm32l1xx_hal_rcc.o"
#        "D:\Work\Programming\LORA\LORA SX1276\EWARM\STM32L151
#        LORA\Obj\Drivers\STM32L1xx_HAL_Driver\stm32l1xx_hal_rcc_ex.o"
#        "D:\Work\Programming\LORA\LORA SX1276\EWARM\STM32L151
#        LORA\Obj\Drivers\STM32L1xx_HAL_Driver\stm32l1xx_hal_tim.o"
#        "D:\Work\Programming\LORA\LORA SX1276\EWARM\STM32L151
#        LORA\Obj\Drivers\STM32L1xx_HAL_Driver\stm32l1xx_hal_tim_ex.o"
#        "D:\Work\Programming\LORA\LORA SX1276\EWARM\STM32L151
#        LORA\Obj\Drivers\STM32L1xx_HAL_Driver\stm32l1xx_hal_uart.o"
#        "D:\Work\Programming\LORA\LORA SX1276\EWARM\STM32L151
#        LORA\Obj\Application\User\Core\stm32l1xx_it.o"
#        "D:\Work\Programming\LORA\LORA SX1276\EWARM\STM32L151
#        LORA\Obj\Drivers\CMSIS\system_stm32l1xx.o"
#        "D:\Work\Programming\LORA\LORA SX1276\EWARM\STM32L151
#        LORA\Obj\Application\User\Core\usart.o" --no_out_extension -o
#        "D:\Work\Programming\LORA\LORA SX1276\EWARM\STM32L151
#        LORA\Exe\STM32L151 LORA.out" --redirect _Printf=_PrintfFullNoMb
#        --redirect _Scanf=_ScanfFullNoMb --map "D:\Work\Programming\LORA\LORA
#        SX1276\EWARM\STM32L151 LORA\List\STM32L151 LORA.map" --config
#        "D:\Work\Programming\LORA\LORA SX1276\EWARM/stm32l151xb_flash.icf"
#        --semihosting --entry __iar_program_start --vfe --text_out locale
#        --cpu=Cortex-M3 --fpu=None)
#
###############################################################################

*******************************************************************************
*** RUNTIME MODEL ATTRIBUTES
***

CppFlavor       = *
__CPP_Runtime   = 1
__SystemLibrary = DLib
__dlib_version  = 6


*******************************************************************************
*** HEAP SELECTION
***

The basic heap was selected because --advanced_heap
was not specified and the application did not appear to
be primarily optimized for speed.


*******************************************************************************
*** PLACEMENT SUMMARY
***

"A0":  place at address 0x800'0000 { ro section .intvec };
"P1":  place in [from 0x800'0000 to 0x801'ffff] { ro };
define block CSTACK with size = 1K, alignment = 8 { };
define block HEAP with size = 512, alignment = 8 { };
"P2":  place in [from 0x2000'0000 to 0x2000'3fff] {
          rw, block CSTACK, block HEAP };
initialize by copy { rw };

  Section            Kind         Address    Size  Object
  -------            ----         -------    ----  ------
"A0":                                        0xf4
  .intvec            ro code   0x800'0000    0xf4  startup_stm32l151xb.o [1]
                             - 0x800'00f4    0xf4

"P1":                                      0x294f
  .text              ro code   0x800'00f4   0x858  stm32l1xx_hal_rcc.o [4]
  .text              ro code   0x800'094c     0xc  stm32l1xx_hal.o [4]
  .text              ro code   0x800'0958    0x60  stm32l1xx_hal.o [4]
  .text              ro code   0x800'09b8   0x230  I64DivMod.o [6]
  .text              ro code   0x800'0be8   0x158  stm32l1xx_hal_cortex.o [4]
  .text              ro code   0x800'0d40     0x2  I64DivZer.o [6]
  .text              ro code   0x800'0d42    0x3a  packbits_init_single.o [6]
  .text              ro code   0x800'0d7c   0x838  stm32l1xx_hal_uart.o [4]
  .text              ro code   0x800'15b4   0x170  usart.o [2]
  .text              ro code   0x800'1724    0xb2  stm32l1xx_hal_dma.o [4]
  .text              ro code   0x800'17d6     0x2  stm32l1xx_hal_uart.o [4]
  .text              ro code   0x800'17d8     0x2  stm32l1xx_hal_uart.o [4]
  .text              ro code   0x800'17da     0x2  stm32l1xx_hal_uart.o [4]
  .text              ro code   0x800'17dc   0x1a8  main.o [2]
  .text              ro code   0x800'1984    0x14  memset.o [6]
  .text              ro code   0x800'1998   0x1d4  stm32l1xx_hal_gpio.o [4]
  .text              ro code   0x800'1b6c    0x24  stm32l1xx_hal.o [4]
  .text              ro code   0x800'1b90   0x202  gpio.o [2]
  .text              ro code   0x800'1d94   0x1bc  SPI1.o [2]
  .text              ro code   0x800'1f50   0x3fc  LORA SX1276.o [2]
  .text              ro code   0x800'234c   0x104  Commands.o [2]
  .text              ro code   0x800'2450    0x66  ABImemset.o [6]
  .text              ro code   0x800'24b8    0x48  stm32l1xx_hal_msp.o [2]
  .text              ro code   0x800'2500    0x28  stm32l1xx_hal.o [4]
  .text              ro code   0x800'2528    0xa6  ABImemcpy.o [6]
  .text              ro code   0x800'25ce    0x2a  strncmp.o [5]
  .rodata            const     0x800'25f8    0x4c  Commands.o [2]
  .rodata            const     0x800'2644    0x48  Commands.o [2]
  .rodata            const     0x800'268c    0x44  Commands.o [2]
  .rodata            const     0x800'26d0    0x40  Commands.o [2]
  .text              ro code   0x800'2710    0x38  zero_init3.o [6]
  .rodata            const     0x800'2748    0x34  LORA SX1276.o [2]
  .rodata            const     0x800'277c    0x30  Commands.o [2]
  .rodata            const     0x800'27ac    0x28  Commands.o [2]
  .rodata            const     0x800'27d4    0x28  LORA SX1276.o [2]
  .text              ro code   0x800'27fc    0x28  stm32l1xx_it.o [2]
  .text              ro code   0x800'2824    0x18  stm32l1xx_hal.o [4]
  .text              ro code   0x800'283c    0x28  data_init.o [6]
  .iar.init_table    const     0x800'2864    0x20  - Linker created -
  .rodata            const     0x800'2884    0x20  Commands.o [2]
  .text              ro code   0x800'28a4    0x1e  cmain.o [6]
  .text              ro code   0x800'28c2     0x4  low_level_init.o [5]
  .text              ro code   0x800'28c6     0x4  exit.o [5]
  .text              ro code   0x800'28cc     0xa  cexit.o [6]
  .text              ro code   0x800'28d8    0x14  exit.o [7]
  .text              ro code   0x800'28ec    0x1c  cstartup_M.o [6]
  .rodata            const     0x800'2908    0x14  Commands.o [2]
  .rodata            const     0x800'291c    0x14  LORA SX1276.o [2]
  .rodata            const     0x800'2930    0x10  LORA SX1276.o [2]
  .rodata            const     0x800'2940    0x10  system_stm32l1xx.o [3]
  .text              ro code   0x800'2950    0x10  startup_stm32l151xb.o [1]
  .text              ro code   0x800'2960    0x10  system_stm32l1xx.o [3]
  .rodata            const     0x800'2970     0xc  system_stm32l1xx.o [3]
  .rodata            const     0x800'297c     0x8  Commands.o [2]
  .rodata            const     0x800'2984     0x8  system_stm32l1xx.o [3]
  .text              ro code   0x800'298c     0x4  startup_stm32l151xb.o [1]
  .text              ro code   0x800'2990     0x4  startup_stm32l151xb.o [1]
  .text              ro code   0x800'2994     0x4  startup_stm32l151xb.o [1]
  .text              ro code   0x800'2998     0x4  startup_stm32l151xb.o [1]
  .text              ro code   0x800'299c     0x4  startup_stm32l151xb.o [1]
  .text              ro code   0x800'29a0     0x4  startup_stm32l151xb.o [1]
  .text              ro code   0x800'29a4     0x4  startup_stm32l151xb.o [1]
  .text              ro code   0x800'29a8     0x4  startup_stm32l151xb.o [1]
  .text              ro code   0x800'29ac     0x4  startup_stm32l151xb.o [1]
  .text              ro code   0x800'29b0     0x4  startup_stm32l151xb.o [1]
  .text              ro code   0x800'29b4     0x4  startup_stm32l151xb.o [1]
  .text              ro code   0x800'29b8     0x4  startup_stm32l151xb.o [1]
  .text              ro code   0x800'29bc     0x4  startup_stm32l151xb.o [1]
  .text              ro code   0x800'29c0     0x4  startup_stm32l151xb.o [1]
  .text              ro code   0x800'29c4     0x4  startup_stm32l151xb.o [1]
  .text              ro code   0x800'29c8     0x4  startup_stm32l151xb.o [1]
  .text              ro code   0x800'29cc     0x4  startup_stm32l151xb.o [1]
  .text              ro code   0x800'29d0     0x4  startup_stm32l151xb.o [1]
  .text              ro code   0x800'29d4     0x4  startup_stm32l151xb.o [1]
  .text              ro code   0x800'29d8     0x4  startup_stm32l151xb.o [1]
  .text              ro code   0x800'29dc     0x4  startup_stm32l151xb.o [1]
  .text              ro code   0x800'29e0     0x4  startup_stm32l151xb.o [1]
  .text              ro code   0x800'29e4     0x4  startup_stm32l151xb.o [1]
  .text              ro code   0x800'29e8     0x4  startup_stm32l151xb.o [1]
  .text              ro code   0x800'29ec     0x4  startup_stm32l151xb.o [1]
  .text              ro code   0x800'29f0     0x4  startup_stm32l151xb.o [1]
  .text              ro code   0x800'29f4     0x4  startup_stm32l151xb.o [1]
  .text              ro code   0x800'29f8     0x4  startup_stm32l151xb.o [1]
  .text              ro code   0x800'29fc     0x4  startup_stm32l151xb.o [1]
  .text              ro code   0x800'2a00     0x4  startup_stm32l151xb.o [1]
  .text              ro code   0x800'2a04     0x4  startup_stm32l151xb.o [1]
  .text              ro code   0x800'2a08     0x4  startup_stm32l151xb.o [1]
  .text              ro code   0x800'2a0c     0x4  startup_stm32l151xb.o [1]
  .text              ro code   0x800'2a10     0x4  startup_stm32l151xb.o [1]
  .text              ro code   0x800'2a14     0x4  startup_stm32l151xb.o [1]
  .text              ro code   0x800'2a18     0x4  startup_stm32l151xb.o [1]
  .text              ro code   0x800'2a1c     0x4  startup_stm32l151xb.o [1]
  .text              ro code   0x800'2a20     0x4  startup_stm32l151xb.o [1]
  .text              ro code   0x800'2a24     0x4  startup_stm32l151xb.o [1]
  .text              ro code   0x800'2a28     0x4  startup_stm32l151xb.o [1]
  .text              ro code   0x800'2a2c     0x4  startup_stm32l151xb.o [1]
  .rodata            const     0x800'2a30     0x0  zero_init3.o [6]
  .rodata            const     0x800'2a30     0x0  packbits_init_single.o [6]
  Initializer bytes  const     0x800'2a30    0x13  <for P2-1>
                             - 0x800'2a43  0x294f

"P2", part 1 of 3:                           0x70
  P2-1                        0x2000'0000    0x70  <Init block>
    .data            inited   0x2000'0000    0x64  main.o [2]
    .data            inited   0x2000'0064     0x4  stm32l1xx_hal.o [4]
    .data            inited   0x2000'0068     0x4  stm32l1xx_hal.o [4]
    .data            inited   0x2000'006c     0x4  system_stm32l1xx.o [3]
                            - 0x2000'0070    0x70

"P2", part 2 of 3:                           0xb4
  .bss               zero     0x2000'0070    0x64  main.o [2]
  .bss               zero     0x2000'00d4    0x44  usart.o [2]
  .bss               zero     0x2000'0118     0x4  stm32l1xx_hal.o [4]
  .bss               zero     0x2000'011c     0x1  LORA SX1276.o [2]
  .bss               zero     0x2000'011d     0x1  LORA SX1276.o [2]
  .bss               zero     0x2000'011e     0x1  main.o [2]
  .bss               zero     0x2000'011f     0x1  main.o [2]
  .bss               zero     0x2000'0120     0x1  main.o [2]
  .bss               zero     0x2000'0121     0x1  main.o [2]
  .bss               zero     0x2000'0122     0x1  main.o [2]
                            - 0x2000'0123    0xb3

"P2", part 3 of 3:                          0x400
  CSTACK                      0x2000'0128   0x400  <Block>
    CSTACK           uninit   0x2000'0128   0x400  <Block tail>
                            - 0x2000'0528   0x400

Unused ranges:

         From           To      Size
         ----           --      ----
   0x800'2a43   0x801'ffff  0x1'd5bd
  0x2000'0124  0x2000'0127       0x4
  0x2000'0528  0x2000'3fff    0x3ad8


*******************************************************************************
*** INIT TABLE
***

          Address      Size
          -------      ----
Zero (__iar_zero_init3)
    1 destination range, total size 0xb3:
          0x2000'0070  0xb3

Copy/packbits (__iar_packbits_init_single3)
    1 source range, total size 0x13 (16% of destination):
           0x800'2a30  0x13
    1 destination range, total size 0x70:
          0x2000'0000  0x70



*******************************************************************************
*** MODULE SUMMARY
***

    Module                  ro code  ro data  rw data
    ------                  -------  -------  -------
command line/config:
    -------------------------------------------------
    Total:

D:\Work\Programming\LORA\LORA SX1276\EWARM\STM32L151 LORA\Obj\Application\EWARM: [1]
    startup_stm32l151xb.o       424
    -------------------------------------------------
    Total:                      424

D:\Work\Programming\LORA\LORA SX1276\EWARM\STM32L151 LORA\Obj\Application\User\Core: [2]
    Commands.o                  260      428
    LORA SX1276.o             1'020      128        2
    SPI1.o                      444
    gpio.o                      514
    main.o                      424       16      205
    stm32l1xx_hal_msp.o          72
    stm32l1xx_it.o               40
    usart.o                     368                68
    -------------------------------------------------
    Total:                    3'142      572      275

D:\Work\Programming\LORA\LORA SX1276\EWARM\STM32L151 LORA\Obj\Drivers\CMSIS: [3]
    system_stm32l1xx.o           16       37        4
    -------------------------------------------------
    Total:                       16       37        4

D:\Work\Programming\LORA\LORA SX1276\EWARM\STM32L151 LORA\Obj\Drivers\STM32L1xx_HAL_Driver: [4]
    stm32l1xx_hal.o             208        2       12
    stm32l1xx_hal_cortex.o      344
    stm32l1xx_hal_dma.o         178
    stm32l1xx_hal_gpio.o        468
    stm32l1xx_hal_rcc.o       2'136
    stm32l1xx_hal_uart.o      2'110
    -------------------------------------------------
    Total:                    5'444        2       12

dl7M_tln.a: [5]
    exit.o                        4
    low_level_init.o              4
    strncmp.o                    42
    -------------------------------------------------
    Total:                       50

rt7M_tl.a: [6]
    ABImemcpy.o                 166
    ABImemset.o                 102
    I64DivMod.o                 560
    I64DivZer.o                   2
    cexit.o                      10
    cmain.o                      30
    cstartup_M.o                 28
    data_init.o                  40
    memset.o                     20
    packbits_init_single.o       58
    zero_init3.o                 56
    -------------------------------------------------
    Total:                    1'072

shb_l.a: [7]
    exit.o                       20
    -------------------------------------------------
    Total:                       20

    Gaps                          8
    Linker created                        32    1'024
-----------------------------------------------------
    Grand Total:             10'176      643    1'315


*******************************************************************************
*** ENTRY LIST
***

Entry                       Address   Size  Type      Object
-----                       -------   ----  ----      ------
.iar.init_table$$Base    0x800'2864          --   Gb  - Linker created -
.iar.init_table$$Limit   0x800'2884          --   Gb  - Linker created -
?main                    0x800'28a5         Code  Gb  cmain.o [6]
ADC1_IRQHandler          0x800'29d1         Code  Wk  startup_stm32l151xb.o [1]
AHBPrescTable            0x800'2940   0x10  Data  Gb  system_stm32l1xx.o [3]
APBPrescTable            0x800'2984    0x8  Data  Gb  system_stm32l1xx.o [3]
BusFault_Handler         0x800'2803    0x2  Code  Gb  stm32l1xx_it.o [2]
COMP_IRQHandler          0x800'29e1         Code  Wk  startup_stm32l151xb.o [1]
CSTACK$$Base            0x2000'0128          --   Gb  - Linker created -
CSTACK$$Limit           0x2000'0528          --   Gb  - Linker created -
DAC_IRQHandler           0x800'29dd         Code  Wk  startup_stm32l151xb.o [1]
DMA1_Channel1_IRQHandler
                         0x800'29b5         Code  Wk  startup_stm32l151xb.o [1]
DMA1_Channel2_IRQHandler
                         0x800'29b9         Code  Wk  startup_stm32l151xb.o [1]
DMA1_Channel3_IRQHandler
                         0x800'29bd         Code  Wk  startup_stm32l151xb.o [1]
DMA1_Channel4_IRQHandler
                         0x800'29c1         Code  Wk  startup_stm32l151xb.o [1]
DMA1_Channel5_IRQHandler
                         0x800'29c5         Code  Wk  startup_stm32l151xb.o [1]
DMA1_Channel6_IRQHandler
                         0x800'29c9         Code  Wk  startup_stm32l151xb.o [1]
DMA1_Channel7_IRQHandler
                         0x800'29cd         Code  Wk  startup_stm32l151xb.o [1]
DebugMon_Handler         0x800'2809    0x2  Code  Gb  stm32l1xx_it.o [2]
Delay_a                  0x800'1d79   0x1a  Code  Gb  gpio.o [2]
EXTI0_IRQHandler         0x800'1921   0x18  Code  Gb  main.o [2]
EXTI15_10_IRQHandler     0x800'1939   0x1a  Code  Gb  main.o [2]
EXTI1_IRQHandler         0x800'29a5         Code  Wk  startup_stm32l151xb.o [1]
EXTI2_IRQHandler         0x800'29a9         Code  Wk  startup_stm32l151xb.o [1]
EXTI3_IRQHandler         0x800'29ad         Code  Wk  startup_stm32l151xb.o [1]
EXTI4_IRQHandler         0x800'29b1         Code  Wk  startup_stm32l151xb.o [1]
EXTI9_5_IRQHandler       0x800'29e5         Code  Wk  startup_stm32l151xb.o [1]
Error_Handler            0x800'1981    0x4  Code  Gb  main.o [2]
FLASH_IRQHandler         0x800'299d         Code  Wk  startup_stm32l151xb.o [1]
HAL_DMA_Abort            0x800'1725   0x54  Code  Gb  stm32l1xx_hal_dma.o [4]
HAL_DMA_Abort_IT         0x800'1779   0x5e  Code  Gb  stm32l1xx_hal_dma.o [4]
HAL_Delay                0x800'2501   0x28  Code  Wk  stm32l1xx_hal.o [4]
HAL_GPIO_Init            0x800'1999  0x1a6  Code  Gb  stm32l1xx_hal_gpio.o [4]
HAL_GetTick              0x800'094d    0xc  Code  Wk  stm32l1xx_hal.o [4]
HAL_IncTick              0x800'2825   0x18  Code  Wk  stm32l1xx_hal.o [4]
HAL_Init                 0x800'1b6d   0x24  Code  Gb  stm32l1xx_hal.o [4]
HAL_InitTick             0x800'0959   0x60  Code  Wk  stm32l1xx_hal.o [4]
HAL_MspInit              0x800'24b9   0x48  Code  Gb  stm32l1xx_hal_msp.o [2]
HAL_NVIC_EnableIRQ       0x800'0d05    0xe  Code  Gb  stm32l1xx_hal_cortex.o [4]
HAL_NVIC_SetPriority     0x800'0cdb   0x2a  Code  Gb  stm32l1xx_hal_cortex.o [4]
HAL_NVIC_SetPriorityGrouping
                         0x800'0ccf    0xc  Code  Gb  stm32l1xx_hal_cortex.o [4]
HAL_RCC_ClockConfig      0x800'060b  0x1c6  Code  Gb  stm32l1xx_hal_rcc.o [4]
HAL_RCC_GetHCLKFreq      0x800'084b    0x6  Code  Gb  stm32l1xx_hal_rcc.o [4]
HAL_RCC_GetPCLK1Freq     0x800'0851   0x16  Code  Gb  stm32l1xx_hal_rcc.o [4]
HAL_RCC_GetPCLK2Freq     0x800'0867   0x16  Code  Gb  stm32l1xx_hal_rcc.o [4]
HAL_RCC_GetSysClockFreq
                         0x800'07d1   0x7a  Code  Gb  stm32l1xx_hal_rcc.o [4]
HAL_RCC_OscConfig        0x800'00f5  0x516  Code  Gb  stm32l1xx_hal_rcc.o [4]
HAL_SYSTICK_Config       0x800'0d13    0xc  Code  Gb  stm32l1xx_hal_cortex.o [4]
HAL_UARTEx_RxEventCallback
                         0x800'17db    0x2  Code  Wk  stm32l1xx_hal_uart.o [4]
HAL_UART_AbortReceiveCpltCallback
                         0x800'17d7    0x2  Code  Wk  stm32l1xx_hal_uart.o [4]
HAL_UART_AbortReceive_IT
                         0x800'0f13   0x92  Code  Gb  stm32l1xx_hal_uart.o [4]
HAL_UART_ErrorCallback   0x800'17d9    0x2  Code  Wk  stm32l1xx_hal_uart.o [4]
HAL_UART_IDLE_Callback   0x800'1659   0x56  Code  Gb  usart.o [2]
HAL_UART_IRQHandler      0x800'0fa5  0x232  Code  Gb  stm32l1xx_hal_uart.o [4]
HAL_UART_Init            0x800'0d7d   0x76  Code  Gb  stm32l1xx_hal_uart.o [4]
HAL_UART_MspInit         0x800'15e9   0x70  Code  Gb  usart.o [2]
HAL_UART_Receive_IT      0x800'0ecb   0x48  Code  Gb  stm32l1xx_hal_uart.o [4]
HAL_UART_RxCpltCallback
                         0x800'16af   0x52  Code  Gb  usart.o [2]
HAL_UART_Transmit        0x800'0df3   0xd8  Code  Gb  stm32l1xx_hal_uart.o [4]
HardFault_Handler        0x800'27ff    0x2  Code  Gb  stm32l1xx_it.o [2]
I2C1_ER_IRQHandler       0x800'2a05         Code  Wk  startup_stm32l151xb.o [1]
I2C1_EV_IRQHandler       0x800'2a01         Code  Wk  startup_stm32l151xb.o [1]
I2C2_ER_IRQHandler       0x800'2a0d         Code  Wk  startup_stm32l151xb.o [1]
I2C2_EV_IRQHandler       0x800'2a09         Code  Wk  startup_stm32l151xb.o [1]
LED_config               0x800'1bf5   0x80  Code  Gb  gpio.o [2]
Lora_Show_Firmware_Version
                         0x800'22e7   0x1e  Code  Gb  LORA SX1276.o [2]
Lora_Show_Help           0x800'2305   0x1e  Code  Gb  LORA SX1276.o [2]
Lora_Show_List_of_Commands
                         0x800'234d  0x104  Code  Gb  Commands.o [2]
Lora_init                0x800'1f51   0xfc  Code  Gb  LORA SX1276.o [2]
Lora_recieve             0x800'20ff   0xf2  Code  Gb  LORA SX1276.o [2]
Lora_reset               0x800'21f1   0x34  Code  Gb  LORA SX1276.o [2]
Lora_transmit            0x800'204d   0xb2  Code  Gb  LORA SX1276.o [2]
MCO_config               0x800'1cdf   0x58  Code  Gb  gpio.o [2]
MX_GPIO_Init             0x800'1bdb   0x1a  Code  Gb  gpio.o [2]
MX_USART2_UART_Init      0x800'15b5   0x34  Code  Gb  usart.o [2]
MemManage_Handler        0x800'2801    0x2  Code  Gb  stm32l1xx_it.o [2]
NMI_Handler              0x800'27fd    0x2  Code  Gb  stm32l1xx_it.o [2]
NVIC_EncodePriority      0x800'0c5f   0x40  Code  Lc  stm32l1xx_hal_cortex.o [4]
PLLMulTable              0x800'2970    0xc  Data  Gb  system_stm32l1xx.o [3]
PVD_IRQHandler           0x800'2991         Code  Wk  startup_stm32l151xb.o [1]
PendSV_Handler           0x800'280b    0x2  Code  Gb  stm32l1xx_it.o [2]
RCC_IRQHandler           0x800'29a1         Code  Wk  startup_stm32l151xb.o [1]
RCC_SetFlashLatencyFromMSIRange
                         0x800'087d   0x86  Code  Lc  stm32l1xx_hal_rcc.o [4]
RSSI_value              0x2000'011c    0x1  Data  Gb  LORA SX1276.o [2]
RTC_Alarm_IRQHandler     0x800'2a21         Code  Wk  startup_stm32l151xb.o [1]
RTC_WKUP_IRQHandler      0x800'2999         Code  Wk  startup_stm32l151xb.o [1]
Region$$Table$$Base      0x800'2864          --   Gb  - Linker created -
Region$$Table$$Limit     0x800'2884          --   Gb  - Linker created -
Reset_Handler            0x800'2951         Code  Wk  startup_stm32l151xb.o [1]
SNR_value               0x2000'011d    0x1  Data  Gb  LORA SX1276.o [2]
SPI1_IRQHandler          0x800'2a11         Code  Wk  startup_stm32l151xb.o [1]
SPI1_Read                0x800'1e6f   0x58  Code  Gb  SPI1.o [2]
SPI1_Write               0x800'1ec7   0x52  Code  Gb  SPI1.o [2]
SPI2_IRQHandler          0x800'2a15         Code  Wk  startup_stm32l151xb.o [1]
SPI_GPIO_config          0x800'1ddf   0x64  Code  Gb  SPI1.o [2]
SPI_config               0x800'1e43   0x2c  Code  Gb  SPI1.o [2]
SVC_Handler              0x800'2807    0x2  Code  Gb  stm32l1xx_it.o [2]
Show_RSSI                0x800'2225   0x62  Code  Gb  LORA SX1276.o [2]
Show_SNR                 0x800'2287   0x60  Code  Gb  LORA SX1276.o [2]
SysTick_Config           0x800'0c9f   0x30  Code  Lc  stm32l1xx_hal_cortex.o [4]
SysTick_Handler          0x800'280d    0x8  Code  Gb  stm32l1xx_it.o [2]
SystemClock_Config       0x800'18a5   0x7a  Code  Gb  main.o [2]
SystemCoreClock         0x2000'006c    0x4  Data  Gb  system_stm32l1xx.o [3]
SystemInit               0x800'2961    0xa  Code  Gb  system_stm32l1xx.o [3]
TAMPER_STAMP_IRQHandler
                         0x800'2995         Code  Wk  startup_stm32l151xb.o [1]
TIM10_IRQHandler         0x800'29ed         Code  Wk  startup_stm32l151xb.o [1]
TIM11_IRQHandler         0x800'29f1         Code  Wk  startup_stm32l151xb.o [1]
TIM2_IRQHandler          0x800'29f5         Code  Wk  startup_stm32l151xb.o [1]
TIM3_IRQHandler          0x800'29f9         Code  Wk  startup_stm32l151xb.o [1]
TIM4_IRQHandler          0x800'29fd         Code  Wk  startup_stm32l151xb.o [1]
TIM6_IRQHandler          0x800'2a29         Code  Wk  startup_stm32l151xb.o [1]
TIM7_IRQHandler          0x800'2a2d         Code  Wk  startup_stm32l151xb.o [1]
TIM9_IRQHandler          0x800'29e9         Code  Wk  startup_stm32l151xb.o [1]
UART_DMAAbortOnError     0x800'12c1   0x16  Code  Lc  stm32l1xx_hal_uart.o [4]
UART_DMARxOnlyAbortCallback
                         0x800'12d9   0x1c  Code  Lc  stm32l1xx_hal_uart.o [4]
UART_EndRxTransfer       0x800'1289   0x36  Code  Lc  stm32l1xx_hal_uart.o [4]
UART_Receive_IT          0x800'135b   0xe2  Code  Lc  stm32l1xx_hal_uart.o [4]
UART_SetConfig           0x800'143d  0x170  Code  Lc  stm32l1xx_hal_uart.o [4]
UART_Start_Receive_IT    0x800'1245   0x44  Code  Gb  stm32l1xx_hal_uart.o [4]
UART_Transmit_IT         0x800'12f5   0x66  Code  Lc  stm32l1xx_hal_uart.o [4]
UART_WaitOnFlagUntilTimeout
                         0x800'11d7   0x6e  Code  Lc  stm32l1xx_hal_uart.o [4]
USART1_IRQHandler        0x800'2a19         Code  Wk  startup_stm32l151xb.o [1]
USART2_IRQHandler        0x800'2815    0xa  Code  Gb  stm32l1xx_it.o [2]
USART3_IRQHandler        0x800'2a1d         Code  Wk  startup_stm32l151xb.o [1]
USB_FS_WKUP_IRQHandler   0x800'2a25         Code  Wk  startup_stm32l151xb.o [1]
USB_HP_IRQHandler        0x800'29d5         Code  Wk  startup_stm32l151xb.o [1]
USB_LP_IRQHandler        0x800'29d9         Code  Wk  startup_stm32l151xb.o [1]
UsageFault_Handler       0x800'2805    0x2  Code  Gb  stm32l1xx_it.o [2]
WWDG_IRQHandler          0x800'298d         Code  Wk  startup_stm32l151xb.o [1]
__NVIC_EnableIRQ         0x800'1b91   0x1e  Code  Lc  gpio.o [2]
__NVIC_EnableIRQ         0x800'1d95   0x1e  Code  Lc  SPI1.o [2]
__NVIC_EnableIRQ         0x800'0c15   0x1e  Code  Lc  stm32l1xx_hal_cortex.o [4]
__NVIC_GetPriorityGrouping
                         0x800'0c0b    0xa  Code  Lc  stm32l1xx_hal_cortex.o [4]
__NVIC_SetPriority       0x800'1baf   0x2c  Code  Lc  gpio.o [2]
__NVIC_SetPriority       0x800'1db3   0x2c  Code  Lc  SPI1.o [2]
__NVIC_SetPriority       0x800'0c33   0x2c  Code  Lc  stm32l1xx_hal_cortex.o [4]
__NVIC_SetPriorityGrouping
                         0x800'0be9   0x22  Code  Lc  stm32l1xx_hal_cortex.o [4]
__aeabi_ldiv0            0x800'0d41         Code  Gb  I64DivZer.o [6]
__aeabi_memcpy           0x800'2529         Code  Gb  ABImemcpy.o [6]
__aeabi_memcpy4          0x800'2549         Code  Gb  ABImemcpy.o [6]
__aeabi_memcpy8          0x800'2549         Code  Gb  ABImemcpy.o [6]
__aeabi_memset           0x800'2451         Code  Gb  ABImemset.o [6]
__aeabi_uldivmod         0x800'09b9         Code  Gb  I64DivMod.o [6]
__cmain                  0x800'28a5         Code  Gb  cmain.o [6]
__exit                   0x800'28d9   0x14  Code  Gb  exit.o [7]
__iar_Memset             0x800'2451         Code  Gb  ABImemset.o [6]
__iar_Memset_word        0x800'2459         Code  Gb  ABImemset.o [6]
__iar_data_init3         0x800'283d   0x28  Code  Gb  data_init.o [6]
__iar_packbits_init_single3
                         0x800'0d43   0x3a  Code  Gb  packbits_init_single.o [6]
__iar_program_start      0x800'28ed         Code  Gb  cstartup_M.o [6]
__iar_zero_init3         0x800'2711   0x38  Code  Gb  zero_init3.o [6]
__low_level_init         0x800'28c3    0x4  Code  Gb  low_level_init.o [5]
__vector_table           0x800'0000         Data  Gb  startup_stm32l151xb.o [1]
_call_main               0x800'28b1         Code  Gb  cmain.o [6]
_exit                    0x800'28cd         Code  Gb  cexit.o [6]
exit                     0x800'28c7    0x4  Code  Gb  exit.o [5]
exti_config              0x800'1c75   0x6a  Code  Gb  gpio.o [2]
flag_transmit           0x2000'011f    0x1  Data  Gb  main.o [2]
flag_uart_receiver      0x2000'0121    0x1  Data  Gb  main.o [2]
huart2                  0x2000'00d4   0x44  Data  Gb  usart.o [2]
main                     0x800'17dd   0xc8  Code  Gb  main.o [2]
memset                   0x800'1985   0x14  Code  Gb  memset.o [6]
num_of_bytes            0x2000'0122    0x1  Data  Gb  main.o [2]
receiver_answer         0x2000'0120    0x1  Data  Gb  main.o [2]
rx_buffer_len           0x2000'011e    0x1  Data  Gb  main.o [2]
str_uart                0x2000'0000   0x64  Data  Gb  main.o [2]
str_uart_r              0x2000'0070   0x64  Data  Gb  main.o [2]
strncmp                  0x800'25cf   0x2a  Code  Gb  strncmp.o [5]
uwTick                  0x2000'0118    0x4  Data  Gb  stm32l1xx_hal.o [4]
uwTickFreq              0x2000'0068    0x4  Data  Gb  stm32l1xx_hal.o [4]
uwTickPrio              0x2000'0064    0x4  Data  Gb  stm32l1xx_hal.o [4]


[1] = D:\Work\Programming\LORA\LORA SX1276\EWARM\STM32L151 LORA\Obj\Application\EWARM
[2] = D:\Work\Programming\LORA\LORA SX1276\EWARM\STM32L151 LORA\Obj\Application\User\Core
[3] = D:\Work\Programming\LORA\LORA SX1276\EWARM\STM32L151 LORA\Obj\Drivers\CMSIS
[4] = D:\Work\Programming\LORA\LORA SX1276\EWARM\STM32L151 LORA\Obj\Drivers\STM32L1xx_HAL_Driver
[5] = dl7M_tln.a
[6] = rt7M_tl.a
[7] = shb_l.a

  10'176 bytes of readonly  code memory
     643 bytes of readonly  data memory
   1'315 bytes of readwrite data memory

Errors: none
Warnings: none
