###############################################################################
#
# IAR ELF Linker V9.32.1.338/W64 for ARM                  25/Jan/2023  17:19:52
# Copyright 2007-2022 IAR Systems AB.
#
#    Output file  =
#        D:\Work\Programming\LORA\LORA SX1276\EWARM\STM32L151
#        LORA\Exe\STM32L151 LORA.out
#    Map file     =
#        D:\Work\Programming\LORA\LORA SX1276\EWARM\STM32L151
#        LORA\List\STM32L151 LORA.map
#    Command line =
#        -f "D:\Work\Programming\LORA\LORA SX1276\EWARM\STM32L151
#        LORA\Exe\STM32L151 LORA.out.rsp" ("D:\Work\Programming\LORA\LORA
#        SX1276\EWARM\STM32L151 LORA\Obj\Application\User\Core\gpio.o"
#        "D:\Work\Programming\LORA\LORA SX1276\EWARM\STM32L151
#        LORA\Obj\Application\User\Core\LORA SX1276.o"
#        "D:\Work\Programming\LORA\LORA SX1276\EWARM\STM32L151
#        LORA\Obj\Application\User\Core\main.o" "D:\Work\Programming\LORA\LORA
#        SX1276\EWARM\STM32L151 LORA\Obj\Application\User\Core\SPI1.o"
#        "D:\Work\Programming\LORA\LORA SX1276\EWARM\STM32L151
#        LORA\Obj\Application\EWARM\startup_stm32l151xb.o"
#        "D:\Work\Programming\LORA\LORA SX1276\EWARM\STM32L151
#        LORA\Obj\Drivers\STM32L1xx_HAL_Driver\stm32l1xx_hal.o"
#        "D:\Work\Programming\LORA\LORA SX1276\EWARM\STM32L151
#        LORA\Obj\Drivers\STM32L1xx_HAL_Driver\stm32l1xx_hal_cortex.o"
#        "D:\Work\Programming\LORA\LORA SX1276\EWARM\STM32L151
#        LORA\Obj\Drivers\STM32L1xx_HAL_Driver\stm32l1xx_hal_dma.o"
#        "D:\Work\Programming\LORA\LORA SX1276\EWARM\STM32L151
#        LORA\Obj\Drivers\STM32L1xx_HAL_Driver\stm32l1xx_hal_exti.o"
#        "D:\Work\Programming\LORA\LORA SX1276\EWARM\STM32L151
#        LORA\Obj\Drivers\STM32L1xx_HAL_Driver\stm32l1xx_hal_flash.o"
#        "D:\Work\Programming\LORA\LORA SX1276\EWARM\STM32L151
#        LORA\Obj\Drivers\STM32L1xx_HAL_Driver\stm32l1xx_hal_flash_ex.o"
#        "D:\Work\Programming\LORA\LORA SX1276\EWARM\STM32L151
#        LORA\Obj\Drivers\STM32L1xx_HAL_Driver\stm32l1xx_hal_flash_ramfunc.o"
#        "D:\Work\Programming\LORA\LORA SX1276\EWARM\STM32L151
#        LORA\Obj\Drivers\STM32L1xx_HAL_Driver\stm32l1xx_hal_gpio.o"
#        "D:\Work\Programming\LORA\LORA SX1276\EWARM\STM32L151
#        LORA\Obj\Application\User\Core\stm32l1xx_hal_msp.o"
#        "D:\Work\Programming\LORA\LORA SX1276\EWARM\STM32L151
#        LORA\Obj\Drivers\STM32L1xx_HAL_Driver\stm32l1xx_hal_pwr.o"
#        "D:\Work\Programming\LORA\LORA SX1276\EWARM\STM32L151
#        LORA\Obj\Drivers\STM32L1xx_HAL_Driver\stm32l1xx_hal_pwr_ex.o"
#        "D:\Work\Programming\LORA\LORA SX1276\EWARM\STM32L151
#        LORA\Obj\Drivers\STM32L1xx_HAL_Driver\stm32l1xx_hal_rcc.o"
#        "D:\Work\Programming\LORA\LORA SX1276\EWARM\STM32L151
#        LORA\Obj\Drivers\STM32L1xx_HAL_Driver\stm32l1xx_hal_rcc_ex.o"
#        "D:\Work\Programming\LORA\LORA SX1276\EWARM\STM32L151
#        LORA\Obj\Drivers\STM32L1xx_HAL_Driver\stm32l1xx_hal_tim.o"
#        "D:\Work\Programming\LORA\LORA SX1276\EWARM\STM32L151
#        LORA\Obj\Drivers\STM32L1xx_HAL_Driver\stm32l1xx_hal_tim_ex.o"
#        "D:\Work\Programming\LORA\LORA SX1276\EWARM\STM32L151
#        LORA\Obj\Drivers\STM32L1xx_HAL_Driver\stm32l1xx_hal_uart.o"
#        "D:\Work\Programming\LORA\LORA SX1276\EWARM\STM32L151
#        LORA\Obj\Application\User\Core\stm32l1xx_it.o"
#        "D:\Work\Programming\LORA\LORA SX1276\EWARM\STM32L151
#        LORA\Obj\Drivers\CMSIS\system_stm32l1xx.o"
#        "D:\Work\Programming\LORA\LORA SX1276\EWARM\STM32L151
#        LORA\Obj\Application\User\Core\usart.o" --no_out_extension -o
#        "D:\Work\Programming\LORA\LORA SX1276\EWARM\STM32L151
#        LORA\Exe\STM32L151 LORA.out" --redirect _Printf=_PrintfFullNoMb
#        --redirect _Scanf=_ScanfFullNoMb --map "D:\Work\Programming\LORA\LORA
#        SX1276\EWARM\STM32L151 LORA\List\STM32L151 LORA.map" --config
#        "D:\Work\Programming\LORA\LORA SX1276\EWARM/stm32l151xb_flash.icf"
#        --semihosting --entry __iar_program_start --vfe --text_out locale
#        --cpu=Cortex-M3 --fpu=None)
#
###############################################################################

*******************************************************************************
*** RUNTIME MODEL ATTRIBUTES
***

CppFlavor       = *
__CPP_Runtime   = 1
__SystemLibrary = DLib
__dlib_version  = 6


*******************************************************************************
*** HEAP SELECTION
***

The basic heap was selected because --advanced_heap
was not specified and the application did not appear to
be primarily optimized for speed.


*******************************************************************************
*** PLACEMENT SUMMARY
***

"A0":  place at address 0x800'0000 { ro section .intvec };
"P1":  place in [from 0x800'0000 to 0x801'ffff] { ro };
define block CSTACK with size = 1K, alignment = 8 { };
define block HEAP with size = 512, alignment = 8 { };
"P2":  place in [from 0x2000'0000 to 0x2000'3fff] {
          rw, block CSTACK, block HEAP };
initialize by copy { rw };

  Section            Kind         Address    Size  Object
  -------            ----         -------    ----  ------
"A0":                                        0xf4
  .intvec            ro code   0x800'0000    0xf4  startup_stm32l151xb.o [1]
                             - 0x800'00f4    0xf4

"P1":                                      0x25b3
  .text              ro code   0x800'00f4   0x858  stm32l1xx_hal_rcc.o [4]
  .text              ro code   0x800'094c     0xc  stm32l1xx_hal.o [4]
  .text              ro code   0x800'0958    0x60  stm32l1xx_hal.o [4]
  .text              ro code   0x800'09b8   0x230  I64DivMod.o [6]
  .text              ro code   0x800'0be8   0x158  stm32l1xx_hal_cortex.o [4]
  .text              ro code   0x800'0d40     0x2  I64DivZer.o [6]
  .text              ro code   0x800'0d42    0x3a  packbits_init_single.o [6]
  .text              ro code   0x800'0d7c   0x838  stm32l1xx_hal_uart.o [4]
  .text              ro code   0x800'15b4   0x170  usart.o [2]
  .text              ro code   0x800'1724    0xb2  stm32l1xx_hal_dma.o [4]
  .text              ro code   0x800'17d6     0x2  stm32l1xx_hal_uart.o [4]
  .text              ro code   0x800'17d8     0x2  stm32l1xx_hal_uart.o [4]
  .text              ro code   0x800'17da     0x2  stm32l1xx_hal_uart.o [4]
  .text              ro code   0x800'17dc   0x180  main.o [2]
  .text              ro code   0x800'195c    0x14  memset.o [6]
  .text              ro code   0x800'1970   0x1d4  stm32l1xx_hal_gpio.o [4]
  .text              ro code   0x800'1b44    0x24  stm32l1xx_hal.o [4]
  .text              ro code   0x800'1b68   0x202  gpio.o [2]
  .text              ro code   0x800'1d6c   0x1bc  SPI1.o [2]
  .text              ro code   0x800'1f28   0x3bc  LORA SX1276.o [2]
  .text              ro code   0x800'22e4    0x66  ABImemset.o [6]
  .text              ro code   0x800'234c    0x48  stm32l1xx_hal_msp.o [2]
  .text              ro code   0x800'2394    0x28  stm32l1xx_hal.o [4]
  .text              ro code   0x800'23bc    0xa6  ABImemcpy.o [6]
  .text              ro code   0x800'2462    0x38  zero_init3.o [6]
  .text              ro code   0x800'249c    0x28  stm32l1xx_it.o [2]
  .text              ro code   0x800'24c4    0x18  stm32l1xx_hal.o [4]
  .text              ro code   0x800'24dc    0x28  data_init.o [6]
  .iar.init_table    const     0x800'2504    0x20  - Linker created -
  .text              ro code   0x800'2524    0x1e  cmain.o [6]
  .text              ro code   0x800'2542     0x4  low_level_init.o [5]
  .text              ro code   0x800'2546     0x4  exit.o [5]
  .text              ro code   0x800'254c     0xa  cexit.o [6]
  .text              ro code   0x800'2558    0x14  exit.o [7]
  .text              ro code   0x800'256c    0x1c  cstartup_M.o [6]
  .rodata            const     0x800'2588    0x14  LORA SX1276.o [2]
  .rodata            const     0x800'259c    0x10  LORA SX1276.o [2]
  .rodata            const     0x800'25ac    0x10  system_stm32l1xx.o [3]
  .text              ro code   0x800'25bc    0x10  startup_stm32l151xb.o [1]
  .text              ro code   0x800'25cc    0x10  system_stm32l1xx.o [3]
  .rodata            const     0x800'25dc     0xc  system_stm32l1xx.o [3]
  .rodata            const     0x800'25e8     0x8  system_stm32l1xx.o [3]
  .text              ro code   0x800'25f0     0x4  startup_stm32l151xb.o [1]
  .text              ro code   0x800'25f4     0x4  startup_stm32l151xb.o [1]
  .text              ro code   0x800'25f8     0x4  startup_stm32l151xb.o [1]
  .text              ro code   0x800'25fc     0x4  startup_stm32l151xb.o [1]
  .text              ro code   0x800'2600     0x4  startup_stm32l151xb.o [1]
  .text              ro code   0x800'2604     0x4  startup_stm32l151xb.o [1]
  .text              ro code   0x800'2608     0x4  startup_stm32l151xb.o [1]
  .text              ro code   0x800'260c     0x4  startup_stm32l151xb.o [1]
  .text              ro code   0x800'2610     0x4  startup_stm32l151xb.o [1]
  .text              ro code   0x800'2614     0x4  startup_stm32l151xb.o [1]
  .text              ro code   0x800'2618     0x4  startup_stm32l151xb.o [1]
  .text              ro code   0x800'261c     0x4  startup_stm32l151xb.o [1]
  .text              ro code   0x800'2620     0x4  startup_stm32l151xb.o [1]
  .text              ro code   0x800'2624     0x4  startup_stm32l151xb.o [1]
  .text              ro code   0x800'2628     0x4  startup_stm32l151xb.o [1]
  .text              ro code   0x800'262c     0x4  startup_stm32l151xb.o [1]
  .text              ro code   0x800'2630     0x4  startup_stm32l151xb.o [1]
  .text              ro code   0x800'2634     0x4  startup_stm32l151xb.o [1]
  .text              ro code   0x800'2638     0x4  startup_stm32l151xb.o [1]
  .text              ro code   0x800'263c     0x4  startup_stm32l151xb.o [1]
  .text              ro code   0x800'2640     0x4  startup_stm32l151xb.o [1]
  .text              ro code   0x800'2644     0x4  startup_stm32l151xb.o [1]
  .text              ro code   0x800'2648     0x4  startup_stm32l151xb.o [1]
  .text              ro code   0x800'264c     0x4  startup_stm32l151xb.o [1]
  .text              ro code   0x800'2650     0x4  startup_stm32l151xb.o [1]
  .text              ro code   0x800'2654     0x4  startup_stm32l151xb.o [1]
  .text              ro code   0x800'2658     0x4  startup_stm32l151xb.o [1]
  .text              ro code   0x800'265c     0x4  startup_stm32l151xb.o [1]
  .text              ro code   0x800'2660     0x4  startup_stm32l151xb.o [1]
  .text              ro code   0x800'2664     0x4  startup_stm32l151xb.o [1]
  .text              ro code   0x800'2668     0x4  startup_stm32l151xb.o [1]
  .text              ro code   0x800'266c     0x4  startup_stm32l151xb.o [1]
  .text              ro code   0x800'2670     0x4  startup_stm32l151xb.o [1]
  .text              ro code   0x800'2674     0x4  startup_stm32l151xb.o [1]
  .text              ro code   0x800'2678     0x4  startup_stm32l151xb.o [1]
  .text              ro code   0x800'267c     0x4  startup_stm32l151xb.o [1]
  .text              ro code   0x800'2680     0x4  startup_stm32l151xb.o [1]
  .text              ro code   0x800'2684     0x4  startup_stm32l151xb.o [1]
  .text              ro code   0x800'2688     0x4  startup_stm32l151xb.o [1]
  .text              ro code   0x800'268c     0x4  startup_stm32l151xb.o [1]
  .text              ro code   0x800'2690     0x4  startup_stm32l151xb.o [1]
  .rodata            const     0x800'2694     0x0  zero_init3.o [6]
  .rodata            const     0x800'2694     0x0  packbits_init_single.o [6]
  Initializer bytes  const     0x800'2694    0x13  <for P2-1>
                             - 0x800'26a7  0x25b3

"P2", part 1 of 3:                           0x70
  P2-1                        0x2000'0000    0x70  <Init block>
    .data            inited   0x2000'0000    0x64  main.o [2]
    .data            inited   0x2000'0064     0x4  stm32l1xx_hal.o [4]
    .data            inited   0x2000'0068     0x4  stm32l1xx_hal.o [4]
    .data            inited   0x2000'006c     0x4  system_stm32l1xx.o [3]
                            - 0x2000'0070    0x70

"P2", part 2 of 3:                           0xb4
  .bss               zero     0x2000'0070    0x64  main.o [2]
  .bss               zero     0x2000'00d4    0x44  usart.o [2]
  .bss               zero     0x2000'0118     0x4  stm32l1xx_hal.o [4]
  .bss               zero     0x2000'011c     0x1  LORA SX1276.o [2]
  .bss               zero     0x2000'011d     0x1  LORA SX1276.o [2]
  .bss               zero     0x2000'011e     0x1  main.o [2]
  .bss               zero     0x2000'011f     0x1  main.o [2]
  .bss               zero     0x2000'0120     0x1  main.o [2]
  .bss               zero     0x2000'0121     0x1  main.o [2]
                            - 0x2000'0122    0xb2

"P2", part 3 of 3:                          0x400
  CSTACK                      0x2000'0128   0x400  <Block>
    CSTACK           uninit   0x2000'0128   0x400  <Block tail>
                            - 0x2000'0528   0x400

Unused ranges:

         From           To      Size
         ----           --      ----
   0x800'26a7   0x801'ffff  0x1'd959
  0x2000'0124  0x2000'0127       0x4
  0x2000'0528  0x2000'3fff    0x3ad8


*******************************************************************************
*** INIT TABLE
***

          Address      Size
          -------      ----
Zero (__iar_zero_init3)
    1 destination range, total size 0xb2:
          0x2000'0070  0xb2

Copy/packbits (__iar_packbits_init_single3)
    1 source range, total size 0x13 (16% of destination):
           0x800'2694  0x13
    1 destination range, total size 0x70:
          0x2000'0000  0x70



*******************************************************************************
*** MODULE SUMMARY
***

    Module                  ro code  ro data  rw data
    ------                  -------  -------  -------
command line/config:
    -------------------------------------------------
    Total:

D:\Work\Programming\LORA\LORA SX1276\EWARM\STM32L151 LORA\Obj\Application\EWARM: [1]
    startup_stm32l151xb.o       424
    -------------------------------------------------
    Total:                      424

D:\Work\Programming\LORA\LORA SX1276\EWARM\STM32L151 LORA\Obj\Application\User\Core: [2]
    LORA SX1276.o               956       36        2
    SPI1.o                      444
    gpio.o                      514
    main.o                      384       16      204
    stm32l1xx_hal_msp.o          72
    stm32l1xx_it.o               40
    usart.o                     368                68
    -------------------------------------------------
    Total:                    2'778       52      274

D:\Work\Programming\LORA\LORA SX1276\EWARM\STM32L151 LORA\Obj\Drivers\CMSIS: [3]
    system_stm32l1xx.o           16       37        4
    -------------------------------------------------
    Total:                       16       37        4

D:\Work\Programming\LORA\LORA SX1276\EWARM\STM32L151 LORA\Obj\Drivers\STM32L1xx_HAL_Driver: [4]
    stm32l1xx_hal.o             208        2       12
    stm32l1xx_hal_cortex.o      344
    stm32l1xx_hal_dma.o         178
    stm32l1xx_hal_gpio.o        468
    stm32l1xx_hal_rcc.o       2'136
    stm32l1xx_hal_uart.o      2'110
    -------------------------------------------------
    Total:                    5'444        2       12

dl7M_tln.a: [5]
    exit.o                        4
    low_level_init.o              4
    -------------------------------------------------
    Total:                        8

rt7M_tl.a: [6]
    ABImemcpy.o                 166
    ABImemset.o                 102
    I64DivMod.o                 560
    I64DivZer.o                   2
    cexit.o                      10
    cmain.o                      30
    cstartup_M.o                 28
    data_init.o                  40
    memset.o                     20
    packbits_init_single.o       58
    zero_init3.o                 56
    -------------------------------------------------
    Total:                    1'072

shb_l.a: [7]
    exit.o                       20
    -------------------------------------------------
    Total:                       20

    Gaps                         10
    Linker created                        32    1'024
-----------------------------------------------------
    Grand Total:              9'772      123    1'314


*******************************************************************************
*** ENTRY LIST
***

Entry                       Address   Size  Type      Object
-----                       -------   ----  ----      ------
.iar.init_table$$Base    0x800'2504          --   Gb  - Linker created -
.iar.init_table$$Limit   0x800'2524          --   Gb  - Linker created -
?main                    0x800'2525         Code  Gb  cmain.o [6]
ADC1_IRQHandler          0x800'2635         Code  Wk  startup_stm32l151xb.o [1]
AHBPrescTable            0x800'25ac   0x10  Data  Gb  system_stm32l1xx.o [3]
APBPrescTable            0x800'25e8    0x8  Data  Gb  system_stm32l1xx.o [3]
BusFault_Handler         0x800'24a3    0x2  Code  Gb  stm32l1xx_it.o [2]
COMP_IRQHandler          0x800'2645         Code  Wk  startup_stm32l151xb.o [1]
CSTACK$$Base            0x2000'0128          --   Gb  - Linker created -
CSTACK$$Limit           0x2000'0528          --   Gb  - Linker created -
DAC_IRQHandler           0x800'2641         Code  Wk  startup_stm32l151xb.o [1]
DMA1_Channel1_IRQHandler
                         0x800'2619         Code  Wk  startup_stm32l151xb.o [1]
DMA1_Channel2_IRQHandler
                         0x800'261d         Code  Wk  startup_stm32l151xb.o [1]
DMA1_Channel3_IRQHandler
                         0x800'2621         Code  Wk  startup_stm32l151xb.o [1]
DMA1_Channel4_IRQHandler
                         0x800'2625         Code  Wk  startup_stm32l151xb.o [1]
DMA1_Channel5_IRQHandler
                         0x800'2629         Code  Wk  startup_stm32l151xb.o [1]
DMA1_Channel6_IRQHandler
                         0x800'262d         Code  Wk  startup_stm32l151xb.o [1]
DMA1_Channel7_IRQHandler
                         0x800'2631         Code  Wk  startup_stm32l151xb.o [1]
DebugMon_Handler         0x800'24a9    0x2  Code  Gb  stm32l1xx_it.o [2]
Delay_a                  0x800'1d51   0x1a  Code  Gb  gpio.o [2]
EXTI0_IRQHandler         0x800'18f9   0x1c  Code  Gb  main.o [2]
EXTI15_10_IRQHandler     0x800'1915   0x1c  Code  Gb  main.o [2]
EXTI1_IRQHandler         0x800'2609         Code  Wk  startup_stm32l151xb.o [1]
EXTI2_IRQHandler         0x800'260d         Code  Wk  startup_stm32l151xb.o [1]
EXTI3_IRQHandler         0x800'2611         Code  Wk  startup_stm32l151xb.o [1]
EXTI4_IRQHandler         0x800'2615         Code  Wk  startup_stm32l151xb.o [1]
EXTI9_5_IRQHandler       0x800'2649         Code  Wk  startup_stm32l151xb.o [1]
Error_Handler            0x800'1959    0x4  Code  Gb  main.o [2]
FLASH_IRQHandler         0x800'2601         Code  Wk  startup_stm32l151xb.o [1]
HAL_DMA_Abort            0x800'1725   0x54  Code  Gb  stm32l1xx_hal_dma.o [4]
HAL_DMA_Abort_IT         0x800'1779   0x5e  Code  Gb  stm32l1xx_hal_dma.o [4]
HAL_Delay                0x800'2395   0x28  Code  Wk  stm32l1xx_hal.o [4]
HAL_GPIO_Init            0x800'1971  0x1a6  Code  Gb  stm32l1xx_hal_gpio.o [4]
HAL_GetTick              0x800'094d    0xc  Code  Wk  stm32l1xx_hal.o [4]
HAL_IncTick              0x800'24c5   0x18  Code  Wk  stm32l1xx_hal.o [4]
HAL_Init                 0x800'1b45   0x24  Code  Gb  stm32l1xx_hal.o [4]
HAL_InitTick             0x800'0959   0x60  Code  Wk  stm32l1xx_hal.o [4]
HAL_MspInit              0x800'234d   0x48  Code  Gb  stm32l1xx_hal_msp.o [2]
HAL_NVIC_EnableIRQ       0x800'0d05    0xe  Code  Gb  stm32l1xx_hal_cortex.o [4]
HAL_NVIC_SetPriority     0x800'0cdb   0x2a  Code  Gb  stm32l1xx_hal_cortex.o [4]
HAL_NVIC_SetPriorityGrouping
                         0x800'0ccf    0xc  Code  Gb  stm32l1xx_hal_cortex.o [4]
HAL_RCC_ClockConfig      0x800'060b  0x1c6  Code  Gb  stm32l1xx_hal_rcc.o [4]
HAL_RCC_GetHCLKFreq      0x800'084b    0x6  Code  Gb  stm32l1xx_hal_rcc.o [4]
HAL_RCC_GetPCLK1Freq     0x800'0851   0x16  Code  Gb  stm32l1xx_hal_rcc.o [4]
HAL_RCC_GetPCLK2Freq     0x800'0867   0x16  Code  Gb  stm32l1xx_hal_rcc.o [4]
HAL_RCC_GetSysClockFreq
                         0x800'07d1   0x7a  Code  Gb  stm32l1xx_hal_rcc.o [4]
HAL_RCC_OscConfig        0x800'00f5  0x516  Code  Gb  stm32l1xx_hal_rcc.o [4]
HAL_SYSTICK_Config       0x800'0d13    0xc  Code  Gb  stm32l1xx_hal_cortex.o [4]
HAL_UARTEx_RxEventCallback
                         0x800'17db    0x2  Code  Wk  stm32l1xx_hal_uart.o [4]
HAL_UART_AbortReceiveCpltCallback
                         0x800'17d7    0x2  Code  Wk  stm32l1xx_hal_uart.o [4]
HAL_UART_AbortReceive_IT
                         0x800'0f13   0x92  Code  Gb  stm32l1xx_hal_uart.o [4]
HAL_UART_ErrorCallback   0x800'17d9    0x2  Code  Wk  stm32l1xx_hal_uart.o [4]
HAL_UART_IDLE_Callback   0x800'1659   0x56  Code  Gb  usart.o [2]
HAL_UART_IRQHandler      0x800'0fa5  0x232  Code  Gb  stm32l1xx_hal_uart.o [4]
HAL_UART_Init            0x800'0d7d   0x76  Code  Gb  stm32l1xx_hal_uart.o [4]
HAL_UART_MspInit         0x800'15e9   0x70  Code  Gb  usart.o [2]
HAL_UART_Receive_IT      0x800'0ecb   0x48  Code  Gb  stm32l1xx_hal_uart.o [4]
HAL_UART_RxCpltCallback
                         0x800'16af   0x52  Code  Gb  usart.o [2]
HAL_UART_Transmit        0x800'0df3   0xd8  Code  Gb  stm32l1xx_hal_uart.o [4]
HardFault_Handler        0x800'249f    0x2  Code  Gb  stm32l1xx_it.o [2]
I2C1_ER_IRQHandler       0x800'2669         Code  Wk  startup_stm32l151xb.o [1]
I2C1_EV_IRQHandler       0x800'2665         Code  Wk  startup_stm32l151xb.o [1]
I2C2_ER_IRQHandler       0x800'2671         Code  Wk  startup_stm32l151xb.o [1]
I2C2_EV_IRQHandler       0x800'266d         Code  Wk  startup_stm32l151xb.o [1]
LED_config               0x800'1bcd   0x80  Code  Gb  gpio.o [2]
Lora_init                0x800'1f29   0xfa  Code  Gb  LORA SX1276.o [2]
Lora_recieve             0x800'20dd   0xf2  Code  Gb  LORA SX1276.o [2]
Lora_reset               0x800'21cf   0x34  Code  Gb  LORA SX1276.o [2]
Lora_transmit            0x800'2023   0xba  Code  Gb  LORA SX1276.o [2]
MCO_config               0x800'1cb7   0x58  Code  Gb  gpio.o [2]
MX_GPIO_Init             0x800'1bb3   0x1a  Code  Gb  gpio.o [2]
MX_USART2_UART_Init      0x800'15b5   0x34  Code  Gb  usart.o [2]
MemManage_Handler        0x800'24a1    0x2  Code  Gb  stm32l1xx_it.o [2]
NMI_Handler              0x800'249d    0x2  Code  Gb  stm32l1xx_it.o [2]
NVIC_EncodePriority      0x800'0c5f   0x40  Code  Lc  stm32l1xx_hal_cortex.o [4]
PLLMulTable              0x800'25dc    0xc  Data  Gb  system_stm32l1xx.o [3]
PVD_IRQHandler           0x800'25f5         Code  Wk  startup_stm32l151xb.o [1]
PendSV_Handler           0x800'24ab    0x2  Code  Gb  stm32l1xx_it.o [2]
RCC_IRQHandler           0x800'2605         Code  Wk  startup_stm32l151xb.o [1]
RCC_SetFlashLatencyFromMSIRange
                         0x800'087d   0x86  Code  Lc  stm32l1xx_hal_rcc.o [4]
RSSI_value              0x2000'011c    0x1  Data  Gb  LORA SX1276.o [2]
RTC_Alarm_IRQHandler     0x800'2685         Code  Wk  startup_stm32l151xb.o [1]
RTC_WKUP_IRQHandler      0x800'25fd         Code  Wk  startup_stm32l151xb.o [1]
Region$$Table$$Base      0x800'2504          --   Gb  - Linker created -
Region$$Table$$Limit     0x800'2524          --   Gb  - Linker created -
Reset_Handler            0x800'25bd         Code  Wk  startup_stm32l151xb.o [1]
SNR_value               0x2000'011d    0x1  Data  Gb  LORA SX1276.o [2]
SPI1_IRQHandler          0x800'2675         Code  Wk  startup_stm32l151xb.o [1]
SPI1_Read                0x800'1e47   0x58  Code  Gb  SPI1.o [2]
SPI1_Write               0x800'1e9f   0x52  Code  Gb  SPI1.o [2]
SPI2_IRQHandler          0x800'2679         Code  Wk  startup_stm32l151xb.o [1]
SPI_GPIO_config          0x800'1db7   0x64  Code  Gb  SPI1.o [2]
SPI_config               0x800'1e1b   0x2c  Code  Gb  SPI1.o [2]
SVC_Handler              0x800'24a7    0x2  Code  Gb  stm32l1xx_it.o [2]
Show_RSSI                0x800'2203   0x62  Code  Gb  LORA SX1276.o [2]
Show_SNR                 0x800'2265   0x60  Code  Gb  LORA SX1276.o [2]
SysTick_Config           0x800'0c9f   0x30  Code  Lc  stm32l1xx_hal_cortex.o [4]
SysTick_Handler          0x800'24ad    0x8  Code  Gb  stm32l1xx_it.o [2]
SystemClock_Config       0x800'187f   0x7a  Code  Gb  main.o [2]
SystemCoreClock         0x2000'006c    0x4  Data  Gb  system_stm32l1xx.o [3]
SystemInit               0x800'25cd    0xa  Code  Gb  system_stm32l1xx.o [3]
TAMPER_STAMP_IRQHandler
                         0x800'25f9         Code  Wk  startup_stm32l151xb.o [1]
TIM10_IRQHandler         0x800'2651         Code  Wk  startup_stm32l151xb.o [1]
TIM11_IRQHandler         0x800'2655         Code  Wk  startup_stm32l151xb.o [1]
TIM2_IRQHandler          0x800'2659         Code  Wk  startup_stm32l151xb.o [1]
TIM3_IRQHandler          0x800'265d         Code  Wk  startup_stm32l151xb.o [1]
TIM4_IRQHandler          0x800'2661         Code  Wk  startup_stm32l151xb.o [1]
TIM6_IRQHandler          0x800'268d         Code  Wk  startup_stm32l151xb.o [1]
TIM7_IRQHandler          0x800'2691         Code  Wk  startup_stm32l151xb.o [1]
TIM9_IRQHandler          0x800'264d         Code  Wk  startup_stm32l151xb.o [1]
UART_DMAAbortOnError     0x800'12c1   0x16  Code  Lc  stm32l1xx_hal_uart.o [4]
UART_DMARxOnlyAbortCallback
                         0x800'12d9   0x1c  Code  Lc  stm32l1xx_hal_uart.o [4]
UART_EndRxTransfer       0x800'1289   0x36  Code  Lc  stm32l1xx_hal_uart.o [4]
UART_Receive_IT          0x800'135b   0xe2  Code  Lc  stm32l1xx_hal_uart.o [4]
UART_SetConfig           0x800'143d  0x170  Code  Lc  stm32l1xx_hal_uart.o [4]
UART_Start_Receive_IT    0x800'1245   0x44  Code  Gb  stm32l1xx_hal_uart.o [4]
UART_Transmit_IT         0x800'12f5   0x66  Code  Lc  stm32l1xx_hal_uart.o [4]
UART_WaitOnFlagUntilTimeout
                         0x800'11d7   0x6e  Code  Lc  stm32l1xx_hal_uart.o [4]
USART1_IRQHandler        0x800'267d         Code  Wk  startup_stm32l151xb.o [1]
USART2_IRQHandler        0x800'24b5    0xa  Code  Gb  stm32l1xx_it.o [2]
USART3_IRQHandler        0x800'2681         Code  Wk  startup_stm32l151xb.o [1]
USB_FS_WKUP_IRQHandler   0x800'2689         Code  Wk  startup_stm32l151xb.o [1]
USB_HP_IRQHandler        0x800'2639         Code  Wk  startup_stm32l151xb.o [1]
USB_LP_IRQHandler        0x800'263d         Code  Wk  startup_stm32l151xb.o [1]
UsageFault_Handler       0x800'24a5    0x2  Code  Gb  stm32l1xx_it.o [2]
WWDG_IRQHandler          0x800'25f1         Code  Wk  startup_stm32l151xb.o [1]
__NVIC_EnableIRQ         0x800'1b69   0x1e  Code  Lc  gpio.o [2]
__NVIC_EnableIRQ         0x800'1d6d   0x1e  Code  Lc  SPI1.o [2]
__NVIC_EnableIRQ         0x800'0c15   0x1e  Code  Lc  stm32l1xx_hal_cortex.o [4]
__NVIC_GetPriorityGrouping
                         0x800'0c0b    0xa  Code  Lc  stm32l1xx_hal_cortex.o [4]
__NVIC_SetPriority       0x800'1b87   0x2c  Code  Lc  gpio.o [2]
__NVIC_SetPriority       0x800'1d8b   0x2c  Code  Lc  SPI1.o [2]
__NVIC_SetPriority       0x800'0c33   0x2c  Code  Lc  stm32l1xx_hal_cortex.o [4]
__NVIC_SetPriorityGrouping
                         0x800'0be9   0x22  Code  Lc  stm32l1xx_hal_cortex.o [4]
__aeabi_ldiv0            0x800'0d41         Code  Gb  I64DivZer.o [6]
__aeabi_memcpy           0x800'23bd         Code  Gb  ABImemcpy.o [6]
__aeabi_memcpy4          0x800'23dd         Code  Gb  ABImemcpy.o [6]
__aeabi_memcpy8          0x800'23dd         Code  Gb  ABImemcpy.o [6]
__aeabi_memset           0x800'22e5         Code  Gb  ABImemset.o [6]
__aeabi_uldivmod         0x800'09b9         Code  Gb  I64DivMod.o [6]
__cmain                  0x800'2525         Code  Gb  cmain.o [6]
__exit                   0x800'2559   0x14  Code  Gb  exit.o [7]
__iar_Memset             0x800'22e5         Code  Gb  ABImemset.o [6]
__iar_Memset_word        0x800'22ed         Code  Gb  ABImemset.o [6]
__iar_data_init3         0x800'24dd   0x28  Code  Gb  data_init.o [6]
__iar_packbits_init_single3
                         0x800'0d43   0x3a  Code  Gb  packbits_init_single.o [6]
__iar_program_start      0x800'256d         Code  Gb  cstartup_M.o [6]
__iar_zero_init3         0x800'2463   0x38  Code  Gb  zero_init3.o [6]
__low_level_init         0x800'2543    0x4  Code  Gb  low_level_init.o [5]
__vector_table           0x800'0000         Data  Gb  startup_stm32l151xb.o [1]
_call_main               0x800'2531         Code  Gb  cmain.o [6]
_exit                    0x800'254d         Code  Gb  cexit.o [6]
answer                  0x2000'0120    0x1  Data  Gb  main.o [2]
exit                     0x800'2547    0x4  Code  Gb  exit.o [5]
exti_config              0x800'1c4d   0x6a  Code  Gb  gpio.o [2]
flag                    0x2000'011f    0x1  Data  Gb  main.o [2]
huart2                  0x2000'00d4   0x44  Data  Gb  usart.o [2]
main                     0x800'17dd   0xa2  Code  Gb  main.o [2]
memset                   0x800'195d   0x14  Code  Gb  memset.o [6]
num_of_bytes            0x2000'0121    0x1  Data  Gb  main.o [2]
rx_buffer_len           0x2000'011e    0x1  Data  Gb  main.o [2]
str_uart                0x2000'0000   0x64  Data  Gb  main.o [2]
str_uart_r              0x2000'0070   0x64  Data  Gb  main.o [2]
uwTick                  0x2000'0118    0x4  Data  Gb  stm32l1xx_hal.o [4]
uwTickFreq              0x2000'0068    0x4  Data  Gb  stm32l1xx_hal.o [4]
uwTickPrio              0x2000'0064    0x4  Data  Gb  stm32l1xx_hal.o [4]


[1] = D:\Work\Programming\LORA\LORA SX1276\EWARM\STM32L151 LORA\Obj\Application\EWARM
[2] = D:\Work\Programming\LORA\LORA SX1276\EWARM\STM32L151 LORA\Obj\Application\User\Core
[3] = D:\Work\Programming\LORA\LORA SX1276\EWARM\STM32L151 LORA\Obj\Drivers\CMSIS
[4] = D:\Work\Programming\LORA\LORA SX1276\EWARM\STM32L151 LORA\Obj\Drivers\STM32L1xx_HAL_Driver
[5] = dl7M_tln.a
[6] = rt7M_tl.a
[7] = shb_l.a

  9'772 bytes of readonly  code memory
    123 bytes of readonly  data memory
  1'314 bytes of readwrite data memory

Errors: none
Warnings: none
