###############################################################################
#
# IAR ELF Linker V9.20.2.320/W64 for ARM                  18/Jan/2023  11:14:56
# Copyright 2007-2021 IAR Systems AB.
#
#    Output file  =
#        D:\Work\Programming\LORA\LORA SX1276\EWARM\STM32L151
#        LORA\Exe\STM32L151 LORA.out
#    Map file     =
#        D:\Work\Programming\LORA\LORA SX1276\EWARM\STM32L151
#        LORA\List\STM32L151 LORA.map
#    Command line =
#        -f "D:\Work\Programming\LORA\LORA SX1276\EWARM\STM32L151
#        LORA\Exe\STM32L151 LORA.out.rsp" ("D:\Work\Programming\LORA\LORA
#        SX1276\EWARM\STM32L151 LORA\Obj\Application\User\Core\gpio.o"
#        "D:\Work\Programming\LORA\LORA SX1276\EWARM\STM32L151
#        LORA\Obj\Application\User\Core\LORA SX1276.o"
#        "D:\Work\Programming\LORA\LORA SX1276\EWARM\STM32L151
#        LORA\Obj\Application\User\Core\main.o" "D:\Work\Programming\LORA\LORA
#        SX1276\EWARM\STM32L151 LORA\Obj\Application\User\Core\SPI1.o"
#        "D:\Work\Programming\LORA\LORA SX1276\EWARM\STM32L151
#        LORA\Obj\Application\EWARM\startup_stm32l151xb.o"
#        "D:\Work\Programming\LORA\LORA SX1276\EWARM\STM32L151
#        LORA\Obj\Drivers\STM32L1xx_HAL_Driver\stm32l1xx_hal.o"
#        "D:\Work\Programming\LORA\LORA SX1276\EWARM\STM32L151
#        LORA\Obj\Drivers\STM32L1xx_HAL_Driver\stm32l1xx_hal_cortex.o"
#        "D:\Work\Programming\LORA\LORA SX1276\EWARM\STM32L151
#        LORA\Obj\Drivers\STM32L1xx_HAL_Driver\stm32l1xx_hal_dma.o"
#        "D:\Work\Programming\LORA\LORA SX1276\EWARM\STM32L151
#        LORA\Obj\Drivers\STM32L1xx_HAL_Driver\stm32l1xx_hal_exti.o"
#        "D:\Work\Programming\LORA\LORA SX1276\EWARM\STM32L151
#        LORA\Obj\Drivers\STM32L1xx_HAL_Driver\stm32l1xx_hal_flash.o"
#        "D:\Work\Programming\LORA\LORA SX1276\EWARM\STM32L151
#        LORA\Obj\Drivers\STM32L1xx_HAL_Driver\stm32l1xx_hal_flash_ex.o"
#        "D:\Work\Programming\LORA\LORA SX1276\EWARM\STM32L151
#        LORA\Obj\Drivers\STM32L1xx_HAL_Driver\stm32l1xx_hal_flash_ramfunc.o"
#        "D:\Work\Programming\LORA\LORA SX1276\EWARM\STM32L151
#        LORA\Obj\Drivers\STM32L1xx_HAL_Driver\stm32l1xx_hal_gpio.o"
#        "D:\Work\Programming\LORA\LORA SX1276\EWARM\STM32L151
#        LORA\Obj\Application\User\Core\stm32l1xx_hal_msp.o"
#        "D:\Work\Programming\LORA\LORA SX1276\EWARM\STM32L151
#        LORA\Obj\Drivers\STM32L1xx_HAL_Driver\stm32l1xx_hal_pwr.o"
#        "D:\Work\Programming\LORA\LORA SX1276\EWARM\STM32L151
#        LORA\Obj\Drivers\STM32L1xx_HAL_Driver\stm32l1xx_hal_pwr_ex.o"
#        "D:\Work\Programming\LORA\LORA SX1276\EWARM\STM32L151
#        LORA\Obj\Drivers\STM32L1xx_HAL_Driver\stm32l1xx_hal_rcc.o"
#        "D:\Work\Programming\LORA\LORA SX1276\EWARM\STM32L151
#        LORA\Obj\Drivers\STM32L1xx_HAL_Driver\stm32l1xx_hal_rcc_ex.o"
#        "D:\Work\Programming\LORA\LORA SX1276\EWARM\STM32L151
#        LORA\Obj\Drivers\STM32L1xx_HAL_Driver\stm32l1xx_hal_tim.o"
#        "D:\Work\Programming\LORA\LORA SX1276\EWARM\STM32L151
#        LORA\Obj\Drivers\STM32L1xx_HAL_Driver\stm32l1xx_hal_tim_ex.o"
#        "D:\Work\Programming\LORA\LORA SX1276\EWARM\STM32L151
#        LORA\Obj\Drivers\STM32L1xx_HAL_Driver\stm32l1xx_hal_uart.o"
#        "D:\Work\Programming\LORA\LORA SX1276\EWARM\STM32L151
#        LORA\Obj\Application\User\Core\stm32l1xx_it.o"
#        "D:\Work\Programming\LORA\LORA SX1276\EWARM\STM32L151
#        LORA\Obj\Drivers\CMSIS\system_stm32l1xx.o"
#        "D:\Work\Programming\LORA\LORA SX1276\EWARM\STM32L151
#        LORA\Obj\Application\User\Core\usart.o" --no_out_extension -o
#        "D:\Work\Programming\LORA\LORA SX1276\EWARM\STM32L151
#        LORA\Exe\STM32L151 LORA.out" --redirect _Printf=_PrintfFullNoMb
#        --redirect _Scanf=_ScanfFullNoMb --map "D:\Work\Programming\LORA\LORA
#        SX1276\EWARM\STM32L151 LORA\List\STM32L151 LORA.map" --config
#        "D:\Work\Programming\LORA\LORA SX1276\EWARM/stm32l151xb_flash.icf"
#        --semihosting --entry __iar_program_start --vfe --text_out locale)
#
###############################################################################

*******************************************************************************
*** RUNTIME MODEL ATTRIBUTES
***

CppFlavor       = *
__CPP_Runtime   = 1
__SystemLibrary = DLib
__dlib_version  = 6


*******************************************************************************
*** HEAP SELECTION
***

The basic heap was selected because some modules are built with
size limitations (and not runtime checking), and --advanced_heap
was not specified.


*******************************************************************************
*** PLACEMENT SUMMARY
***

"A0":  place at address 0x800'0000 { ro section .intvec };
"P1":  place in [from 0x800'0000 to 0x801'ffff] { ro };
define block CSTACK with size = 1K, alignment = 8 { };
define block HEAP with size = 512, alignment = 8 { };
"P2":  place in [from 0x2000'0000 to 0x2000'3fff] {
          rw, block CSTACK, block HEAP };
initialize by copy { rw };

  Section            Kind         Address    Size  Object
  -------            ----         -------    ----  ------
"A0":                                        0xf4
  .intvec            ro code   0x800'0000    0xf4  startup_stm32l151xb.o [1]
                             - 0x800'00f4    0xf4

"P1":                                      0x1ba0
  .text              ro code   0x800'00f4   0x658  stm32l1xx_hal_uart.o [4]
  .text              ro code   0x800'074c   0x12c  usart.o [2]
  .text              ro code   0x800'0878     0xc  stm32l1xx_hal.o [4]
  .text              ro code   0x800'0884    0x9a  stm32l1xx_hal_dma.o [4]
  .text              ro code   0x800'091e     0x2  stm32l1xx_hal_uart.o [4]
  .text              ro code   0x800'0920     0x2  stm32l1xx_hal_uart.o [4]
  .text              ro code   0x800'0922     0x2  stm32l1xx_hal_uart.o [4]
  .text              ro code   0x800'0924   0x634  stm32l1xx_hal_rcc.o [4]
  .text              ro code   0x800'0f58   0x140  main.o [2]
  .text              ro code   0x800'1098    0x14  memset.o [6]
  .text              ro code   0x800'10ac   0x1d4  stm32l1xx_hal_gpio.o [4]
  .text              ro code   0x800'1280    0xc4  stm32l1xx_hal_cortex.o [4]
  .text              ro code   0x800'1344    0x44  stm32l1xx_hal.o [4]
  .text              ro code   0x800'1388   0x106  I64DivMod_small.o [6]
  .text              ro code   0x800'148e    0x3a  packbits_init_single.o [6]
  .text              ro code   0x800'14c8    0x1e  stm32l1xx_hal.o [4]
  .text              ro code   0x800'14e8   0x154  gpio.o [2]
  .text              ro code   0x800'163c   0x14a  SPI1.o [2]
  .text              ro code   0x800'1788   0x268  LORA SX1276.o [2]
  .text              ro code   0x800'19f0    0x66  ABImemset.o [6]
  .text              ro code   0x800'1a58     0x2  I64DivZer.o [6]
  .text              ro code   0x800'1a5c    0x44  stm32l1xx_hal_msp.o [2]
  .text              ro code   0x800'1aa0    0x28  stm32l1xx_hal.o [4]
  .text              ro code   0x800'1ac8    0x2c  system_stm32l1xx.o [3]
  .text              ro code   0x800'1af4    0x28  data_init.o [6]
  .iar.init_table    const     0x800'1b1c    0x10  - Linker created -
  .text              ro code   0x800'1b2c    0x20  stm32l1xx_it.o [2]
  .text              ro code   0x800'1b4c    0x10  stm32l1xx_hal.o [4]
  .text              ro code   0x800'1b5c    0x1e  cmain.o [6]
  .text              ro code   0x800'1b7a     0x4  low_level_init.o [5]
  .text              ro code   0x800'1b7e     0x4  exit.o [5]
  .text              ro code   0x800'1b84     0xa  cexit.o [6]
  .text              ro code   0x800'1b90    0x14  exit.o [7]
  .text              ro code   0x800'1ba4    0x1c  cstartup_M.o [6]
  .text              ro code   0x800'1bc0    0x10  startup_stm32l151xb.o [1]
  .rodata            const     0x800'1bd0     0x8  system_stm32l1xx.o [3]
  .text              ro code   0x800'1bd8     0x4  startup_stm32l151xb.o [1]
  .text              ro code   0x800'1bdc     0x4  startup_stm32l151xb.o [1]
  .text              ro code   0x800'1be0     0x4  startup_stm32l151xb.o [1]
  .text              ro code   0x800'1be4     0x4  startup_stm32l151xb.o [1]
  .text              ro code   0x800'1be8     0x4  startup_stm32l151xb.o [1]
  .text              ro code   0x800'1bec     0x4  startup_stm32l151xb.o [1]
  .text              ro code   0x800'1bf0     0x4  startup_stm32l151xb.o [1]
  .text              ro code   0x800'1bf4     0x4  startup_stm32l151xb.o [1]
  .text              ro code   0x800'1bf8     0x4  startup_stm32l151xb.o [1]
  .text              ro code   0x800'1bfc     0x4  startup_stm32l151xb.o [1]
  .text              ro code   0x800'1c00     0x4  startup_stm32l151xb.o [1]
  .text              ro code   0x800'1c04     0x4  startup_stm32l151xb.o [1]
  .text              ro code   0x800'1c08     0x4  startup_stm32l151xb.o [1]
  .text              ro code   0x800'1c0c     0x4  startup_stm32l151xb.o [1]
  .text              ro code   0x800'1c10     0x4  startup_stm32l151xb.o [1]
  .text              ro code   0x800'1c14     0x4  startup_stm32l151xb.o [1]
  .text              ro code   0x800'1c18     0x4  startup_stm32l151xb.o [1]
  .text              ro code   0x800'1c1c     0x4  startup_stm32l151xb.o [1]
  .text              ro code   0x800'1c20     0x4  startup_stm32l151xb.o [1]
  .text              ro code   0x800'1c24     0x4  startup_stm32l151xb.o [1]
  .text              ro code   0x800'1c28     0x4  startup_stm32l151xb.o [1]
  .text              ro code   0x800'1c2c     0x4  startup_stm32l151xb.o [1]
  .text              ro code   0x800'1c30     0x4  startup_stm32l151xb.o [1]
  .text              ro code   0x800'1c34     0x4  startup_stm32l151xb.o [1]
  .text              ro code   0x800'1c38     0x4  startup_stm32l151xb.o [1]
  .text              ro code   0x800'1c3c     0x4  startup_stm32l151xb.o [1]
  .text              ro code   0x800'1c40     0x4  startup_stm32l151xb.o [1]
  .text              ro code   0x800'1c44     0x4  startup_stm32l151xb.o [1]
  .text              ro code   0x800'1c48     0x4  startup_stm32l151xb.o [1]
  .text              ro code   0x800'1c4c     0x4  startup_stm32l151xb.o [1]
  .text              ro code   0x800'1c50     0x4  startup_stm32l151xb.o [1]
  .text              ro code   0x800'1c54     0x4  startup_stm32l151xb.o [1]
  .text              ro code   0x800'1c58     0x4  startup_stm32l151xb.o [1]
  .text              ro code   0x800'1c5c     0x4  startup_stm32l151xb.o [1]
  .text              ro code   0x800'1c60     0x4  startup_stm32l151xb.o [1]
  .text              ro code   0x800'1c64     0x4  startup_stm32l151xb.o [1]
  .text              ro code   0x800'1c68     0x4  startup_stm32l151xb.o [1]
  .text              ro code   0x800'1c6c     0x4  startup_stm32l151xb.o [1]
  .text              ro code   0x800'1c70     0x4  startup_stm32l151xb.o [1]
  .text              ro code   0x800'1c74     0x4  startup_stm32l151xb.o [1]
  .text              ro code   0x800'1c78     0x4  startup_stm32l151xb.o [1]
  .rodata            const     0x800'1c7c     0x0  packbits_init_single.o [6]
  Initializer bytes  const     0x800'1c7c    0x18  <for P2-1>
                             - 0x800'1c94  0x1ba0

"P2", part 1 of 2:                          0x120
  P2-1                        0x2000'0000   0x120  <Init block>
    .data            inited   0x2000'0000    0xcc  main.o [2]
    .data            inited   0x2000'00cc     0xc  stm32l1xx_hal.o [4]
    .data            inited   0x2000'00d8     0x4  system_stm32l1xx.o [3]
    .bss             inited   0x2000'00dc    0x44  usart.o [2]
                            - 0x2000'0120   0x120

"P2", part 2 of 2:                          0x400
  CSTACK                      0x2000'0120   0x400  <Block>
    CSTACK           uninit   0x2000'0120   0x400  <Block tail>
                            - 0x2000'0520   0x400

Unused ranges:

         From           To      Size
         ----           --      ----
   0x800'1c94   0x801'ffff  0x1'e36c
  0x2000'0520  0x2000'3fff    0x3ae0


*******************************************************************************
*** INIT TABLE
***

          Address      Size
          -------      ----
Copy/packbits (__iar_packbits_init_single3)
    1 source range, total size 0x18 (8% of destination):
           0x800'1c7c   0x18
    1 destination range, total size 0x120:
          0x2000'0000  0x120



*******************************************************************************
*** MODULE SUMMARY
***

    Module                  ro code  ro data  rw data
    ------                  -------  -------  -------
command line/config:
    -------------------------------------------------
    Total:

D:\Work\Programming\LORA\LORA SX1276\EWARM\STM32L151 LORA\Obj\Application\EWARM: [1]
    startup_stm32l151xb.o       424
    -------------------------------------------------
    Total:                      424

D:\Work\Programming\LORA\LORA SX1276\EWARM\STM32L151 LORA\Obj\Application\User\Core: [2]
    LORA SX1276.o               616
    SPI1.o                      330
    gpio.o                      340
    main.o                      320       17      204
    stm32l1xx_hal_msp.o          68
    stm32l1xx_it.o               32
    usart.o                     300        6       68
    -------------------------------------------------
    Total:                    2'006       23      272

D:\Work\Programming\LORA\LORA SX1276\EWARM\STM32L151 LORA\Obj\Drivers\CMSIS: [3]
    system_stm32l1xx.o           44        8        4
    -------------------------------------------------
    Total:                       44        8        4

D:\Work\Programming\LORA\LORA SX1276\EWARM\STM32L151 LORA\Obj\Drivers\STM32L1xx_HAL_Driver: [4]
    stm32l1xx_hal.o             166        1       12
    stm32l1xx_hal_cortex.o      196
    stm32l1xx_hal_dma.o         154
    stm32l1xx_hal_gpio.o        468
    stm32l1xx_hal_rcc.o       1'588
    stm32l1xx_hal_uart.o      1'630
    -------------------------------------------------
    Total:                    4'202        1       12

dl7M_tlf.a: [5]
    exit.o                        4
    low_level_init.o              4
    -------------------------------------------------
    Total:                        8

rt7M_tl.a: [6]
    ABImemset.o                 102
    I64DivMod_small.o           262
    I64DivZer.o                   2
    cexit.o                      10
    cmain.o                      30
    cstartup_M.o                 28
    data_init.o                  40
    memset.o                     20
    packbits_init_single.o       58
    -------------------------------------------------
    Total:                      552

shb_l.a: [7]
    exit.o                       20
    -------------------------------------------------
    Total:                       20

    Gaps                         12
    Linker created                        16    1'024
-----------------------------------------------------
    Grand Total:              7'268       48    1'312


*******************************************************************************
*** ENTRY LIST
***

Entry                       Address   Size  Type      Object
-----                       -------   ----  ----      ------
.iar.init_table$$Base    0x800'1b1c          --   Gb  - Linker created -
.iar.init_table$$Limit   0x800'1b2c          --   Gb  - Linker created -
?main                    0x800'1b5d         Code  Gb  cmain.o [6]
AHBPrescTable            0x800'1ae4   0x10  Data  Gb  system_stm32l1xx.o [3]
APBPrescTable            0x800'1bd0    0x8  Data  Gb  system_stm32l1xx.o [3]
BusFault_Handler         0x800'1b33    0x2  Code  Gb  stm32l1xx_it.o [2]
CSTACK$$Base            0x2000'0120          --   Gb  - Linker created -
CSTACK$$Limit           0x2000'0520          --   Gb  - Linker created -
DebugMon_Handler         0x800'1b39    0x2  Code  Gb  stm32l1xx_it.o [2]
Delay_a                  0x800'1625   0x18  Code  Gb  gpio.o [2]
EXTI0_IRQHandler         0x800'104d   0x16  Code  Gb  main.o [2]
EXTI15_10_IRQHandler     0x800'1065   0x1a  Code  Gb  main.o [2]
Error_Handler            0x800'1095    0x4  Code  Gb  main.o [2]
HAL_DMA_Abort            0x800'0885   0x3e  Code  Gb  stm32l1xx_hal_dma.o [4]
HAL_DMA_Abort_IT         0x800'08cb   0x46  Code  Gb  stm32l1xx_hal_dma.o [4]
HAL_Delay                0x800'1aa1   0x28  Code  Wk  stm32l1xx_hal.o [4]
HAL_GPIO_Init            0x800'10ad  0x1b2  Code  Gb  stm32l1xx_hal_gpio.o [4]
HAL_GetTick              0x800'0879    0xc  Code  Wk  stm32l1xx_hal.o [4]
HAL_IncTick              0x800'1b4d   0x10  Code  Wk  stm32l1xx_hal.o [4]
HAL_Init                 0x800'14c9   0x1e  Code  Gb  stm32l1xx_hal.o [4]
HAL_InitTick             0x800'1345   0x44  Code  Wk  stm32l1xx_hal.o [4]
HAL_MspInit              0x800'1a5d   0x44  Code  Gb  stm32l1xx_hal_msp.o [2]
HAL_NVIC_EnableIRQ       0x800'12ef   0x16  Code  Gb  stm32l1xx_hal_cortex.o [4]
HAL_NVIC_SetPriority     0x800'12b5   0x3a  Code  Gb  stm32l1xx_hal_cortex.o [4]
HAL_NVIC_SetPriorityGrouping
                         0x800'129b   0x1a  Code  Gb  stm32l1xx_hal_cortex.o [4]
HAL_RCC_ClockConfig      0x800'0cd3  0x138  Code  Gb  stm32l1xx_hal_rcc.o [4]
HAL_RCC_GetPCLK1Freq     0x800'0e8b   0x10  Code  Gb  stm32l1xx_hal_rcc.o [4]
HAL_RCC_GetPCLK2Freq     0x800'0e9b    0xe  Code  Gb  stm32l1xx_hal_rcc.o [4]
HAL_RCC_GetSysClockFreq
                         0x800'0e2d   0x5e  Code  Gb  stm32l1xx_hal_rcc.o [4]
HAL_RCC_OscConfig        0x800'0925  0x398  Code  Gb  stm32l1xx_hal_rcc.o [4]
HAL_SYSTICK_Config       0x800'1305   0x28  Code  Gb  stm32l1xx_hal_cortex.o [4]
HAL_UART_AbortReceive_IT
                         0x800'0269   0x32  Code  Gb  stm32l1xx_hal_uart.o [4]
HAL_UART_IDLE_Callback   0x800'07e9   0x24  Code  Gb  usart.o [2]
HAL_UART_IRQHandler      0x800'02d5  0x210  Code  Gb  stm32l1xx_hal_uart.o [4]
HAL_UART_Init            0x800'00f5   0x1e  Code  Gb  stm32l1xx_hal_uart.o [4]
HAL_UART_MspInit         0x800'077b   0x6e  Code  Gb  usart.o [2]
HAL_UART_Receive_IT      0x800'021f   0x30  Code  Gb  stm32l1xx_hal_uart.o [4]
HAL_UART_RxCpltCallback
                         0x800'080d   0x20  Code  Gb  usart.o [2]
HAL_UART_Transmit        0x800'016f   0xb0  Code  Gb  stm32l1xx_hal_uart.o [4]
HardFault_Handler        0x800'1b2f    0x2  Code  Gb  stm32l1xx_it.o [2]
LED_config               0x800'151d   0x7e  Code  Gb  gpio.o [2]
Lora_init                0x800'1789   0xda  Code  Gb  LORA SX1276.o [2]
Lora_recieve             0x800'1903   0xb2  Code  Gb  LORA SX1276.o [2]
Lora_reset               0x800'19b5   0x34  Code  Gb  LORA SX1276.o [2]
Lora_transmit            0x800'186b   0x78  Code  Gb  LORA SX1276.o [2]
MX_GPIO_Init             0x800'1503   0x1a  Code  Gb  gpio.o [2]
MX_USART2_UART_Init      0x800'074d   0x2e  Code  Gb  usart.o [2]
MemManage_Handler        0x800'1b31    0x2  Code  Gb  stm32l1xx_it.o [2]
NMI_Handler              0x800'1b2d    0x2  Code  Gb  stm32l1xx_it.o [2]
PLLMulTable              0x800'1ad8    0xc  Data  Gb  system_stm32l1xx.o [3]
PendSV_Handler           0x800'1b3b    0x2  Code  Gb  stm32l1xx_it.o [2]
RCC_SetFlashLatencyFromMSIRange
                         0x800'0eaf   0x72  Code  Lc  stm32l1xx_hal_rcc.o [4]
Region$$Table$$Base      0x800'1b1c          --   Gb  - Linker created -
Region$$Table$$Limit     0x800'1b2c          --   Gb  - Linker created -
SPI1_Read                0x800'16c3   0x44  Code  Gb  SPI1.o [2]
SPI1_Write               0x800'1707   0x3e  Code  Gb  SPI1.o [2]
SPI_GPIO_config          0x800'163d   0x5e  Code  Gb  SPI1.o [2]
SPI_config               0x800'169b   0x28  Code  Gb  SPI1.o [2]
SVC_Handler              0x800'1b37    0x2  Code  Gb  stm32l1xx_it.o [2]
SysTick_Handler          0x800'1b3d    0x4  Code  Gb  stm32l1xx_it.o [2]
SystemClock_Config       0x800'0fdf   0x6e  Code  Gb  main.o [2]
SystemCoreClock         0x2000'00d8    0x4  Data  Gb  system_stm32l1xx.o [3]
SystemInit               0x800'1ac9    0xa  Code  Gb  system_stm32l1xx.o [3]
UART_DMAAbortOnError     0x800'05bd    0xe  Code  Lc  stm32l1xx_hal_uart.o [4]
UART_DMARxOnlyAbortCallback
                         0x800'05cd   0x12  Code  Lc  stm32l1xx_hal_uart.o [4]
UART_EndRxTransfer       0x800'058d   0x30  Code  Lc  stm32l1xx_hal_uart.o [4]
UART_Receive_IT          0x800'05df   0xb8  Code  Lc  stm32l1xx_hal_uart.o [4]
UART_SetConfig           0x800'0697   0x9c  Code  Lc  stm32l1xx_hal_uart.o [4]
UART_Start_Receive_IT    0x800'0557   0x36  Code  Gb  stm32l1xx_hal_uart.o [4]
UART_WaitOnFlagUntilTimeout
                         0x800'04f1   0x5a  Code  Lc  stm32l1xx_hal_uart.o [4]
USART2_IRQHandler        0x800'1b41    0x6  Code  Gb  stm32l1xx_it.o [2]
UsageFault_Handler       0x800'1b35    0x2  Code  Gb  stm32l1xx_it.o [2]
__NVIC_SetPriority       0x800'14e9   0x1a  Code  Lc  gpio.o [2]
__NVIC_SetPriority       0x800'1281   0x1a  Code  Lc  stm32l1xx_hal_cortex.o [4]
__aeabi_ldiv0            0x800'1a59         Code  Gb  I64DivZer.o [6]
__aeabi_memset           0x800'19f1         Code  Gb  ABImemset.o [6]
__cmain                  0x800'1b5d         Code  Gb  cmain.o [6]
__exit                   0x800'1b91   0x14  Code  Gb  exit.o [7]
__iar_Memset             0x800'19f1         Code  Gb  ABImemset.o [6]
__iar_Memset_word        0x800'19f9         Code  Gb  ABImemset.o [6]
__iar_data_init3         0x800'1af5   0x28  Code  Gb  data_init.o [6]
__iar_packbits_init_single3
                         0x800'148f   0x3a  Code  Gb  packbits_init_single.o [6]
__iar_program_start      0x800'1ba5         Code  Gb  cstartup_M.o [6]
__iar_small_uldivmod     0x800'1389         Code  Gb  I64DivMod_small.o [6]
__low_level_init         0x800'1b7b    0x4  Code  Gb  low_level_init.o [5]
__vector_table           0x800'0000         Data  Gb  startup_stm32l151xb.o [1]
_call_main               0x800'1b69         Code  Gb  cmain.o [6]
_exit                    0x800'1b85         Code  Gb  cexit.o [6]
answer                  0x2000'0002    0x1  Data  Gb  main.o [2]
exit                     0x800'1b7f    0x4  Code  Gb  exit.o [5]
exti_config              0x800'159b   0x64  Code  Gb  gpio.o [2]
flag                    0x2000'0001    0x1  Data  Gb  main.o [2]
huart2                  0x2000'00dc   0x44  Data  Gb  usart.o [2]
main                     0x800'0f59   0x86  Code  Gb  main.o [2]
memset                   0x800'1099   0x14  Code  Gb  memset.o [6]
num_of_bytes            0x2000'0003    0x1  Data  Gb  main.o [2]
rx_buffer_len           0x2000'0000    0x1  Data  Gb  main.o [2]
str_uart                0x2000'0004   0x64  Data  Gb  main.o [2]
str_uart_r              0x2000'0068   0x64  Data  Gb  main.o [2]
uwTick                  0x2000'00cc    0x4  Data  Gb  stm32l1xx_hal.o [4]
uwTickFreq              0x2000'00d4    0x4  Data  Gb  stm32l1xx_hal.o [4]
uwTickPrio              0x2000'00d0    0x4  Data  Gb  stm32l1xx_hal.o [4]


[1] = D:\Work\Programming\LORA\LORA SX1276\EWARM\STM32L151 LORA\Obj\Application\EWARM
[2] = D:\Work\Programming\LORA\LORA SX1276\EWARM\STM32L151 LORA\Obj\Application\User\Core
[3] = D:\Work\Programming\LORA\LORA SX1276\EWARM\STM32L151 LORA\Obj\Drivers\CMSIS
[4] = D:\Work\Programming\LORA\LORA SX1276\EWARM\STM32L151 LORA\Obj\Drivers\STM32L1xx_HAL_Driver
[5] = dl7M_tlf.a
[6] = rt7M_tl.a
[7] = shb_l.a

  7'268 bytes of readonly  code memory
     48 bytes of readonly  data memory
  1'312 bytes of readwrite data memory

Errors: none
Warnings: none
