###############################################################################
#
# IAR ELF Linker V9.32.1.338/W64 for ARM                  13/Feb/2023  18:02:40
# Copyright 2007-2022 IAR Systems AB.
#
#    Output file  =
#        D:\Work\Programming\LORA\LORA SX1276\EWARM\STM32L151
#        LORA\Exe\STM32L151 LORA.out
#    Map file     =
#        D:\Work\Programming\LORA\LORA SX1276\EWARM\STM32L151
#        LORA\List\STM32L151 LORA.map
#    Command line =
#        -f "D:\Work\Programming\LORA\LORA SX1276\EWARM\STM32L151
#        LORA\Exe\STM32L151 LORA.out.rsp" ("D:\Work\Programming\LORA\LORA
#        SX1276\EWARM\STM32L151 LORA\Obj\Application\User\Core\Commands.o"
#        "D:\Work\Programming\LORA\LORA SX1276\EWARM\STM32L151
#        LORA\Obj\Application\User\Core\gpio.o" "D:\Work\Programming\LORA\LORA
#        SX1276\EWARM\STM32L151 LORA\Obj\Application\User\Core\LORA SX1276.o"
#        "D:\Work\Programming\LORA\LORA SX1276\EWARM\STM32L151
#        LORA\Obj\Application\User\Core\main.o" "D:\Work\Programming\LORA\LORA
#        SX1276\EWARM\STM32L151 LORA\Obj\Application\User\Core\SPI1.o"
#        "D:\Work\Programming\LORA\LORA SX1276\EWARM\STM32L151
#        LORA\Obj\Application\EWARM\startup_stm32l151xb.o"
#        "D:\Work\Programming\LORA\LORA SX1276\EWARM\STM32L151
#        LORA\Obj\Drivers\STM32L1xx_HAL_Driver\stm32l1xx_hal.o"
#        "D:\Work\Programming\LORA\LORA SX1276\EWARM\STM32L151
#        LORA\Obj\Drivers\STM32L1xx_HAL_Driver\stm32l1xx_hal_cortex.o"
#        "D:\Work\Programming\LORA\LORA SX1276\EWARM\STM32L151
#        LORA\Obj\Drivers\STM32L1xx_HAL_Driver\stm32l1xx_hal_dma.o"
#        "D:\Work\Programming\LORA\LORA SX1276\EWARM\STM32L151
#        LORA\Obj\Drivers\STM32L1xx_HAL_Driver\stm32l1xx_hal_exti.o"
#        "D:\Work\Programming\LORA\LORA SX1276\EWARM\STM32L151
#        LORA\Obj\Drivers\STM32L1xx_HAL_Driver\stm32l1xx_hal_flash.o"
#        "D:\Work\Programming\LORA\LORA SX1276\EWARM\STM32L151
#        LORA\Obj\Drivers\STM32L1xx_HAL_Driver\stm32l1xx_hal_flash_ex.o"
#        "D:\Work\Programming\LORA\LORA SX1276\EWARM\STM32L151
#        LORA\Obj\Drivers\STM32L1xx_HAL_Driver\stm32l1xx_hal_flash_ramfunc.o"
#        "D:\Work\Programming\LORA\LORA SX1276\EWARM\STM32L151
#        LORA\Obj\Drivers\STM32L1xx_HAL_Driver\stm32l1xx_hal_gpio.o"
#        "D:\Work\Programming\LORA\LORA SX1276\EWARM\STM32L151
#        LORA\Obj\Application\User\Core\stm32l1xx_hal_msp.o"
#        "D:\Work\Programming\LORA\LORA SX1276\EWARM\STM32L151
#        LORA\Obj\Drivers\STM32L1xx_HAL_Driver\stm32l1xx_hal_pwr.o"
#        "D:\Work\Programming\LORA\LORA SX1276\EWARM\STM32L151
#        LORA\Obj\Drivers\STM32L1xx_HAL_Driver\stm32l1xx_hal_pwr_ex.o"
#        "D:\Work\Programming\LORA\LORA SX1276\EWARM\STM32L151
#        LORA\Obj\Drivers\STM32L1xx_HAL_Driver\stm32l1xx_hal_rcc.o"
#        "D:\Work\Programming\LORA\LORA SX1276\EWARM\STM32L151
#        LORA\Obj\Drivers\STM32L1xx_HAL_Driver\stm32l1xx_hal_rcc_ex.o"
#        "D:\Work\Programming\LORA\LORA SX1276\EWARM\STM32L151
#        LORA\Obj\Drivers\STM32L1xx_HAL_Driver\stm32l1xx_hal_tim.o"
#        "D:\Work\Programming\LORA\LORA SX1276\EWARM\STM32L151
#        LORA\Obj\Drivers\STM32L1xx_HAL_Driver\stm32l1xx_hal_tim_ex.o"
#        "D:\Work\Programming\LORA\LORA SX1276\EWARM\STM32L151
#        LORA\Obj\Drivers\STM32L1xx_HAL_Driver\stm32l1xx_hal_uart.o"
#        "D:\Work\Programming\LORA\LORA SX1276\EWARM\STM32L151
#        LORA\Obj\Application\User\Core\stm32l1xx_it.o"
#        "D:\Work\Programming\LORA\LORA SX1276\EWARM\STM32L151
#        LORA\Obj\Drivers\CMSIS\system_stm32l1xx.o"
#        "D:\Work\Programming\LORA\LORA SX1276\EWARM\STM32L151
#        LORA\Obj\Application\User\Core\tim.o" "D:\Work\Programming\LORA\LORA
#        SX1276\EWARM\STM32L151 LORA\Obj\Application\User\Core\usart.o"
#        --no_out_extension -o "D:\Work\Programming\LORA\LORA
#        SX1276\EWARM\STM32L151 LORA\Exe\STM32L151 LORA.out" --redirect
#        _Printf=_PrintfFullNoMb --redirect _Scanf=_ScanfFullNoMb --map
#        "D:\Work\Programming\LORA\LORA SX1276\EWARM\STM32L151
#        LORA\List\STM32L151 LORA.map" --config "D:\Work\Programming\LORA\LORA
#        SX1276\EWARM/stm32l151xb_flash.icf" --semihosting --entry
#        __iar_program_start --vfe --text_out locale --cpu=Cortex-M3
#        --fpu=None)
#
###############################################################################

*******************************************************************************
*** RUNTIME MODEL ATTRIBUTES
***

CppFlavor       = *
__CPP_Runtime   = 1
__SystemLibrary = DLib
__dlib_version  = 6


*******************************************************************************
*** HEAP SELECTION
***

The basic heap was selected because --advanced_heap
was not specified and the application did not appear to
be primarily optimized for speed.


*******************************************************************************
*** PLACEMENT SUMMARY
***

"A0":  place at address 0x800'0000 { ro section .intvec };
"P1":  place in [from 0x800'0000 to 0x801'ffff] { ro };
define block CSTACK with size = 1K, alignment = 8 { };
define block HEAP with size = 512, alignment = 8 { };
"P2":  place in [from 0x2000'0000 to 0x2000'3fff] {
          rw, block CSTACK, block HEAP };
initialize by copy { rw };

  Section            Kind         Address    Size  Object
  -------            ----         -------    ----  ------
"A0":                                        0xf4
  .intvec            ro code   0x800'0000    0xf4  startup_stm32l151xb.o [1]
                             - 0x800'00f4    0xf4

"P1":                                      0x3bef
  .text              ro code   0x800'00f4   0x9b0  Commands.o [2]
  .text              ro code   0x800'0aa4    0x14  toupper.o [5]
  .text              ro code   0x800'0ab8    0x24  strpbrk.o [5]
  .text              ro code   0x800'0adc    0xa6  ABImemcpy.o [6]
  .text              ro code   0x800'0b82    0x3a  packbits_init_single.o [6]
  .text              ro code   0x800'0bbc    0x70  strncpy.o [6]
  .text              ro code   0x800'0c2c    0x36  strlen.o [6]
  .text              ro code   0x800'0c62    0x2a  strncmp.o [5]
  .text              ro code   0x800'0c8c   0x17c  stm32l1xx_hal_cortex.o [4]
  .text              ro code   0x800'0e08   0x2e4  LORA SX1276.o [2]
  .text              ro code   0x800'10ec   0x858  stm32l1xx_hal_uart.o [4]
  .text              ro code   0x800'1944    0x28  stm32l1xx_hal.o [4]
  .text              ro code   0x800'196c   0x1bc  SPI1.o [2]
  .text              ro code   0x800'1b28    0x24  xlocale_c.o [5]
  .text              ro code   0x800'1b4c    0x66  ABImemset.o [6]
  .rodata            const     0x800'1bb2     0x2  xlocale_c.o [5]
  .text              ro code   0x800'1bb4   0x20e  gpio.o [2]
  .text              ro code   0x800'1dc4   0x118  usart.o [2]
  .text              ro code   0x800'1edc     0xc  stm32l1xx_hal.o [4]
  .text              ro code   0x800'1ee8    0xb2  stm32l1xx_hal_dma.o [4]
  .text              ro code   0x800'1f9a     0x2  stm32l1xx_hal_uart.o [4]
  .text              ro code   0x800'1f9c     0x2  stm32l1xx_hal_uart.o [4]
  .text              ro code   0x800'1f9e     0x2  stm32l1xx_hal_uart.o [4]
  .text              ro code   0x800'1fa0     0x2  stm32l1xx_hal_uart.o [4]
  .text              ro code   0x800'1fa4   0x858  stm32l1xx_hal_rcc.o [4]
  .text              ro code   0x800'27fc   0x2a0  main.o [2]
  .text              ro code   0x800'2a9c    0x14  memset.o [6]
  .text              ro code   0x800'2ab0   0x1d4  stm32l1xx_hal_gpio.o [4]
  .text              ro code   0x800'2c84    0x60  stm32l1xx_hal.o [4]
  .text              ro code   0x800'2ce4   0x230  I64DivMod.o [6]
  .text              ro code   0x800'2f14    0x24  stm32l1xx_hal.o [4]
  .text              ro code   0x800'2f38    0xcc  tim.o [2]
  .text              ro code   0x800'3004   0x624  stm32l1xx_hal_tim.o [4]
  .text              ro code   0x800'3628     0x2  I64DivZer.o [6]
  .text              ro code   0x800'362c    0x48  stm32l1xx_hal_msp.o [2]
  .text              ro code   0x800'3674     0x2  stm32l1xx_hal_tim.o [4]
  .text              ro code   0x800'3676     0x2  stm32l1xx_hal_tim.o [4]
  .text              ro code   0x800'3678     0x2  stm32l1xx_hal_tim.o [4]
  .text              ro code   0x800'367a     0x2  stm32l1xx_hal_tim.o [4]
  .text              ro code   0x800'367c     0x2  stm32l1xx_hal_tim.o [4]
  .rodata            const     0x800'3680   0x218  Commands.o [2]
  .rodata            const     0x800'3898    0x48  Commands.o [2]
  .text              ro code   0x800'38e0    0x38  zero_init3.o [6]
  .text              ro code   0x800'3918    0x34  stm32l1xx_it.o [2]
  .text              ro code   0x800'394c    0x18  stm32l1xx_hal.o [4]
  .rodata            const     0x800'3964    0x28  Commands.o [2]
  .text              ro code   0x800'398c    0x28  data_init.o [6]
  .rodata            const     0x800'39b4    0x24  Commands.o [2]
  .iar.init_table    const     0x800'39d8    0x20  - Linker created -
  .rodata            const     0x800'39f8    0x20  Commands.o [2]
  .rodata            const     0x800'3a18    0x20  Commands.o [2]
  .rodata            const     0x800'3a38    0x20  Commands.o [2]
  .text              ro code   0x800'3a58    0x1e  cmain.o [6]
  .text              ro code   0x800'3a76     0x4  low_level_init.o [5]
  .text              ro code   0x800'3a7a     0x4  exit.o [5]
  .text              ro code   0x800'3a80     0xa  cexit.o [6]
  .text              ro code   0x800'3a8c    0x14  exit.o [7]
  .rodata            const     0x800'3aa0    0x1c  Commands.o [2]
  .text              ro code   0x800'3abc    0x1c  cstartup_M.o [6]
  .rodata            const     0x800'3ad8    0x14  Commands.o [2]
  .rodata            const     0x800'3aec    0x14  Commands.o [2]
  .rodata            const     0x800'3b00    0x14  Commands.o [2]
  .rodata            const     0x800'3b14    0x14  Commands.o [2]
  .rodata            const     0x800'3b28    0x10  Commands.o [2]
  .rodata            const     0x800'3b38    0x10  Commands.o [2]
  .rodata            const     0x800'3b48    0x10  Commands.o [2]
  .rodata            const     0x800'3b58    0x10  Commands.o [2]
  .rodata            const     0x800'3b68    0x10  system_stm32l1xx.o [3]
  .text              ro code   0x800'3b78    0x10  startup_stm32l151xb.o [1]
  .text              ro code   0x800'3b88    0x10  system_stm32l1xx.o [3]
  .rodata            const     0x800'3b98     0xc  Commands.o [2]
  .rodata            const     0x800'3ba4     0xc  Commands.o [2]
  .rodata            const     0x800'3bb0     0xc  Commands.o [2]
  .rodata            const     0x800'3bbc     0xc  system_stm32l1xx.o [3]
  .rodata            const     0x800'3bc8     0x8  Commands.o [2]
  .rodata            const     0x800'3bd0     0x8  Commands.o [2]
  .rodata            const     0x800'3bd8     0x8  Commands.o [2]
  .rodata            const     0x800'3be0     0x8  Commands.o [2]
  .rodata            const     0x800'3be8     0x8  Commands.o [2]
  .rodata            const     0x800'3bf0     0x8  Commands.o [2]
  .rodata            const     0x800'3bf8     0x8  system_stm32l1xx.o [3]
  .rodata            const     0x800'3c00     0x4  Commands.o [2]
  .rodata            const     0x800'3c04     0x4  Commands.o [2]
  .text              ro code   0x800'3c08     0x4  startup_stm32l151xb.o [1]
  .text              ro code   0x800'3c0c     0x4  startup_stm32l151xb.o [1]
  .text              ro code   0x800'3c10     0x4  startup_stm32l151xb.o [1]
  .text              ro code   0x800'3c14     0x4  startup_stm32l151xb.o [1]
  .text              ro code   0x800'3c18     0x4  startup_stm32l151xb.o [1]
  .text              ro code   0x800'3c1c     0x4  startup_stm32l151xb.o [1]
  .text              ro code   0x800'3c20     0x4  startup_stm32l151xb.o [1]
  .text              ro code   0x800'3c24     0x4  startup_stm32l151xb.o [1]
  .text              ro code   0x800'3c28     0x4  startup_stm32l151xb.o [1]
  .text              ro code   0x800'3c2c     0x4  startup_stm32l151xb.o [1]
  .text              ro code   0x800'3c30     0x4  startup_stm32l151xb.o [1]
  .text              ro code   0x800'3c34     0x4  startup_stm32l151xb.o [1]
  .text              ro code   0x800'3c38     0x4  startup_stm32l151xb.o [1]
  .text              ro code   0x800'3c3c     0x4  startup_stm32l151xb.o [1]
  .text              ro code   0x800'3c40     0x4  startup_stm32l151xb.o [1]
  .text              ro code   0x800'3c44     0x4  startup_stm32l151xb.o [1]
  .text              ro code   0x800'3c48     0x4  startup_stm32l151xb.o [1]
  .text              ro code   0x800'3c4c     0x4  startup_stm32l151xb.o [1]
  .text              ro code   0x800'3c50     0x4  startup_stm32l151xb.o [1]
  .text              ro code   0x800'3c54     0x4  startup_stm32l151xb.o [1]
  .text              ro code   0x800'3c58     0x4  startup_stm32l151xb.o [1]
  .text              ro code   0x800'3c5c     0x4  startup_stm32l151xb.o [1]
  .text              ro code   0x800'3c60     0x4  startup_stm32l151xb.o [1]
  .text              ro code   0x800'3c64     0x4  startup_stm32l151xb.o [1]
  .text              ro code   0x800'3c68     0x4  startup_stm32l151xb.o [1]
  .text              ro code   0x800'3c6c     0x4  startup_stm32l151xb.o [1]
  .text              ro code   0x800'3c70     0x4  startup_stm32l151xb.o [1]
  .text              ro code   0x800'3c74     0x4  startup_stm32l151xb.o [1]
  .text              ro code   0x800'3c78     0x4  startup_stm32l151xb.o [1]
  .text              ro code   0x800'3c7c     0x4  startup_stm32l151xb.o [1]
  .text              ro code   0x800'3c80     0x4  startup_stm32l151xb.o [1]
  .text              ro code   0x800'3c84     0x4  startup_stm32l151xb.o [1]
  .text              ro code   0x800'3c88     0x4  startup_stm32l151xb.o [1]
  .text              ro code   0x800'3c8c     0x4  startup_stm32l151xb.o [1]
  .text              ro code   0x800'3c90     0x4  startup_stm32l151xb.o [1]
  .text              ro code   0x800'3c94     0x4  startup_stm32l151xb.o [1]
  .text              ro code   0x800'3c98     0x4  startup_stm32l151xb.o [1]
  .text              ro code   0x800'3c9c     0x4  startup_stm32l151xb.o [1]
  .text              ro code   0x800'3ca0     0x4  startup_stm32l151xb.o [1]
  .text              ro code   0x800'3ca4     0x4  startup_stm32l151xb.o [1]
  .rodata            const     0x800'3ca8     0x0  zero_init3.o [6]
  .rodata            const     0x800'3ca8     0x0  packbits_init_single.o [6]
  Initializer bytes  const     0x800'3ca8    0x2c  <for P2-1>
                             - 0x800'3cd4  0x3be0

"P2", part 1 of 3:                           0xb8
  P2-1                        0x2000'0000    0xb8  <Init block>
    .data            inited   0x2000'0000    0x64  main.o [2]
    .data            inited   0x2000'0064     0x4  stm32l1xx_hal.o [4]
    .data            inited   0x2000'0068     0x4  stm32l1xx_hal.o [4]
    .data            inited   0x2000'006c     0x4  system_stm32l1xx.o [3]
    .data            inited   0x2000'0070    0x48  xlocale_c.o [5]
                            - 0x2000'00b8    0xb8

"P2", part 2 of 3:                          0x1fc
  .bss               zero     0x2000'00b8   0x100  Commands.o [2]
  .bss               zero     0x2000'01b8    0x64  main.o [2]
  .bss               zero     0x2000'021c    0x44  usart.o [2]
  .bss               zero     0x2000'0260    0x40  tim.o [2]
  .bss               zero     0x2000'02a0     0x4  main.o [2]
  .bss               zero     0x2000'02a4     0x4  stm32l1xx_hal.o [4]
  .bss               zero     0x2000'02a8     0x1  LORA SX1276.o [2]
  .bss               zero     0x2000'02a9     0x1  LORA SX1276.o [2]
  .bss               zero     0x2000'02aa     0x1  main.o [2]
  .bss               zero     0x2000'02ab     0x1  main.o [2]
  .bss               zero     0x2000'02ac     0x1  main.o [2]
  .bss               zero     0x2000'02ad     0x1  main.o [2]
  .bss               zero     0x2000'02ae     0x1  main.o [2]
  .bss               zero     0x2000'02af     0x1  main.o [2]
  .bss               zero     0x2000'02b0     0x1  main.o [2]
                            - 0x2000'02b1   0x1f9

"P2", part 3 of 3:                          0x400
  CSTACK                      0x2000'02b8   0x400  <Block>
    CSTACK           uninit   0x2000'02b8   0x400  <Block tail>
                            - 0x2000'06b8   0x400

Unused ranges:

         From           To      Size
         ----           --      ----
   0x800'3ce3   0x801'ffff  0x1'c31d
  0x2000'02b4  0x2000'02b7       0x4
  0x2000'06b8  0x2000'3fff    0x3948


*******************************************************************************
*** INIT TABLE
***

          Address      Size
          -------      ----
Zero (__iar_zero_init3)
    1 destination range, total size 0x1f9:
          0x2000'00b8  0x1f9

Copy/packbits (__iar_packbits_init_single3)
    1 source range, total size 0x2c (23% of destination):
           0x800'3ca8   0x2c
    1 destination range, total size 0xb8:
          0x2000'0000   0xb8



*******************************************************************************
*** MODULE SUMMARY
***

    Module                  ro code  ro data  rw data
    ------                  -------  -------  -------
command line/config:
    -------------------------------------------------
    Total:

D:\Work\Programming\LORA\LORA SX1276\EWARM\STM32L151 LORA\Obj\Application\EWARM: [1]
    startup_stm32l151xb.o       420
    -------------------------------------------------
    Total:                      420

D:\Work\Programming\LORA\LORA SX1276\EWARM\STM32L151 LORA\Obj\Application\User\Core: [2]
    Commands.o                2'480    1'044      256
    LORA SX1276.o               740                 2
    SPI1.o                      444
    gpio.o                      526
    main.o                      672       23      211
    stm32l1xx_hal_msp.o          72
    stm32l1xx_it.o               52
    tim.o                       204                64
    usart.o                     280                68
    -------------------------------------------------
    Total:                    5'470    1'067      601

D:\Work\Programming\LORA\LORA SX1276\EWARM\STM32L151 LORA\Obj\Drivers\CMSIS: [3]
    system_stm32l1xx.o           16       37        4
    -------------------------------------------------
    Total:                       16       37        4

D:\Work\Programming\LORA\LORA SX1276\EWARM\STM32L151 LORA\Obj\Drivers\STM32L1xx_HAL_Driver: [4]
    stm32l1xx_hal.o             208        2       12
    stm32l1xx_hal_cortex.o      380
    stm32l1xx_hal_dma.o         178
    stm32l1xx_hal_gpio.o        468
    stm32l1xx_hal_rcc.o       2'136
    stm32l1xx_hal_tim.o       1'582
    stm32l1xx_hal_uart.o      2'144
    -------------------------------------------------
    Total:                    7'096        2       12

dl7M_tlf.a: [5]
    exit.o                        4
    low_level_init.o              4
    strncmp.o                    42
    strpbrk.o                    36
    toupper.o                    20
    xlocale_c.o                  36       20       72
    -------------------------------------------------
    Total:                      142       20       72

rt7M_tl.a: [6]
    ABImemcpy.o                 166
    ABImemset.o                 102
    I64DivMod.o                 560
    I64DivZer.o                   2
    cexit.o                      10
    cmain.o                      30
    cstartup_M.o                 28
    data_init.o                  40
    memset.o                     20
    packbits_init_single.o       58
    strlen.o                     54
    strncpy.o                   112
    zero_init3.o                 56
    -------------------------------------------------
    Total:                    1'238

shb_l.a: [7]
    exit.o                       20
    -------------------------------------------------
    Total:                       20

    Gaps                         10        2
    Linker created                        32    1'024
-----------------------------------------------------
    Grand Total:             14'412    1'160    1'713


*******************************************************************************
*** ENTRY LIST
***

Entry                       Address   Size  Type      Object
-----                       -------   ----  ----      ------
.iar.init_table$$Base    0x800'39d8          --   Gb  - Linker created -
.iar.init_table$$Limit   0x800'39f8          --   Gb  - Linker created -
?main                    0x800'3a59         Code  Gb  cmain.o [6]
ADC1_IRQHandler          0x800'3c4d         Code  Wk  startup_stm32l151xb.o [1]
AHBPrescTable            0x800'3b68   0x10  Data  Gb  system_stm32l1xx.o [3]
APBPrescTable            0x800'3bf8    0x8  Data  Gb  system_stm32l1xx.o [3]
ASCII_to_hex             0x800'07a9   0x7c  Code  Gb  Commands.o [2]
Auto_Mode                0x800'0999   0x7e  Code  Gb  Commands.o [2]
BusFault_Handler         0x800'391f    0x2  Code  Gb  stm32l1xx_it.o [2]
COMP_IRQHandler          0x800'3c5d         Code  Wk  startup_stm32l151xb.o [1]
CRC8Table               0x2000'00b8  0x100  Data  Gb  Commands.o [2]
CRC8_init                0x800'00f5   0x3a  Code  Gb  Commands.o [2]
CSTACK$$Base            0x2000'02b8          --   Gb  - Linker created -
CSTACK$$Limit           0x2000'06b8          --   Gb  - Linker created -
Command_FW               0x800'0423   0xd6  Code  Gb  Commands.o [2]
Command_Read             0x800'05ef   0x7c  Code  Gb  Commands.o [2]
Command_Set              0x800'0529   0xc6  Code  Gb  Commands.o [2]
Command_Setloop          0x800'0503   0x26  Code  Gb  Commands.o [2]
Command_auto             0x800'04f9    0xa  Code  Gb  Commands.o [2]
DAC_IRQHandler           0x800'3c59         Code  Wk  startup_stm32l151xb.o [1]
DMA1_Channel1_IRQHandler
                         0x800'3c31         Code  Wk  startup_stm32l151xb.o [1]
DMA1_Channel2_IRQHandler
                         0x800'3c35         Code  Wk  startup_stm32l151xb.o [1]
DMA1_Channel3_IRQHandler
                         0x800'3c39         Code  Wk  startup_stm32l151xb.o [1]
DMA1_Channel4_IRQHandler
                         0x800'3c3d         Code  Wk  startup_stm32l151xb.o [1]
DMA1_Channel5_IRQHandler
                         0x800'3c41         Code  Wk  startup_stm32l151xb.o [1]
DMA1_Channel6_IRQHandler
                         0x800'3c45         Code  Wk  startup_stm32l151xb.o [1]
DMA1_Channel7_IRQHandler
                         0x800'3c49         Code  Wk  startup_stm32l151xb.o [1]
DebugMon_Handler         0x800'3925    0x2  Code  Gb  stm32l1xx_it.o [2]
Delay_a                  0x800'1da9   0x1a  Code  Gb  gpio.o [2]
EXTI0_IRQHandler         0x800'295b   0x84  Code  Gb  main.o [2]
EXTI15_10_IRQHandler     0x800'29e1   0x1a  Code  Gb  main.o [2]
EXTI1_IRQHandler         0x800'3c21         Code  Wk  startup_stm32l151xb.o [1]
EXTI2_IRQHandler         0x800'3c25         Code  Wk  startup_stm32l151xb.o [1]
EXTI3_IRQHandler         0x800'3c29         Code  Wk  startup_stm32l151xb.o [1]
EXTI4_IRQHandler         0x800'3c2d         Code  Wk  startup_stm32l151xb.o [1]
EXTI9_5_IRQHandler       0x800'3c61         Code  Wk  startup_stm32l151xb.o [1]
Error                    0x800'0873   0x1e  Code  Gb  Commands.o [2]
Error_Handler            0x800'2a99    0x4  Code  Gb  main.o [2]
FLASH_IRQHandler         0x800'3c19         Code  Wk  startup_stm32l151xb.o [1]
HAL_DMA_Abort            0x800'1ee9   0x54  Code  Gb  stm32l1xx_hal_dma.o [4]
HAL_DMA_Abort_IT         0x800'1f3d   0x5e  Code  Gb  stm32l1xx_hal_dma.o [4]
HAL_Delay                0x800'1945   0x28  Code  Wk  stm32l1xx_hal.o [4]
HAL_GPIO_Init            0x800'2ab1  0x1a6  Code  Gb  stm32l1xx_hal_gpio.o [4]
HAL_GetTick              0x800'1edd    0xc  Code  Wk  stm32l1xx_hal.o [4]
HAL_IncTick              0x800'394d   0x18  Code  Wk  stm32l1xx_hal.o [4]
HAL_Init                 0x800'2f15   0x24  Code  Gb  stm32l1xx_hal.o [4]
HAL_InitTick             0x800'2c85   0x60  Code  Wk  stm32l1xx_hal.o [4]
HAL_MspInit              0x800'362d   0x48  Code  Gb  stm32l1xx_hal_msp.o [2]
HAL_NVIC_EnableIRQ       0x800'0dc3    0xe  Code  Gb  stm32l1xx_hal_cortex.o [4]
HAL_NVIC_SetPriority     0x800'0d99   0x2a  Code  Gb  stm32l1xx_hal_cortex.o [4]
HAL_NVIC_SetPriorityGrouping
                         0x800'0d8d    0xc  Code  Gb  stm32l1xx_hal_cortex.o [4]
HAL_NVIC_SystemReset     0x800'0dd1    0x8  Code  Gb  stm32l1xx_hal_cortex.o [4]
HAL_RCC_ClockConfig      0x800'24bb  0x1c6  Code  Gb  stm32l1xx_hal_rcc.o [4]
HAL_RCC_GetHCLKFreq      0x800'26fb    0x6  Code  Gb  stm32l1xx_hal_rcc.o [4]
HAL_RCC_GetPCLK1Freq     0x800'2701   0x16  Code  Gb  stm32l1xx_hal_rcc.o [4]
HAL_RCC_GetPCLK2Freq     0x800'2717   0x16  Code  Gb  stm32l1xx_hal_rcc.o [4]
HAL_RCC_GetSysClockFreq
                         0x800'2681   0x7a  Code  Gb  stm32l1xx_hal_rcc.o [4]
HAL_RCC_OscConfig        0x800'1fa5  0x516  Code  Gb  stm32l1xx_hal_rcc.o [4]
HAL_SYSTICK_Config       0x800'0dd9    0xc  Code  Gb  stm32l1xx_hal_cortex.o [4]
HAL_TIM_Base_Init        0x800'3005   0x56  Code  Gb  stm32l1xx_hal_tim.o [4]
HAL_TIM_Base_MspInit     0x800'2fc5   0x32  Code  Gb  tim.o [2]
HAL_TIM_ConfigClockSource
                         0x800'3363   0xec  Code  Gb  stm32l1xx_hal_tim.o [4]
HAL_TIM_IC_CaptureCallback
                         0x800'3677    0x2  Code  Wk  stm32l1xx_hal_tim.o [4]
HAL_TIM_IRQHandler       0x800'31c9  0x13a  Code  Gb  stm32l1xx_hal_tim.o [4]
HAL_TIM_OC_ConfigChannel
                         0x800'3303   0x60  Code  Gb  stm32l1xx_hal_tim.o [4]
HAL_TIM_OC_DelayElapsedCallback
                         0x800'29fb   0x58  Code  Gb  main.o [2]
HAL_TIM_OC_Init          0x800'305b   0x56  Code  Gb  stm32l1xx_hal_tim.o [4]
HAL_TIM_OC_MspInit       0x800'3675    0x2  Code  Wk  stm32l1xx_hal_tim.o [4]
HAL_TIM_OC_Start_IT      0x800'30b1  0x10a  Code  Gb  stm32l1xx_hal_tim.o [4]
HAL_TIM_PWM_PulseFinishedCallback
                         0x800'3679    0x2  Code  Wk  stm32l1xx_hal_tim.o [4]
HAL_TIM_PeriodElapsedCallback
                         0x800'367b    0x2  Code  Wk  stm32l1xx_hal_tim.o [4]
HAL_TIM_TriggerCallback
                         0x800'367d    0x2  Code  Wk  stm32l1xx_hal_tim.o [4]
HAL_UARTEx_RxEventCallback
                         0x800'1f9f    0x2  Code  Wk  stm32l1xx_hal_uart.o [4]
HAL_UART_AbortReceiveCpltCallback
                         0x800'1f9b    0x2  Code  Wk  stm32l1xx_hal_uart.o [4]
HAL_UART_AbortReceive_IT
                         0x800'1283   0x92  Code  Gb  stm32l1xx_hal_uart.o [4]
HAL_UART_ErrorCallback   0x800'1f9d    0x2  Code  Wk  stm32l1xx_hal_uart.o [4]
HAL_UART_IRQHandler      0x800'1315  0x232  Code  Gb  stm32l1xx_hal_uart.o [4]
HAL_UART_Init            0x800'10ed   0x76  Code  Gb  stm32l1xx_hal_uart.o [4]
HAL_UART_MspInit         0x800'1df9   0x70  Code  Gb  usart.o [2]
HAL_UART_Receive_IT      0x800'123b   0x48  Code  Gb  stm32l1xx_hal_uart.o [4]
HAL_UART_RxCpltCallback
                         0x800'1e69   0x52  Code  Gb  usart.o [2]
HAL_UART_Transmit        0x800'1163   0xd8  Code  Gb  stm32l1xx_hal_uart.o [4]
HAL_UART_TxCpltCallback
                         0x800'1fa1    0x2  Code  Wk  stm32l1xx_hal_uart.o [4]
HardFault_Handler        0x800'391b    0x2  Code  Gb  stm32l1xx_it.o [2]
Hex_to_ASCII             0x800'0825   0x4e  Code  Gb  Commands.o [2]
I2C1_ER_IRQHandler       0x800'3c7d         Code  Wk  startup_stm32l151xb.o [1]
I2C1_EV_IRQHandler       0x800'3c79         Code  Wk  startup_stm32l151xb.o [1]
I2C2_ER_IRQHandler       0x800'3c85         Code  Wk  startup_stm32l151xb.o [1]
I2C2_EV_IRQHandler       0x800'3c81         Code  Wk  startup_stm32l151xb.o [1]
LED_config               0x800'1c19   0x80  Code  Gb  gpio.o [2]
Lora_Show_Firmware_Version
                         0x800'0959   0x1e  Code  Gb  Commands.o [2]
Lora_Show_Help           0x800'0977   0x1e  Code  Gb  Commands.o [2]
Lora_Show_List_of_Commands
                         0x800'03f5   0x2e  Code  Gb  Commands.o [2]
Lora_init                0x800'0e09   0xfa  Code  Gb  LORA SX1276.o [2]
Lora_recieve             0x800'0fb1   0xf2  Code  Gb  LORA SX1276.o [2]
Lora_reset               0x800'10a3   0x34  Code  Gb  LORA SX1276.o [2]
Lora_transmit            0x800'0f03   0xae  Code  Gb  LORA SX1276.o [2]
MCO_config               0x800'1d0d   0x58  Code  Gb  gpio.o [2]
MX_GPIO_Init             0x800'1bff   0x1a  Code  Gb  gpio.o [2]
MX_TIM10_Init            0x800'2f39   0x8c  Code  Gb  tim.o [2]
MX_USART2_UART_Init      0x800'1dc5   0x34  Code  Gb  usart.o [2]
MemManage_Handler        0x800'391d    0x2  Code  Gb  stm32l1xx_it.o [2]
NMI_Handler              0x800'3919    0x2  Code  Gb  stm32l1xx_it.o [2]
NVIC_EncodePriority      0x800'0d03   0x40  Code  Lc  stm32l1xx_hal_cortex.o [4]
PLLMulTable              0x800'3bbc    0xc  Data  Gb  system_stm32l1xx.o [3]
PVD_IRQHandler           0x800'3c0d         Code  Wk  startup_stm32l151xb.o [1]
Parser_Commands          0x800'025f  0x196  Code  Gb  Commands.o [2]
PendSV_Handler           0x800'3927    0x2  Code  Gb  stm32l1xx_it.o [2]
RCC_IRQHandler           0x800'3c1d         Code  Wk  startup_stm32l151xb.o [1]
RCC_SetFlashLatencyFromMSIRange
                         0x800'272d   0x86  Code  Lc  stm32l1xx_hal_rcc.o [4]
RSSI_value              0x2000'02a8    0x1  Data  Gb  LORA SX1276.o [2]
RTC_Alarm_IRQHandler     0x800'3c99         Code  Wk  startup_stm32l151xb.o [1]
RTC_WKUP_IRQHandler      0x800'3c15         Code  Wk  startup_stm32l151xb.o [1]
Region$$Table$$Base      0x800'39d8          --   Gb  - Linker created -
Region$$Table$$Limit     0x800'39f8          --   Gb  - Linker created -
Reset_Handler            0x800'3b79         Code  Wk  startup_stm32l151xb.o [1]
SNR_value               0x2000'02a9    0x1  Data  Gb  LORA SX1276.o [2]
SPI1_IRQHandler          0x800'3c89         Code  Wk  startup_stm32l151xb.o [1]
SPI1_Read                0x800'1a47   0x58  Code  Gb  SPI1.o [2]
SPI1_Write               0x800'1a9f   0x52  Code  Gb  SPI1.o [2]
SPI2_IRQHandler          0x800'3c8d         Code  Wk  startup_stm32l151xb.o [1]
SPI_GPIO_config          0x800'19b7   0x64  Code  Gb  SPI1.o [2]
SPI_config               0x800'1a1b   0x2c  Code  Gb  SPI1.o [2]
SVC_Handler              0x800'3923    0x2  Code  Gb  stm32l1xx_it.o [2]
Show_Config              0x800'066b  0x114  Code  Gb  Commands.o [2]
Show_RSSI                0x800'0891   0x62  Code  Gb  Commands.o [2]
Show_SNR                 0x800'08f3   0x60  Code  Gb  Commands.o [2]
SysTick_Config           0x800'0d5d   0x30  Code  Lc  stm32l1xx_hal_cortex.o [4]
SysTick_Handler          0x800'3929    0x8  Code  Gb  stm32l1xx_it.o [2]
SystemClock_Config       0x800'28dd   0x7e  Code  Gb  main.o [2]
SystemCoreClock         0x2000'006c    0x4  Data  Gb  system_stm32l1xx.o [3]
SystemInit               0x800'3b89    0xa  Code  Gb  system_stm32l1xx.o [3]
TAMPER_STAMP_IRQHandler
                         0x800'3c11         Code  Wk  startup_stm32l151xb.o [1]
TIM10_IRQHandler         0x800'3931    0xa  Code  Gb  stm32l1xx_it.o [2]
TIM11_IRQHandler         0x800'3c69         Code  Wk  startup_stm32l151xb.o [1]
TIM2_IRQHandler          0x800'3c6d         Code  Wk  startup_stm32l151xb.o [1]
TIM3_IRQHandler          0x800'3c71         Code  Wk  startup_stm32l151xb.o [1]
TIM4_IRQHandler          0x800'3c75         Code  Wk  startup_stm32l151xb.o [1]
TIM6_IRQHandler          0x800'3ca1         Code  Wk  startup_stm32l151xb.o [1]
TIM7_IRQHandler          0x800'3ca5         Code  Wk  startup_stm32l151xb.o [1]
TIM9_IRQHandler          0x800'3c65         Code  Wk  startup_stm32l151xb.o [1]
TIM_Base_SetConfig       0x800'344f   0x60  Code  Lc  stm32l1xx_hal_tim.o [4]
TIM_CCxChannelCmd        0x800'3605   0x24  Code  Lc  stm32l1xx_hal_tim.o [4]
TIM_ETR_SetConfig        0x800'35ef   0x16  Code  Lc  stm32l1xx_hal_tim.o [4]
TIM_ITRx_SetConfig       0x800'35df   0x10  Code  Lc  stm32l1xx_hal_tim.o [4]
TIM_OC1_SetConfig        0x800'34af   0x32  Code  Lc  stm32l1xx_hal_tim.o [4]
TIM_OC2_SetConfig        0x800'34e1   0x36  Code  Lc  stm32l1xx_hal_tim.o [4]
TIM_OC3_SetConfig        0x800'3517   0x34  Code  Lc  stm32l1xx_hal_tim.o [4]
TIM_OC4_SetConfig        0x800'354b   0x36  Code  Lc  stm32l1xx_hal_tim.o [4]
TIM_TI1_ConfigInputStage
                         0x800'3595   0x24  Code  Lc  stm32l1xx_hal_tim.o [4]
TIM_TI2_ConfigInputStage
                         0x800'35b9   0x26  Code  Lc  stm32l1xx_hal_tim.o [4]
UART_DMAAbortOnError     0x800'1631   0x16  Code  Lc  stm32l1xx_hal_uart.o [4]
UART_DMARxOnlyAbortCallback
                         0x800'1649   0x1c  Code  Lc  stm32l1xx_hal_uart.o [4]
UART_EndRxTransfer       0x800'15f9   0x36  Code  Lc  stm32l1xx_hal_uart.o [4]
UART_EndTransmit_IT      0x800'16cb   0x20  Code  Lc  stm32l1xx_hal_uart.o [4]
UART_Receive_IT          0x800'16eb   0xe2  Code  Lc  stm32l1xx_hal_uart.o [4]
UART_SetConfig           0x800'17cd  0x170  Code  Lc  stm32l1xx_hal_uart.o [4]
UART_Start_Receive_IT    0x800'15b5   0x44  Code  Gb  stm32l1xx_hal_uart.o [4]
UART_Transmit_IT         0x800'1665   0x66  Code  Lc  stm32l1xx_hal_uart.o [4]
UART_WaitOnFlagUntilTimeout
                         0x800'1547   0x6e  Code  Lc  stm32l1xx_hal_uart.o [4]
USART1_IRQHandler        0x800'3c91         Code  Wk  startup_stm32l151xb.o [1]
USART2_IRQHandler        0x800'393b    0xa  Code  Gb  stm32l1xx_it.o [2]
USART3_IRQHandler        0x800'3c95         Code  Wk  startup_stm32l151xb.o [1]
USB_FS_WKUP_IRQHandler   0x800'3c9d         Code  Wk  startup_stm32l151xb.o [1]
USB_HP_IRQHandler        0x800'3c51         Code  Wk  startup_stm32l151xb.o [1]
USB_LP_IRQHandler        0x800'3c55         Code  Wk  startup_stm32l151xb.o [1]
Uart_Data_Clear          0x800'077f   0x2a  Code  Gb  Commands.o [2]
UsageFault_Handler       0x800'3921    0x2  Code  Gb  stm32l1xx_it.o [2]
WWDG_IRQHandler          0x800'3c09         Code  Wk  startup_stm32l151xb.o [1]
_LocaleC_islower         0x800'1b29    0x4  Code  Gb  xlocale_c.o [5]
_LocaleC_toupper         0x800'1b37    0xc  Code  Gb  xlocale_c.o [5]
__NVIC_EnableIRQ         0x800'1bb5   0x1e  Code  Lc  gpio.o [2]
__NVIC_EnableIRQ         0x800'196d   0x1e  Code  Lc  SPI1.o [2]
__NVIC_EnableIRQ         0x800'0cb9   0x1e  Code  Lc  stm32l1xx_hal_cortex.o [4]
__NVIC_GetPriorityGrouping
                         0x800'0caf    0xa  Code  Lc  stm32l1xx_hal_cortex.o [4]
__NVIC_SetPriority       0x800'1bd3   0x2c  Code  Lc  gpio.o [2]
__NVIC_SetPriority       0x800'198b   0x2c  Code  Lc  SPI1.o [2]
__NVIC_SetPriority       0x800'0cd7   0x2c  Code  Lc  stm32l1xx_hal_cortex.o [4]
__NVIC_SetPriorityGrouping
                         0x800'0c8d   0x22  Code  Lc  stm32l1xx_hal_cortex.o [4]
__NVIC_SystemReset       0x800'0d43   0x1a  Code  Lc  stm32l1xx_hal_cortex.o [4]
__aeabi_ldiv0            0x800'3629         Code  Gb  I64DivZer.o [6]
__aeabi_memcpy           0x800'0add         Code  Gb  ABImemcpy.o [6]
__aeabi_memcpy4          0x800'0afd         Code  Gb  ABImemcpy.o [6]
__aeabi_memcpy8          0x800'0afd         Code  Gb  ABImemcpy.o [6]
__aeabi_memset           0x800'1b4d         Code  Gb  ABImemset.o [6]
__aeabi_uldivmod         0x800'2ce5         Code  Gb  I64DivMod.o [6]
__cmain                  0x800'3a59         Code  Gb  cmain.o [6]
__exit                   0x800'3a8d   0x14  Code  Gb  exit.o [7]
__iar_Memset             0x800'1b4d         Code  Gb  ABImemset.o [6]
__iar_Memset_word        0x800'1b55         Code  Gb  ABImemset.o [6]
__iar_data_init3         0x800'398d   0x28  Code  Gb  data_init.o [6]
__iar_globLocale        0x2000'0070   0x48  Data  Lc  xlocale_c.o [5]
__iar_global_Locale      0x800'1b43    0x4  Code  Gb  xlocale_c.o [5]
__iar_packbits_init_single3
                         0x800'0b83   0x3a  Code  Gb  packbits_init_single.o [6]
__iar_program_start      0x800'3abd         Code  Gb  cstartup_M.o [6]
__iar_zero_init3         0x800'38e1   0x38  Code  Gb  zero_init3.o [6]
__low_level_init         0x800'3a77    0x4  Code  Gb  low_level_init.o [5]
__vector_table           0x800'0000         Data  Gb  startup_stm32l151xb.o [1]
_call_main               0x800'3a65         Code  Gb  cmain.o [6]
_exit                    0x800'3a81         Code  Gb  cexit.o [6]
auto_send               0x2000'02ae    0x1  Data  Gb  main.o [2]
button_state            0x2000'02b0    0x1  Data  Gb  main.o [2]
counter_for_button      0x2000'02a0    0x4  Data  Gb  main.o [2]
dec2hex                  0x800'012f   0x3e  Code  Gb  Commands.o [2]
dec2str                  0x800'01cf   0x54  Code  Gb  Commands.o [2]
exit                     0x800'3a7b    0x4  Code  Gb  exit.o [5]
exti_config              0x800'1c99   0x74  Code  Gb  gpio.o [2]
flag_press_button       0x2000'02ab    0x1  Data  Gb  main.o [2]
flag_uart_receiver      0x2000'02ad    0x1  Data  Gb  main.o [2]
hex2dec                  0x800'016d   0x62  Code  Gb  Commands.o [2]
htim10                  0x2000'0260   0x40  Data  Gb  tim.o [2]
huart2                  0x2000'021c   0x44  Data  Gb  usart.o [2]
main                     0x800'27fd   0xe0  Code  Gb  main.o [2]
memset                   0x800'2a9d   0x14  Code  Gb  memset.o [6]
num_of_bytes            0x2000'02af    0x1  Data  Gb  main.o [2]
receiver_answer         0x2000'02ac    0x1  Data  Gb  main.o [2]
rx_buffer_len           0x2000'02aa    0x1  Data  Gb  main.o [2]
setendstr                0x800'0223   0x20  Code  Gb  Commands.o [2]
str_uart                0x2000'0000   0x64  Data  Gb  main.o [2]
str_uart_r              0x2000'01b8   0x64  Data  Gb  main.o [2]
strlen                   0x800'0c2d         Code  Gb  strlen.o [6]
strncmp                  0x800'0c63   0x2a  Code  Gb  strncmp.o [5]
strncpy                  0x800'0bbd         Code  Gb  strncpy.o [6]
strpbrk                  0x800'0ab9   0x1e  Code  Gb  strpbrk.o [5]
toUpper                  0x800'0243   0x1c  Code  Gb  Commands.o [2]
toupper                  0x800'0aa5   0x14  Code  Gb  toupper.o [5]
uwTick                  0x2000'02a4    0x4  Data  Gb  stm32l1xx_hal.o [4]
uwTickFreq              0x2000'0068    0x4  Data  Gb  stm32l1xx_hal.o [4]
uwTickPrio              0x2000'0064    0x4  Data  Gb  stm32l1xx_hal.o [4]


[1] = D:\Work\Programming\LORA\LORA SX1276\EWARM\STM32L151 LORA\Obj\Application\EWARM
[2] = D:\Work\Programming\LORA\LORA SX1276\EWARM\STM32L151 LORA\Obj\Application\User\Core
[3] = D:\Work\Programming\LORA\LORA SX1276\EWARM\STM32L151 LORA\Obj\Drivers\CMSIS
[4] = D:\Work\Programming\LORA\LORA SX1276\EWARM\STM32L151 LORA\Obj\Drivers\STM32L1xx_HAL_Driver
[5] = dl7M_tlf.a
[6] = rt7M_tl.a
[7] = shb_l.a

  14'412 bytes of readonly  code memory
   1'160 bytes of readonly  data memory
   1'713 bytes of readwrite data memory

Errors: none
Warnings: none
